Archive member included to satisfy reference by file (symbol)

C:/SiliconLabs/SimplicityStudio/v4/developer/sdks/gecko_sdk_suite/v1.0//protocol/bluetooth_2.3/lib/EFR32BG1B/GCC/bgapi.a(gecko_bgapi_hardware.c.obj)
                              ./main.o (gecko_bgapi_class_hardware_init)
C:/SiliconLabs/SimplicityStudio/v4/developer/sdks/gecko_sdk_suite/v1.0//protocol/bluetooth_2.3/lib/EFR32BG1B/GCC/bgapi.a(gecko_bgapi_test.c.obj)
                              ./main.o (gecko_bgapi_class_test_init)
C:/SiliconLabs/SimplicityStudio/v4/developer/sdks/gecko_sdk_suite/v1.0//protocol/bluetooth_2.3/lib/EFR32BG1B/GCC/bgapi.a(gecko_bgapi_util.c.obj)
                              ./main.o (gecko_bgapi_class_util_init)
C:/SiliconLabs/SimplicityStudio/v4/developer/sdks/gecko_sdk_suite/v1.0//protocol/bluetooth_2.3/lib/EFR32BG1B/GCC/bgapi.a(gecko_bgapi_dfu.c.obj)
                              ./main.o (gecko_bgapi_class_dfu_init)
C:/SiliconLabs/SimplicityStudio/v4/developer/sdks/gecko_sdk_suite/v1.0//protocol/bluetooth_2.3/lib/EFR32BG1B/GCC/bgapi.a(gecko_bgapi_gap.c.obj)
                              ./main.o (gecko_bgapi_class_le_gap_init)
C:/SiliconLabs/SimplicityStudio/v4/developer/sdks/gecko_sdk_suite/v1.0//protocol/bluetooth_2.3/lib/EFR32BG1B/GCC/bgapi.a(gecko_bgapi_gatt.c.obj)
                              ./main.o (gecko_bgapi_class_gatt_init)
C:/SiliconLabs/SimplicityStudio/v4/developer/sdks/gecko_sdk_suite/v1.0//protocol/bluetooth_2.3/lib/EFR32BG1B/GCC/bgapi.a(gecko_bgapi_gatt_server.c.obj)
                              ./main.o (gecko_bgapi_class_gatt_server_init)
C:/SiliconLabs/SimplicityStudio/v4/developer/sdks/gecko_sdk_suite/v1.0//protocol/bluetooth_2.3/lib/EFR32BG1B/GCC/bgapi.a(gecko_bgapi_flash.c.obj)
                              ./main.o (gecko_bgapi_class_flash_init)
C:/SiliconLabs/SimplicityStudio/v4/developer/sdks/gecko_sdk_suite/v1.0//protocol/bluetooth_2.3/lib/EFR32BG1B/GCC/bgapi.a(gecko_bgapi_sm.c.obj)
                              ./main.o (gecko_bgapi_class_sm_init)
C:/SiliconLabs/SimplicityStudio/v4/developer/sdks/gecko_sdk_suite/v1.0//protocol/bluetooth_2.3/lib/EFR32BG1B/GCC/bgapi.a(gecko_bgapi_system.c.obj)
                              ./main.o (gecko_bgapi_class_system_init)
C:/SiliconLabs/SimplicityStudio/v4/developer/sdks/gecko_sdk_suite/v1.0//protocol/bluetooth_2.3/lib/EFR32BG1B/GCC/bgapi.a(gecko_bgapi_endpoint.c.obj)
                              ./main.o (gecko_bgapi_class_endpoint_init)
C:/SiliconLabs/SimplicityStudio/v4/developer/sdks/gecko_sdk_suite/v1.0//protocol/bluetooth_2.3/lib/EFR32BG1B/GCC/bgapi.a(gecko_bgapi_le_connection.c.obj)
                              ./main.o (gecko_bgapi_class_le_connection_init)
C:/SiliconLabs/SimplicityStudio/v4/developer/sdks/gecko_sdk_suite/v1.0//protocol/bluetooth_2.3/lib/EFR32BG1B/GCC/bgapi.a(bgapi_hardware_lib.c.obj)
                              C:/SiliconLabs/SimplicityStudio/v4/developer/sdks/gecko_sdk_suite/v1.0//protocol/bluetooth_2.3/lib/EFR32BG1B/GCC/bgapi.a(gecko_bgapi_hardware.c.obj) (gecko_cmd_hardware_read_i2c)
C:/SiliconLabs/SimplicityStudio/v4/developer/sdks/gecko_sdk_suite/v1.0//protocol/bluetooth_2.3/lib/EFR32BG1B/GCC/bgapi.a(bgapi_hardware.c.obj)
                              C:/SiliconLabs/SimplicityStudio/v4/developer/sdks/gecko_sdk_suite/v1.0//protocol/bluetooth_2.3/lib/EFR32BG1B/GCC/bgapi.a(gecko_bgapi_hardware.c.obj) (lib_hardware_handler_init)
C:/SiliconLabs/SimplicityStudio/v4/developer/sdks/gecko_sdk_suite/v1.0//protocol/bluetooth_2.3/lib/EFR32BG1B/GCC/bgapi.a(bgapi_test_lib.c.obj)
                              C:/SiliconLabs/SimplicityStudio/v4/developer/sdks/gecko_sdk_suite/v1.0//protocol/bluetooth_2.3/lib/EFR32BG1B/GCC/bgapi.a(gecko_bgapi_test.c.obj) (lib_test_handler_init)
C:/SiliconLabs/SimplicityStudio/v4/developer/sdks/gecko_sdk_suite/v1.0//protocol/bluetooth_2.3/lib/EFR32BG1B/GCC/bgapi.a(bgapi_util.c.obj)
                              C:/SiliconLabs/SimplicityStudio/v4/developer/sdks/gecko_sdk_suite/v1.0//protocol/bluetooth_2.3/lib/EFR32BG1B/GCC/bgapi.a(gecko_bgapi_util.c.obj) (lib_util_handler_init)
C:/SiliconLabs/SimplicityStudio/v4/developer/sdks/gecko_sdk_suite/v1.0//protocol/bluetooth_2.3/lib/EFR32BG1B/GCC/bgapi.a(bgapi_dfu.c.obj)
                              C:/SiliconLabs/SimplicityStudio/v4/developer/sdks/gecko_sdk_suite/v1.0//protocol/bluetooth_2.3/lib/EFR32BG1B/GCC/bgapi.a(gecko_bgapi_dfu.c.obj) (lib_dfu_handler_init)
C:/SiliconLabs/SimplicityStudio/v4/developer/sdks/gecko_sdk_suite/v1.0//protocol/bluetooth_2.3/lib/EFR32BG1B/GCC/bgapi.a(bgapi_gap.c.obj)
                              C:/SiliconLabs/SimplicityStudio/v4/developer/sdks/gecko_sdk_suite/v1.0//protocol/bluetooth_2.3/lib/EFR32BG1B/GCC/bgapi.a(gecko_bgapi_gap.c.obj) (lib_le_gap_handler_init)
C:/SiliconLabs/SimplicityStudio/v4/developer/sdks/gecko_sdk_suite/v1.0//protocol/bluetooth_2.3/lib/EFR32BG1B/GCC/bgapi.a(bgapi_gatt_lib.c.obj)
[...]
Memory Configuration

Name             Origin             Length             Attributes
FLASH            0x00000000         0x0003f000         xr
RAM              0x20003000         0x00004bfc         xrw
*default*        0x00000000         0xffffffff

Linker script and memory map

LOAD c:/program files (x86)/gnu tools arm embedded/5.4 2016q2/bin/../lib/gcc/arm-none-eabi/5.4.1/armv7e-m/softfp/crti.o
LOAD c:/program files (x86)/gnu tools arm embedded/5.4 2016q2/bin/../lib/gcc/arm-none-eabi/5.4.1/armv7e-m/softfp/crtbegin.o
LOAD c:/program files (x86)/gnu tools arm embedded/5.4 2016q2/bin/../lib/gcc/arm-none-eabi/5.4.1/../../../../arm-none-eabi/lib/armv7e-m/softfp/crt0.o
LOAD ./application_properties.o
LOAD ./ble-callback-stubs.o
LOAD ./ble-callbacks.o
LOAD ./bsp_trace.o
LOAD ./display.o
LOAD ./displayls013b7dh03.o
LOAD ./displaypalemlib.o
LOAD ./gatt_db.o
LOAD ./main.o
LOAD ./retargetio.o
LOAD ./retargettextdisplay.o
LOAD ./textdisplay.o
LOAD ./bgapi/dmadrv.o
LOAD ./bgapi/em_adc.o
LOAD ./bgapi/em_ldma.o
LOAD ./bgapi/em_leuart.o
LOAD ./device/EFR32_B_1_1_B/gcc/startup_efr32bg1b.o
LOAD ./emlib/em_aes.o
LOAD ./emlib/em_assert.o
LOAD ./emlib/em_cmu.o
LOAD ./emlib/em_cryotimer.o
LOAD ./emlib/em_crypto.o
LOAD ./emlib/em_gpio.o
LOAD ./emlib/em_i2c.o
LOAD ./emlib/em_lcd.o
LOAD ./emlib/em_msc.o
LOAD ./emlib/em_prs.o
LOAD ./emlib/em_rtcc.o
LOAD ./emlib/em_system.o
LOAD ./emlib/em_usart.o
LOAD ./kit/BRD4302A/bsp_bcc.o
LOAD ./kit/BRD4302A/bsp_stk.o
LOAD ./kit/BRD4302A/bsp_stk_leds.o
LOAD ./kit/BRD4302A/i2cspm.o
LOAD ./kit/BRD4302A/si7013.o
LOAD ./kit/BRD4302A/tempsens.o
LOAD ./kit/BRD4302A/udelay.o
LOAD ./kit_flashpwr/BRD4302A/mx25flash_spi.o
LOAD ./src/InitDevice.o
LOAD C:/SiliconLabs/SimplicityStudio/v4/developer/sdks/gecko_sdk_suite/v1.0//protocol/bluetooth_2.3/lib/EFR32BG1B/GCC/bgapi.a
LOAD C:/SiliconLabs/SimplicityStudio/v4/developer/sdks/gecko_sdk_suite/v1.0//protocol/bluetooth_2.3/lib/EFR32BG1B/EABI/binbootloader.o
LOAD C:/SiliconLabs/SimplicityStudio/v4/developer/sdks/gecko_sdk_suite/v1.0//protocol/bluetooth_2.3/lib/EFR32BG1B/EABI/stack.a
LOAD C:/SiliconLabs/SimplicityStudio/v4/developer/sdks/gecko_sdk_suite/v1.0//protocol/bluetooth_2.3/lib/EFR32BG1B/EABI/binstack.o
LOAD c:/program files (x86)/gnu tools arm embedded/5.4 2016q2/bin/../lib/gcc/arm-none-eabi/5.4.1/../../../../arm-none-eabi/lib/armv7e-m/softfp\libm.a
START GROUP
LOAD c:/program files (x86)/gnu tools arm embedded/5.4 2016q2/bin/../lib/gcc/arm-none-eabi/5.4.1/armv7e-m/softfp\libgcc.a
LOAD c:/program files (x86)/gnu tools arm embedded/5.4 2016q2/bin/../lib/gcc/arm-none-eabi/5.4.1/../../../../arm-none-eabi/lib/armv7e-m/softfp\libc.a
LOAD c:/program files (x86)/gnu tools arm embedded/5.4 2016q2/bin/../lib/gcc/arm-none-eabi/5.4.1/../../../../arm-none-eabi/lib/armv7e-m/softfp\libnosys.a
END GROUP
START GROUP
LOAD c:/program files (x86)/gnu tools arm embedded/5.4 2016q2/bin/../lib/gcc/arm-none-eabi/5.4.1/armv7e-m/softfp\libgcc.a
LOAD c:/program files (x86)/gnu tools arm embedded/5.4 2016q2/bin/../lib/gcc/arm-none-eabi/5.4.1/../../../../arm-none-eabi/lib/armv7e-m/softfp\libg.a
LOAD c:/program files (x86)/gnu tools arm embedded/5.4 2016q2/bin/../lib/gcc/arm-none-eabi/5.4.1/../../../../arm-none-eabi/lib/armv7e-m/softfp\libc.a
END GROUP
LOAD c:/program files (x86)/gnu tools arm embedded/5.4 2016q2/bin/../lib/gcc/arm-none-eabi/5.4.1/armv7e-m/softfp/crtend.o
LOAD c:/program files (x86)/gnu tools arm embedded/5.4 2016q2/bin/../lib/gcc/arm-none-eabi/5.4.1/armv7e-m/softfp/crtn.o

.text_bootloader
                0x00000000     0x4000
 *(.binbootloader*)
 .binbootloader
                0x00000000      0x31c C:/SiliconLabs/SimplicityStudio/v4/developer/sdks/gecko_sdk_suite/v1.0//protocol/bluetooth_2.3/lib/EFR32BG1B/EABI/binbootloader.o
                0x00004000                . = ALIGN (0x4000)
 *fill*         0x0000031c     0x3ce4 

.text_stack_bin
                0x00004000    0x1d000
 *(.binstack*)
 .binstack      0x00004000    0x1cc10 C:/SiliconLabs/SimplicityStudio/v4/developer/sdks/gecko_sdk_suite/v1.0//protocol/bluetooth_2.3/lib/EFR32BG1B/EABI/binstack.o
                0x00021000                . = ALIGN (0x800)
 *fill*         0x00020c10      0x3f0 
                0x00021000                __text_start__ = .

.text_app       0x00021000     0xefe4
 *(.AAT)
 .AAT           0x00021000       0x80 ./main.o
                0x00021000                AppAddressTable
 *(.vectors)
 .vectors       0x00021080       0xc8 ./device/EFR32_B_1_1_B/gcc/startup_efr32bg1b.o
                0x00021080                __Vectors
                0x00021148                __Vectors_End = .
                0x000000c8                __Vectors_Size = (__Vectors_End - __Vectors)
                0x00021148                __end__ = .
 *(.gecko_configuration)
 *(.xo_configuration)
 *(.gatt_header)
 .gatt_header   0x00021148       0x30 ./gatt_db.o
                0x00021148                bg_gattdb_data
 *(.gatt_data)
 .gatt_data     0x00021178      0x31c ./gatt_db.o
                0x00021178                bg_gattdb_data_uuidtable_16_map
                0x00021190                bg_gattdb_data_uuidtable_128_map
                0x00021200                bg_gattdb_data_attribute_field_24
                0x0002121c                bg_gattdb_data_attribute_field_23
                0x00021234                bg_gattdb_data_attribute_field_22
                0x00021248                bg_gattdb_data_attribute_field_21
                0x00021250                bg_gattdb_data_attribute_field_20
                0x00021268                bg_gattdb_data_attribute_field_18
                0x00021270                bg_gattdb_data_attribute_field_17
                0x00021288                bg_gattdb_data_attribute_field_16
                0x0002129c                bg_gattdb_data_attribute_field_15
                0x000212ac                bg_gattdb_data_attribute_field_14
                0x000212c4                bg_gattdb_data_attribute_field_13
                0x000212d4                bg_gattdb_data_attribute_field_12
                0x000212ec                bg_gattdb_data_attribute_field_11
                0x0002130c                bg_gattdb_data_attribute_field_10
                0x00021314                bg_gattdb_data_attribute_field_9
                0x00021318                bg_gattdb_data_attribute_field_8
                0x0002131c                bg_gattdb_data_attribute_field_7
                0x00021324                bg_gattdb_data_attribute_field_6
                0x0002132c                bg_gattdb_data_attribute_field_5
                0x00021334                bg_gattdb_data_attribute_field_4
                0x00021338                bg_gattdb_data_attribute_field_2
                0x00021340                bg_gattdb_data_attribute_field_1
                0x00021348                bg_gattdb_data_attribute_field_0
                0x0002134c                bg_gattdb_data_attributes_map
                0x00021478                bg_gattdb_data_attributes_dynamic_mapping_map
                0x00021480                bg_gattdb_data_adv_uuid16_map
                0x00021484                bg_gattdb_data_adv_uuid128_map
 *(.text*)
 .text          0x00021494       0x5c c:/program files (x86)/gnu tools arm embedded/5.4 2016q2/bin/../lib/gcc/arm-none-eabi/5.4.1/armv7e-m/softfp/crtbegin.o
 .text          0x000214f0       0x74 c:/program files (x86)/gnu tools arm embedded/5.4 2016q2/bin/../lib/gcc/arm-none-eabi/5.4.1/../../../../arm-none-eabi/lib/armv7e-m/softfp/crt0.o
                0x000214f0                _start
                0x000214f0                _mainCRTStartup
 .text.BSP_TraceSwoSetup
                0x00021564      0x11c ./bsp_trace.o
                0x00021564                BSP_TraceSwoSetup
 .text.BSP_TraceProfilerSetup
                0x00021680       0x28 ./bsp_trace.o
                0x00021680                BSP_TraceProfilerSetup
 .text.DISPLAY_Init
                0x000216a8       0x54 ./display.o
                0x000216a8                DISPLAY_Init
 .text.DISPLAY_DeviceRegister
                0x000216fc       0x6c ./display.o
                0x000216fc                DISPLAY_DeviceRegister
 .text.DISPLAY_Ls013b7dh03Init
                0x00021768       0xd8 ./displayls013b7dh03.o
                0x00021768                DISPLAY_Ls013b7dh03Init
 .text.DriverRefresh
                0x00021840       0x20 ./displayls013b7dh03.o
 .text.DisplayEnable
                0x00021860       0x30 ./displayls013b7dh03.o
 .text.DisplayClear
                0x00021890       0x48 ./displayls013b7dh03.o
 .text.PixelMatrixAllocate
                0x000218d8       0x70 ./displayls013b7dh03.o
 .text.PixelMatrixFree
                0x00021948       0x1c ./displayls013b7dh03.o
 .text.PixelMatrixClear
                0x00021964       0x40 ./displayls013b7dh03.o
 .text.PixelMatrixDraw
                0x000219a4       0xb8 ./displayls013b7dh03.o
 .text.BUS_RegBitWrite
                0x00021a5c       0x30 ./displaypalemlib.o
 .text.GPIO_PinOutClear
                0x00021a8c       0x54 ./displaypalemlib.o
 .text.GPIO_PinOutSet
                0x00021ae0       0x54 ./displaypalemlib.o
 .text.RTCC_ChannelCCVSet
                0x00021b34       0x2c ./displaypalemlib.o
 .text.PAL_SpiInit
                0x00021b60       0x64 ./displaypalemlib.o
                0x00021b60                PAL_SpiInit
 .text.PAL_SpiTransmit
                0x00021bc4       0x74 ./displaypalemlib.o
                0x00021bc4                PAL_SpiTransmit
 .text.PAL_TimerInit
                0x00021c38       0x18 ./displaypalemlib.o
                0x00021c38                PAL_TimerInit
 .text.PAL_TimerMicroSecondsDelay
                0x00021c50       0x1c ./displaypalemlib.o
                0x00021c50                PAL_TimerMicroSecondsDelay
 .text.PAL_GpioInit
                0x00021c6c       0x20 ./displaypalemlib.o
                0x00021c6c                PAL_GpioInit
 .text.PAL_GpioPinModeSet
                0x00021c8c       0x3c ./displaypalemlib.o
                0x00021c8c                PAL_GpioPinModeSet
 .text.PAL_GpioPinOutSet
                0x00021cc8       0x20 ./displaypalemlib.o
                0x00021cc8                PAL_GpioPinOutSet
 .text.PAL_GpioPinOutClear
                0x00021ce8       0x20 ./displaypalemlib.o
                0x00021ce8                PAL_GpioPinOutClear
 .text.PAL_GpioPinAutoToggle
                0x00021d08       0x6c ./displaypalemlib.o
                0x00021d08                PAL_GpioPinAutoToggle
 .text.palClockSetup
                0x00021d74       0x24 ./displaypalemlib.o
 .text.rtccSetup
                0x00021d98       0xb0 ./displaypalemlib.o
 .text.gecko_init
                0x00021e48       0x48 ./main.o
 .text.gecko_cmd_le_gap_set_mode
                0x00021e90       0x58 ./main.o
 .text.gecko_cmd_le_gap_set_adv_parameters
                0x00021ee8       0x60 ./main.o
 .text.gecko_cmd_gatt_server_write_attribute_value
                0x00021f48       0x94 ./main.o
 .text.gecko_cmd_hardware_set_soft_timer
                0x00021fdc       0x60 ./main.o
 .text.NVIC_EnableIRQ
                0x0002203c       0x30 ./main.o
 .text.NVIC_ClearPendingIRQ
                0x0002206c       0x30 ./main.o
 .text.GPIO_PinOutToggle
                0x0002209c       0x58 ./main.o
 .text.Setup_LEUART0
                0x000220f4       0xbc ./main.o
                0x000220f4                Setup_LEUART0
 .text.Setup_LEUART_Rx
                0x000221b0       0x2c ./main.o
                0x000221b0                Setup_LEUART_Rx
 .text.Setup_LEUART_Tx
                0x000221dc       0x2c ./main.o
                0x000221dc                Setup_LEUART_Tx
 .text.Send_Encrypted_to_LG
                0x00022208       0x8c ./main.o
                0x00022208                Send_Encrypted_to_LG
 .text.create_packet_to_LG
                0x00022294       0x34 ./main.o
                0x00022294                create_packet_to_LG
 .text.LEUART0_IRQHandler
                0x000222c8      0x238 ./main.o
                0x000222c8                LEUART0_IRQHandler
 .text.Setup_CRYPTO
                0x00022500       0x34 ./main.o
                0x00022500                Setup_CRYPTO
 .text.main     0x00022534      0x180 ./main.o
                0x00022534                main
 .text._close   0x000226b4       0x18 ./retargetio.o
                0x000226b4                _close
 .text._exit    0x000226cc        0xc ./retargetio.o
                0x000226cc                _exit
 .text._fstat   0x000226d8       0x20 ./retargetio.o
                0x000226d8                _fstat
 .text._isatty  0x000226f8       0x18 ./retargetio.o
                0x000226f8                _isatty
 .text._lseek   0x00022710       0x1c ./retargetio.o
                0x00022710                _lseek
 .text._read    0x0002272c       0x58 ./retargetio.o
                0x0002272c                _read
 .text._sbrk    0x00022784       0x7c ./retargetio.o
                0x00022784                _sbrk
 .text._write   0x00022800       0x38 ./retargetio.o
                0x00022800                _write
 .text.RETARGET_ReadChar
                0x00022838       0x14 ./retargettextdisplay.o
                0x00022838                RETARGET_ReadChar
 .text.RETARGET_WriteChar
                0x0002284c       0x34 ./retargettextdisplay.o
                0x0002284c                RETARGET_WriteChar
 .text.TEXTDISPLAY_WriteChar
                0x00022880       0xd8 ./textdisplay.o
                0x00022880                TEXTDISPLAY_WriteChar
 .text.TextdisplayClear
                0x00022958       0x44 ./textdisplay.o
 .text.TextdisplayScrollUp
                0x0002299c       0x84 ./textdisplay.o
 .text.TextdisplayEscapeSequence
                0x00022a20      0x1a4 ./textdisplay.o
 .text.TextdisplayCharAdd
                0x00022bc4      0x14c ./textdisplay.o
 .text.TextdisplayLineDraw
                0x00022d10      0x1d0 ./textdisplay.o
 .text.TextdisplayUpdate
                0x00022ee0      0x104 ./textdisplay.o
 .text.DMADRV_AllocateChannel
                0x00022fe4       0xb4 ./bgapi/dmadrv.o
                0x00022fe4                DMADRV_AllocateChannel
 .text.DMADRV_Init
                0x00023098       0x84 ./bgapi/dmadrv.o
                0x00023098                DMADRV_Init
 .text.DMADRV_MemoryPeripheral
                0x0002311c       0x44 ./bgapi/dmadrv.o
                0x0002311c                DMADRV_MemoryPeripheral
 .text.DMADRV_PeripheralMemory
                0x00023160       0x44 ./bgapi/dmadrv.o
                0x00023160                DMADRV_PeripheralMemory
 .text.DMADRV_StopTransfer
                0x000231a4       0x6c ./bgapi/dmadrv.o
                0x000231a4                DMADRV_StopTransfer
 .text.DMADRV_TransferRemainingCount
                0x00023210       0x7c ./bgapi/dmadrv.o
                0x00023210                DMADRV_TransferRemainingCount
 .text.StartTransfer
                0x0002328c      0x218 ./bgapi/dmadrv.o
 .text.ADC_IntClear
                0x000234a4       0x1c ./bgapi/em_adc.o
 .text.BUS_RegBitWrite
                0x000234c0       0x30 ./bgapi/em_adc.o
 .text.BUS_RegMaskedSet
                0x000234f0       0x24 ./bgapi/em_adc.o
 .text.BUS_RegMaskedClear
                0x00023514       0x24 ./bgapi/em_adc.o
 .text.BUS_RegMaskedWrite
                0x00023538       0x24 ./bgapi/em_adc.o
 .text.ADC_LoadDevinfoCal
                0x0002355c      0x190 ./bgapi/em_adc.o
 .text.ADC_Init
                0x000236ec       0x90 ./bgapi/em_adc.o
                0x000236ec                ADC_Init
 .text.ADC_InitSingle
                0x0002377c      0x150 ./bgapi/em_adc.o
                0x0002377c                ADC_InitSingle
 .text.ADC_PrescaleCalc
                0x000238cc       0x64 ./bgapi/em_adc.o
                0x000238cc                ADC_PrescaleCalc
 .text.NVIC_EnableIRQ
                0x00023930       0x30 ./bgapi/em_ldma.o
 .text.NVIC_ClearPendingIRQ
                0x00023960       0x30 ./bgapi/em_ldma.o
 .text.NVIC_SetPriority
                0x00023990       0x50 ./bgapi/em_ldma.o
 .text.BUS_RegMaskedClear
                0x000239e0       0x24 ./bgapi/em_ldma.o
 .text.LDMA_Init
                0x00023a04       0x74 ./bgapi/em_ldma.o
                0x00023a04                LDMA_Init
 .text.LDMA_StartTransfer
                0x00023a78      0x154 ./bgapi/em_ldma.o
                0x00023a78                LDMA_StartTransfer
 .text.LDMA_StopTransfer
                0x00023bcc       0x44 ./bgapi/em_ldma.o
                0x00023bcc                LDMA_StopTransfer
 .text.LDMA_TransferRemainingCount
                0x00023c10       0x80 ./bgapi/em_ldma.o
                0x00023c10                LDMA_TransferRemainingCount
 .text.LEUART_Sync
                0x00023c90       0x34 ./bgapi/em_leuart.o
 .text.LEUART_BaudrateSet
                0x00023cc4       0x6c ./bgapi/em_leuart.o
                0x00023cc4                LEUART_BaudrateSet
 .text.LEUART_Enable
                0x00023d30       0x3c ./bgapi/em_leuart.o
                0x00023d30                LEUART_Enable
 .text.LEUART_FreezeEnable
                0x00023d6c       0x38 ./bgapi/em_leuart.o
                0x00023d6c                LEUART_FreezeEnable
 .text.LEUART_Init
                0x00023da4       0x68 ./bgapi/em_leuart.o
                0x00023da4                LEUART_Init
 .text.Reset_Handler
                0x00023e0c       0x38 ./device/EFR32_B_1_1_B/gcc/startup_efr32bg1b.o
                0x00023e0c                Reset_Handler
 .text.Default_Handler
                0x00023e44        0x8 ./device/EFR32_B_1_1_B/gcc/startup_efr32bg1b.o
                0x00023e44                DebugMon_Handler
                0x00023e44                USART0_TX_IRQHandler
                0x00023e44                I2C0_IRQHandler
                0x00023e44                HardFault_Handler
                0x00023e44                SysTick_Handler
                0x00023e44                USART1_RX_IRQHandler
                0x00023e44                PendSV_Handler
                0x00023e44                NMI_Handler
                0x00023e44                SYNTH_IRQHandler
                0x00023e44                WDOG0_IRQHandler
                0x00023e44                USART1_TX_IRQHandler
                0x00023e44                MSC_IRQHandler
                0x00023e44                ADC0_IRQHandler
                0x00023e44                UsageFault_Handler
                0x00023e44                FPUEH_IRQHandler
                0x00023e44                GPIO_EVEN_IRQHandler
                0x00023e44                LDMA_IRQHandler
                0x00023e44                TIMER0_IRQHandler
                0x00023e44                LETIMER0_IRQHandler
                0x00023e44                TIMER1_IRQHandler
                0x00023e44                RFSENSE_IRQHandler
                0x00023e44                BUFC_IRQHandler
                0x00023e44                MODEM_IRQHandler
                0x00023e44                Default_Handler
                0x00023e44                RAC_SEQ_IRQHandler
                0x00023e44                FRC_PRI_IRQHandler
                0x00023e44                FRC_IRQHandler
                0x00023e44                CRYOTIMER_IRQHandler
                0x00023e44                PCNT0_IRQHandler
                0x00023e44                AGC_IRQHandler
                0x00023e44                ACMP0_IRQHandler
                0x00023e44                USART0_RX_IRQHandler
                0x00023e44                MemManage_Handler
                0x00023e44                SVC_Handler
                0x00023e44                RTCC_IRQHandler
                0x00023e44                CRYPTO_IRQHandler
                0x00023e44                CMU_IRQHandler
                0x00023e44                RAC_RSM_IRQHandler
                0x00023e44                GPIO_ODD_IRQHandler
                0x00023e44                PROTIMER_IRQHandler
                0x00023e44                BusFault_Handler
                0x00023e44                IDAC0_IRQHandler
 .text.BUS_RegBitWrite
                0x00023e4c       0x30 ./emlib/em_cmu.o
 .text.BUS_RegBitRead
                0x00023e7c       0x2c ./emlib/em_cmu.o
 .text.BUS_RegMaskedSet
                0x00023ea8       0x24 ./emlib/em_cmu.o
 .text.BUS_RegMaskedClear
                0x00023ecc       0x24 ./emlib/em_cmu.o
 .text.BUS_RegMaskedWrite
                0x00023ef0       0x24 ./emlib/em_cmu.o
 .text.BUS_RegMaskedRead
                0x00023f14       0x20 ./emlib/em_cmu.o
 .text.CMU_Log2ToDiv
                0x00023f34       0x1c ./emlib/em_cmu.o
 .text.CMU_PrescToLog2
                0x00023f50       0x28 ./emlib/em_cmu.o
 .text.setHfLeConfig
                0x00023f78       0x40 ./emlib/em_cmu.o
 .text.getHfLeConfig
                0x00023fb8       0x2c ./emlib/em_cmu.o
 .text.auxClkGet
                0x00023fe4       0x20 ./emlib/em_cmu.o
 .text.dbgClkGet
                0x00024004       0x3c ./emlib/em_cmu.o
 .text.flashWaitStateControl
                0x00024040       0x78 ./emlib/em_cmu.o
 .text.flashWaitStateMax
                0x000240b8       0x14 ./emlib/em_cmu.o
 .text.getRegIshUpperVal
                0x000240cc       0x38 ./emlib/em_cmu.o
 .text.lfClkGet
                0x00024104       0xe8 ./emlib/em_cmu.o
 .text.syncReg  0x000241ec       0x38 ./emlib/em_cmu.o
 .text.CMU_ClockDivGet
                0x00024224       0x1c ./emlib/em_cmu.o
                0x00024224                CMU_ClockDivGet
 .text.CMU_ClockDivSet
                0x00024240       0x20 ./emlib/em_cmu.o
                0x00024240                CMU_ClockDivSet
 .text.CMU_ClockEnable
                0x00024260       0xcc ./emlib/em_cmu.o
                0x00024260                CMU_ClockEnable
 .text.CMU_ClockFreqGet
                0x0002432c      0x188 ./emlib/em_cmu.o
                0x0002432c                CMU_ClockFreqGet
 .text.CMU_ClockPrescGet
                0x000244b4      0x120 ./emlib/em_cmu.o
                0x000244b4                CMU_ClockPrescGet
 .text.CMU_ClockPrescSet
                0x000245d4      0x1e8 ./emlib/em_cmu.o
                0x000245d4                CMU_ClockPrescSet
 .text.CMU_ClockSelectGet
                0x000247bc      0x14c ./emlib/em_cmu.o
                0x000247bc                CMU_ClockSelectGet
 .text.CMU_ClockSelectSet
                0x00024908      0x1c4 ./emlib/em_cmu.o
                0x00024908                CMU_ClockSelectSet
 .text.CMU_HFXOInit
                0x00024acc      0x110 ./emlib/em_cmu.o
                0x00024acc                CMU_HFXOInit
 .text.CMU_LFXOInit
                0x00024bdc       0x54 ./emlib/em_cmu.o
                0x00024bdc                CMU_LFXOInit
 .text.CMU_OscillatorEnable
                0x00024c30      0x180 ./emlib/em_cmu.o
                0x00024c30                CMU_OscillatorEnable
 .text.CMU_OscillatorTuningGet
                0x00024db0       0x74 ./emlib/em_cmu.o
                0x00024db0                CMU_OscillatorTuningGet
 .text.CMU_OscillatorTuningSet
                0x00024e24       0xfc ./emlib/em_cmu.o
                0x00024e24                CMU_OscillatorTuningSet
 .text.CMU_OscillatorTuningWait
                0x00024f20       0x8c ./emlib/em_cmu.o
                0x00024f20                CMU_OscillatorTuningWait
 .text.CMU_OscillatorTuningOptimize
                0x00024fac       0x4c ./emlib/em_cmu.o
                0x00024fac                CMU_OscillatorTuningOptimize
 .text.BUS_RegBitWrite
                0x00024ff8       0x30 ./emlib/em_crypto.o
 .text.CRYPTO_BurstToCrypto
                0x00025028       0x38 ./emlib/em_crypto.o
 .text.CRYPTO_BurstFromCrypto
                0x00025060       0x3c ./emlib/em_crypto.o
 .text.CRYPTO_DataWrite
                0x0002509c       0x1c ./emlib/em_crypto.o
 .text.CRYPTO_DataRead
                0x000250b8       0x1c ./emlib/em_crypto.o
 .text.CRYPTO_DDataWrite
                0x000250d4       0x28 ./emlib/em_crypto.o
 .text.CRYPTO_KeyBufWrite
                0x000250fc       0x50 ./emlib/em_crypto.o
 .text.CRYPTO_AES_CBC128
                0x0002514c       0x3c ./emlib/em_crypto.o
                0x0002514c                CRYPTO_AES_CBC128
 .text.CRYPTO_AES_DecryptKey128
                0x00025188       0x40 ./emlib/em_crypto.o
                0x00025188                CRYPTO_AES_DecryptKey128
 .text.CRYPTO_AES_CBCx
                0x000251c8       0x98 ./emlib/em_crypto.o
 .text.CRYPTO_AES_ProcessLoop
                0x00025260       0x54 ./emlib/em_crypto.o
 .text.BUS_RegBitWrite
                0x000252b4       0x30 ./emlib/em_gpio.o
 .text.BUS_RegMaskedSet
                0x000252e4       0x24 ./emlib/em_gpio.o
 .text.BUS_RegMaskedClear
                0x00025308       0x24 ./emlib/em_gpio.o
 .text.BUS_RegMaskedWrite
                0x0002532c       0x24 ./emlib/em_gpio.o
 .text.GPIO_PinOutClear
                0x00025350       0x54 ./emlib/em_gpio.o
 .text.GPIO_PinOutSet
                0x000253a4       0x54 ./emlib/em_gpio.o
 .text.GPIO_DriveStrengthSet
                0x000253f8       0x60 ./emlib/em_gpio.o
                0x000253f8                GPIO_DriveStrengthSet
 .text.GPIO_PinModeSet
                0x00025458      0x10c ./emlib/em_gpio.o
                0x00025458                GPIO_PinModeSet
 .text.BUS_RegBitWrite
                0x00025564       0x30 ./emlib/em_i2c.o
 .text.BUS_RegMaskedSet
                0x00025594       0x24 ./emlib/em_i2c.o
 .text.BUS_RegMaskedClear
                0x000255b8       0x24 ./emlib/em_i2c.o
 .text.BUS_RegMaskedWrite
                0x000255dc       0x24 ./emlib/em_i2c.o
 .text.I2C_BusFreqSet
                0x00025600       0xfc ./emlib/em_i2c.o
                0x00025600                I2C_BusFreqSet
 .text.I2C_Init
                0x000256fc       0x5c ./emlib/em_i2c.o
                0x000256fc                I2C_Init
 .text.PRS_SourceAsyncSignalSet
                0x00025758       0x38 ./emlib/em_prs.o
                0x00025758                PRS_SourceAsyncSignalSet
 .text.BUS_RegBitWrite
                0x00025790       0x30 ./emlib/em_rtcc.o
 .text.RTCC_ChannelInit
                0x000257c0       0x5c ./emlib/em_rtcc.o
                0x000257c0                RTCC_ChannelInit
 .text.RTCC_Enable
                0x0002581c       0x24 ./emlib/em_rtcc.o
                0x0002581c                RTCC_Enable
 .text.RTCC_Init
                0x00025840       0x64 ./emlib/em_rtcc.o
                0x00025840                RTCC_Init
 .text.SYSTEM_ChipRevisionGet
                0x000258a4       0x74 ./emlib/em_system.o
                0x000258a4                SYSTEM_ChipRevisionGet
 .text.BUS_RegMaskedSet
                0x00025918       0x24 ./emlib/em_usart.o
 .text.BUS_RegMaskedClear
                0x0002593c       0x24 ./emlib/em_usart.o
 .text.BUS_RegMaskedWrite
                0x00025960       0x24 ./emlib/em_usart.o
 .text.USART_BaudrateAsyncSet
                0x00025984       0xb0 ./emlib/em_usart.o
                0x00025984                USART_BaudrateAsyncSet
 .text.USART_BaudrateCalc
                0x00025a34      0x114 ./emlib/em_usart.o
                0x00025a34                USART_BaudrateCalc
 .text.USART_BaudrateGet
                0x00025b48       0x4c ./emlib/em_usart.o
                0x00025b48                USART_BaudrateGet
 .text.USART_BaudrateSyncSet
                0x00025b94       0x54 ./emlib/em_usart.o
                0x00025b94                USART_BaudrateSyncSet
 .text.USART_Enable
                0x00025be8       0x4c ./emlib/em_usart.o
                0x00025be8                USART_Enable
 .text.USART_InitAsync
                0x00025c34       0xbc ./emlib/em_usart.o
                0x00025c34                USART_InitAsync
 .text.USART_InitSync
                0x00025cf0       0xec ./emlib/em_usart.o
                0x00025cf0                USART_InitSync
 .text.USART_Reset
                0x00025ddc       0x94 ./emlib/em_usart.o
                0x00025ddc                USART_Reset
 .text.USART_SpiTransfer
                0x00025e70       0x40 ./emlib/em_usart.o
                0x00025e70                USART_SpiTransfer
 .text.USART_Tx
                0x00025eb0       0x2c ./emlib/em_usart.o
                0x00025eb0                USART_Tx
 .text.USART_TxDouble
                0x00025edc       0x2c ./emlib/em_usart.o
                0x00025edc                USART_TxDouble
 .text.NVIC_ClearPendingIRQ
                0x00025f08       0x30 ./kit/BRD4302A/udelay.o
 .text.RTCC_CounterGet
                0x00025f38       0x18 ./kit/BRD4302A/udelay.o
 .text.UDELAY_Calibrate
                0x00025f50      0x190 ./kit/BRD4302A/udelay.o
                0x00025f50                UDELAY_Calibrate
 .text.UDELAY_Delay
                0x000260e0       0x3c ./kit/BRD4302A/udelay.o
                0x000260e0                UDELAY_Delay
 .text.calibrate_delay
                0x0002611c       0xdc ./kit/BRD4302A/udelay.o
 .text.clock    0x000261f8       0x10 ./kit/BRD4302A/udelay.o
 .text._delay   0x00026208       0x1c ./kit/BRD4302A/udelay.o
 .text.BUS_RegBitWrite
                0x00026224       0x30 ./kit_flashpwr/BRD4302A/mx25flash_spi.o
 .text.GPIO_PinOutClear
                0x00026254       0x54 ./kit_flashpwr/BRD4302A/mx25flash_spi.o
 .text.GPIO_PinOutSet
                0x000262a8       0x54 ./kit_flashpwr/BRD4302A/mx25flash_spi.o
 .text.MX25_init
                0x000262fc       0x9c ./kit_flashpwr/BRD4302A/mx25flash_spi.o
                0x000262fc                MX25_init
 .text.Wait_Flash_WarmUp
                0x00026398       0x28 ./kit_flashpwr/BRD4302A/mx25flash_spi.o
                0x00026398                Wait_Flash_WarmUp
 .text.Initial_Spi
                0x000263c0        0xc ./kit_flashpwr/BRD4302A/mx25flash_spi.o
                0x000263c0                Initial_Spi
 .text.CS_Low   0x000263cc       0x10 ./kit_flashpwr/BRD4302A/mx25flash_spi.o
                0x000263cc                CS_Low
 .text.CS_High  0x000263dc       0x10 ./kit_flashpwr/BRD4302A/mx25flash_spi.o
                0x000263dc                CS_High
 .text.SendByte
                0x000263ec       0x40 ./kit_flashpwr/BRD4302A/mx25flash_spi.o
                0x000263ec                SendByte
 .text.MX25_DP  0x0002642c       0x1c ./kit_flashpwr/BRD4302A/mx25flash_spi.o
                0x0002642c                MX25_DP
 .text.SYSTEM_GetProdRev
                0x00026448       0x20 ./src/InitDevice.o
 .text.CHIP_Init
                0x00026468       0xa8 ./src/InitDevice.o
 .text.enter_DefaultMode_from_RESET
                0x00026510       0x2c ./src/InitDevice.o
                0x00026510                enter_DefaultMode_from_RESET
 .text.EMU_enter_DefaultMode_from_RESET
                0x0002653c       0x50 ./src/InitDevice.o
                0x0002653c                EMU_enter_DefaultMode_from_RESET
 .text.LFXO_enter_DefaultMode_from_RESET
                0x0002658c       0x10 ./src/InitDevice.o
                0x0002658c                LFXO_enter_DefaultMode_from_RESET
 .text.CMU_enter_DefaultMode_from_RESET
                0x0002659c      0x124 ./src/InitDevice.o
                0x0002659c                CMU_enter_DefaultMode_from_RESET
 .text.RTCC_enter_DefaultMode_from_RESET
                0x000266c0       0x4c ./src/InitDevice.o
                0x000266c0                RTCC_enter_DefaultMode_from_RESET
 .text.GPCRC_enter_DefaultMode_from_RESET
                0x0002670c       0x10 ./src/InitDevice.o
                0x0002670c                GPCRC_enter_DefaultMode_from_RESET
 .text.LDMA_enter_DefaultMode_from_RESET
                0x0002671c       0x10 ./src/InitDevice.o
                0x0002671c                LDMA_enter_DefaultMode_from_RESET
 .text.PRS_enter_DefaultMode_from_RESET
                0x0002672c       0x24 ./src/InitDevice.o
                0x0002672c                PRS_enter_DefaultMode_from_RESET
 .text.PORTIO_enter_DefaultMode_from_RESET
                0x00026750       0x10 ./src/InitDevice.o
                0x00026750                PORTIO_enter_DefaultMode_from_RESET
 .text          0x00026760       0x60 C:/SiliconLabs/SimplicityStudio/v4/developer/sdks/gecko_sdk_suite/v1.0//protocol/bluetooth_2.3/lib/EFR32BG1B/GCC/bgapi.a(gecko_bgapi_hardware.c.obj)
                0x000267a8                gecko_bgapi_class_hardware_init
 .text          0x000267c0       0x60 C:/SiliconLabs/SimplicityStudio/v4/developer/sdks/gecko_sdk_suite/v1.0//protocol/bluetooth_2.3/lib/EFR32BG1B/GCC/bgapi.a(gecko_bgapi_test.c.obj)
                0x00026808                gecko_bgapi_class_test_init
 .text          0x00026820       0x60 C:/SiliconLabs/SimplicityStudio/v4/developer/sdks/gecko_sdk_suite/v1.0//protocol/bluetooth_2.3/lib/EFR32BG1B/GCC/bgapi.a(gecko_bgapi_util.c.obj)
                0x00026868                gecko_bgapi_class_util_init
 .text          0x00026880       0x60 C:/SiliconLabs/SimplicityStudio/v4/developer/sdks/gecko_sdk_suite/v1.0//protocol/bluetooth_2.3/lib/EFR32BG1B/GCC/bgapi.a(gecko_bgapi_dfu.c.obj)
                0x000268c8                gecko_bgapi_class_dfu_init
 .text          0x000268e0       0x60 C:/SiliconLabs/SimplicityStudio/v4/developer/sdks/gecko_sdk_suite/v1.0//protocol/bluetooth_2.3/lib/EFR32BG1B/GCC/bgapi.a(gecko_bgapi_gap.c.obj)
                0x00026928                gecko_bgapi_class_le_gap_init
 .text          0x00026940       0x60 C:/SiliconLabs/SimplicityStudio/v4/developer/sdks/gecko_sdk_suite/v1.0//protocol/bluetooth_2.3/lib/EFR32BG1B/GCC/bgapi.a(gecko_bgapi_gatt.c.obj)
                0x00026988                gecko_bgapi_class_gatt_init
 .text          0x000269a0       0x60 C:/SiliconLabs/SimplicityStudio/v4/developer/sdks/gecko_sdk_suite/v1.0//protocol/bluetooth_2.3/lib/EFR32BG1B/GCC/bgapi.a(gecko_bgapi_gatt_server.c.obj)
                0x000269e8                gecko_bgapi_class_gatt_server_init
 .text          0x00026a00       0x60 C:/SiliconLabs/SimplicityStudio/v4/developer/sdks/gecko_sdk_suite/v1.0//protocol/bluetooth_2.3/lib/EFR32BG1B/GCC/bgapi.a(gecko_bgapi_flash.c.obj)
                0x00026a48                gecko_bgapi_class_flash_init
 .text          0x00026a60       0x60 C:/SiliconLabs/SimplicityStudio/v4/developer/sdks/gecko_sdk_suite/v1.0//protocol/bluetooth_2.3/lib/EFR32BG1B/GCC/bgapi.a(gecko_bgapi_sm.c.obj)
                0x00026aa8                gecko_bgapi_class_sm_init
 .text          0x00026ac0       0x60 C:/SiliconLabs/SimplicityStudio/v4/developer/sdks/gecko_sdk_suite/v1.0//protocol/bluetooth_2.3/lib/EFR32BG1B/GCC/bgapi.a(gecko_bgapi_system.c.obj)
                0x00026b08                gecko_bgapi_class_system_init
 .text          0x00026b20       0x60 C:/SiliconLabs/SimplicityStudio/v4/developer/sdks/gecko_sdk_suite/v1.0//protocol/bluetooth_2.3/lib/EFR32BG1B/GCC/bgapi.a(gecko_bgapi_endpoint.c.obj)
                0x00026b68                gecko_bgapi_class_endpoint_init
 .text          0x00026b80       0x60 C:/SiliconLabs/SimplicityStudio/v4/developer/sdks/gecko_sdk_suite/v1.0//protocol/bluetooth_2.3/lib/EFR32BG1B/GCC/bgapi.a(gecko_bgapi_le_connection.c.obj)
                0x00026bc8                gecko_bgapi_class_le_connection_init
 .text          0x00026be0      0x388 C:/SiliconLabs/SimplicityStudio/v4/developer/sdks/gecko_sdk_suite/v1.0//protocol/bluetooth_2.3/lib/EFR32BG1B/GCC/bgapi.a(bgapi_hardware_lib.c.obj)
                0x00026be0                gecko_cmd_hardware_read_i2c
                0x00026c48                gecko_cmd_hardware_write_i2c
                0x00026c8c                gecko_cmd_hardware_stop_i2c
                0x00026cc4                gecko_cmd_hardware_read_adc
                0x00026d04                gecko_cmd_hardware_read_adc_channel
                0x00026d34                gecko_cmd_hardware_config_adc_reference
                0x00026d60                gecko_cmd_hardware_configure_gpio
                0x00026d94                gecko_cmd_hardware_write_gpio
                0x00026df8                gecko_cmd_hardware_read_gpio
                0x00026e58                gecko_cmd_hardware_set_uart_configuration
                0x00026ed0                clock_outputs_init
                0x00026f18                bgapi_hardware_init
 .text          0x00026f68      0x1d0 C:/SiliconLabs/SimplicityStudio/v4/developer/sdks/gecko_sdk_suite/v1.0//protocol/bluetooth_2.3/lib/EFR32BG1B/GCC/bgapi.a(bgapi_hardware.c.obj)
                0x00026f68                soft_timer_comparison
                0x00026ffc                bgapi_hardware_soft_timer_listener
                0x0002703c                lib_hardware_handler_init
                0x00027050                gecko_cmd_hardware_set_soft_timer
                0x00027090                gecko_cmd_hardware_set_lazy_soft_timer
                0x000270d0                gecko_cmd_hardware_get_time
                0x00027104                gecko_cmd_hardware_enable_dcdc
 .text          0x00027138      0x200 C:/SiliconLabs/SimplicityStudio/v4/developer/sdks/gecko_sdk_suite/v1.0//protocol/bluetooth_2.3/lib/EFR32BG1B/GCC/bgapi.a(bgapi_test_lib.c.obj)
                0x00027138                lib_test_handler_init
                0x0002713a                disable_interrupts
                0x0002715e                gecko_cmd_test_dtm_tx
                0x00027190                gecko_cmd_test_dtm_rx
                0x000271c0                gecko_cmd_test_dtm_end
                0x000271ec                gecko_cmd_test_debug_command
                0x000272bc                gecko_cmd_test_debug_counter
 .text          0x00027338      0x158 C:/SiliconLabs/SimplicityStudio/v4/developer/sdks/gecko_sdk_suite/v1.0//protocol/bluetooth_2.3/lib/EFR32BG1B/GCC/bgapi.a(bgapi_util.c.obj)
                0x00027370                lib_util_handler_init
                0x00027372                gecko_cmd_util_atoi
                0x000273c8                gecko_cmd_util_itoa
 .text          0x00027490       0x8c C:/SiliconLabs/SimplicityStudio/v4/developer/sdks/gecko_sdk_suite/v1.0//protocol/bluetooth_2.3/lib/EFR32BG1B/GCC/bgapi.a(bgapi_dfu.c.obj)
                0x00027490                lib_dfu_handler_init
                0x00027492                gecko_cmd_dfu_reset
                0x00027498                gecko_cmd_dfu_flash_set_address
                0x000274c4                gecko_cmd_dfu_flash_upload
                0x000274f0                gecko_cmd_dfu_flash_upload_finish
 .text          0x0002751c      0x308 C:/SiliconLabs/SimplicityStudio/v4/developer/sdks/gecko_sdk_suite/v1.0//protocol/bluetooth_2.3/lib/EFR32BG1B/GCC/bgapi.a(bgapi_gap.c.obj)
                0x0002751c                lib_le_gap_handler_init
                0x0002751e                gecko_cmd_le_gap_set_mode
                0x00027564                gecko_cmd_le_gap_bt5_set_mode
                0x000275a4                gecko_cmd_le_gap_set_adv_data
                0x000275d8                gecko_cmd_le_gap_bt5_set_adv_data
                0x0002760c                gecko_cmd_le_gap_set_adv_timeout
                0x00027660                gecko_cmd_le_gap_open
                0x000276c8                gecko_cmd_le_gap_discover
                0x000276f4                gecko_cmd_le_gap_end_procedure
                0x00027720                gecko_cmd_le_gap_set_adv_parameters
                0x00027754                gecko_cmd_le_gap_bt5_set_adv_parameters
                0x00027790                gecko_cmd_le_gap_set_scan_parameters
                0x000277c0                gecko_cmd_le_gap_set_conn_parameters
                0x000277f8                gecko_cmd_le_gap_set_phy
 .text          0x00027824      0x644 C:/SiliconLabs/SimplicityStudio/v4/developer/sdks/gecko_sdk_suite/v1.0//protocol/bluetooth_2.3/lib/EFR32BG1B/GCC/bgapi.a(bgapi_gatt_lib.c.obj)
                0x00027824                lib_gatt_handler_init
                0x00027826                lib_gatt_server_handler_init
                0x00027828                gecko_cmd_gatt_set_max_mtu
                0x00027864                gecko_cmd_gatt_discover_primary_services
                0x00027894                gecko_cmd_gatt_discover_primary_services_by_uuid
                0x000278d0                gecko_cmd_gatt_find_included_services
                0x00027904                gecko_cmd_gatt_discover_characteristics
                0x00027938                gecko_cmd_gatt_discover_characteristics_by_uuid
                0x00027978                gecko_cmd_gatt_read_characteristic_value
                0x000279b0                gecko_cmd_gatt_read_characteristic_value_from_offset
                0x000279ec                gecko_cmd_gatt_read_characteristic_value_by_uuid
                0x00027a2c                gecko_cmd_gatt_read_multiple_characteristic_values
                0x00027a60                gecko_cmd_gatt_write_characteristic_value
                0x00027a98                gecko_cmd_gatt_write_characteristic_value_without_response
                0x00027adc                gecko_cmd_gatt_prepare_characteristic_value_write
                0x00027b2c                gecko_cmd_gatt_execute_characteristic_value_write
                0x00027b60                gecko_cmd_gatt_set_characteristic_notification
                0x00027b98                gecko_cmd_gatt_discover_descriptors
                0x00027bcc                gecko_cmd_gatt_read_descriptor_value
                0x00027c00                gecko_cmd_gatt_write_descriptor_value
                0x00027c38                gecko_cmd_gatt_server_read_attribute_value
                0x00027c80                gecko_cmd_gatt_server_read_attribute_type
                0x00027cc4                gecko_cmd_gatt_server_find_attribute
                0x00027d00                gecko_cmd_gatt_server_write_attribute_value
                0x00027d34                gecko_cmd_gatt_server_send_user_read_response
                0x00027d84                gecko_cmd_gatt_server_send_user_write_response
                0x00027dbc                gecko_cmd_gatt_server_send_characteristic_notification
                0x00027e08                gecko_cmd_gatt_send_characteristic_confirmation
                0x00027e38                gecko_cmd_gatt_server_set_database
 .text          0x00027e68      0x17c C:/SiliconLabs/SimplicityStudio/v4/developer/sdks/gecko_sdk_suite/v1.0//protocol/bluetooth_2.3/lib/EFR32BG1B/GCC/bgapi.a(bgapi_ps.c.obj)
                0x00027e68                lib_flash_handler_init
                0x00027e6a                gecko_cmd_flash_ps_dump
                0x00027f00                gecko_cmd_flash_ps_erase_all
                0x00027f30                gecko_cmd_flash_ps_save
                0x00027f6c                gecko_cmd_flash_ps_load
                0x00027fb0                gecko_cmd_flash_ps_erase
 .text          0x00027fe4      0x3cc C:/SiliconLabs/SimplicityStudio/v4/developer/sdks/gecko_sdk_suite/v1.0//protocol/bluetooth_2.3/lib/EFR32BG1B/GCC/bgapi.a(bgapi_sm.c.obj)
                0x000280ac                lib_sm_handler_init
                0x000280c0                gecko_cmd_sm_list_all_bondings
                0x000280f8                gecko_cmd_sm_increase_security
                0x00028128                gecko_cmd_sm_set_bondable_mode
                0x00028154                gecko_cmd_sm_delete_bonding
                0x00028184                gecko_cmd_sm_delete_bondings
                0x000281b4                gecko_cmd_sm_configure
                0x000281e4                gecko_cmd_sm_enter_passkey
                0x00028218                gecko_cmd_sm_set_passkey
                0x00028244                gecko_cmd_sm_passkey_confirm
                0x00028278                gecko_cmd_sm_set_oob_data
                0x000282a8                gecko_cmd_sm_set_sc_remote_oob_data
                0x000282d8                gecko_cmd_sm_use_sc_oob
                0x00028318                gecko_cmd_sm_store_bonding_configuration
                0x0002834c                gecko_cmd_sm_bonding_confirm
                0x00028380                gecko_cmd_sm_set_debug_mode
 .text          0x000283b0      0x114 C:/SiliconLabs/SimplicityStudio/v4/developer/sdks/gecko_sdk_suite/v1.0//protocol/bluetooth_2.3/lib/EFR32BG1B/GCC/bgapi.a(bgapi_system.c.obj)
                0x000283b0                lib_system_handler_init
                0x000283b2                gecko_cmd_system_get_bt_address
                0x000283e8                gecko_cmd_system_get_random_data
                0x00028430                gecko_cmd_system_halt
                0x00028464                gecko_cmd_system_set_tx_power
                0x00028494                gecko_cmd_system_hello
                0x000284bc                gecko_cmd_system_reset
 .text          0x000284c4      0x1ac C:/SiliconLabs/SimplicityStudio/v4/developer/sdks/gecko_sdk_suite/v1.0//protocol/bluetooth_2.3/lib/EFR32BG1B/GCC/bgapi.a(bgapi_endpoint.c.obj)
                0x000284c4                lib_endpoint_handler_init
                0x000284c6                gecko_cmd_endpoint_send
                0x00028570                gecko_cmd_endpoint_set_streaming_destination
                0x000285c8                gecko_cmd_endpoint_close
                0x00028624                gecko_cmd_endpoint_set_flags
                0x00028626                gecko_cmd_endpoint_clr_flags
                0x00028628                gecko_cmd_endpoint_read_counters
 .text          0x00028670      0x104 C:/SiliconLabs/SimplicityStudio/v4/developer/sdks/gecko_sdk_suite/v1.0//protocol/bluetooth_2.3/lib/EFR32BG1B/GCC/bgapi.a(bgapi_le_connection.c.obj)
                0x00028670                lib_le_connection_handler_init
                0x00028672                gecko_cmd_le_connection_set_parameters
                0x000286c0                gecko_cmd_le_connection_get_rssi
                0x000286f0                gecko_cmd_le_connection_disable_slave_latency
                0x00028738                gecko_cmd_le_connection_set_phy
 .text          0x00028774      0x220 C:/SiliconLabs/SimplicityStudio/v4/developer/sdks/gecko_sdk_suite/v1.0//protocol/bluetooth_2.3/lib/EFR32BG1B/GCC/bgapi.a(uart_endpoint.c.obj)
                0x000287d4                uart_output_available
                0x000287d8                uart_transparent_input
                0x00028816                uart_endpoint_func
                0x000288ca                uart_change_flags
                0x000288d8                init_uart_endpoints
 .text          0x00028994      0x17c C:/SiliconLabs/SimplicityStudio/v4/developer/sdks/gecko_sdk_suite/v1.0//protocol/bluetooth_2.3/lib/EFR32BG1B/GCC/bgapi.a(bgapi_endpoint.c.obj)
                0x00028ac0                init_bgapi_endpoints
 .text          0x00028b10       0xc8 C:/SiliconLabs/SimplicityStudio/v4/developer/sdks/gecko_sdk_suite/v1.0//protocol/bluetooth_2.3/lib/EFR32BG1B/GCC/bgapi.a(adc.c.obj)
                0x00028b10                adc_read_channel
                0x00028b40                adc_read_port
                0x00028b50                adc_config_reference
                0x00028b84                adc_init
 .text          0x00028bd8      0x160 C:/SiliconLabs/SimplicityStudio/v4/developer/sdks/gecko_sdk_suite/v1.0//protocol/bluetooth_2.3/lib/EFR32BG1B/GCC/bgapi.a(gpio.c.obj)
                0x00028c50                gpio_location_to_port
                0x00028c60                gpio_location_to_pin_index
                0x00028c74                gpios_init
 .text          0x00028d38      0x218 C:/SiliconLabs/SimplicityStudio/v4/developer/sdks/gecko_sdk_suite/v1.0//protocol/bluetooth_2.3/lib/EFR32BG1B/GCC/bgapi.a(i2c.c.obj)
                0x00028d38                i2c_init
                0x00028dc4                i2c_stop
                0x00028de4                i2c_reset
                0x00028e04                i2c_read
                0x00028eb0                i2c_write
 .text          0x00028f50      0x160 C:/SiliconLabs/SimplicityStudio/v4/developer/sdks/gecko_sdk_suite/v1.0//protocol/bluetooth_2.3/lib/EFR32BG1B/GCC/bgapi.a(sleep_signal.c.obj)
                0x00028f80                sleep_signal_init
                0x00028fe0                sleep_signal_update
                0x0002904c                host_wakeup_signal_init
                0x00029088                host_wakeup_signal_update
 .text          0x000290b0      0x89c C:/SiliconLabs/SimplicityStudio/v4/developer/sdks/gecko_sdk_suite/v1.0//protocol/bluetooth_2.3/lib/EFR32BG1B/GCC/bgapi.a(uart.c.obj)
                0x000290b0                LEUART0_IRQGeckoHandler
                0x000290b2                USART1_TX_IRQGeckoHandler
                0x000291dc                USART0_TX_IRQGeckoHandler
                0x0002938c                USART1_RX_IRQGeckoHandler
                0x00029398                USART0_RX_IRQGeckoHandler
                0x000293b8                uart_update
                0x000293d0                uart_configure
                0x000294a4                uart_event_register
                0x000294b4                uarts_init
                0x00029838                uart_get_flags
                0x00029848                uart_write_bgbuf
                0x00029888                uart_read_bgbuf
                0x00029910                uart_sleep
 .text          0x0002994c       0x30 c:/program files (x86)/gnu tools arm embedded/5.4 2016q2/bin/../lib/gcc/arm-none-eabi/5.4.1/armv7e-m/softfp\libgcc.a(_aeabi_uldivmod.o)
                0x0002994c                __aeabi_uldivmod
 .text          0x0002997c      0x2e4 c:/program files (x86)/gnu tools arm embedded/5.4 2016q2/bin/../lib/gcc/arm-none-eabi/5.4.1/armv7e-m/softfp\libgcc.a(_udivmoddi4.o)
                0x0002997c                __udivmoddi4
 .text          0x00029c60        0x4 c:/program files (x86)/gnu tools arm embedded/5.4 2016q2/bin/../lib/gcc/arm-none-eabi/5.4.1/armv7e-m/softfp\libgcc.a(_dvmd_tls.o)
                0x00029c60                __aeabi_idiv0
                0x00029c60                __aeabi_ldiv0
 .text.exit     0x00029c64       0x20 c:/program files (x86)/gnu tools arm embedded/5.4 2016q2/bin/../lib/gcc/arm-none-eabi/5.4.1/../../../../arm-none-eabi/lib/armv7e-m/softfp\libc.a(lib_a-exit.o)
                0x00029c64                exit
 .text.fileno   0x00029c84       0x34 c:/program files (x86)/gnu tools arm embedded/5.4 2016q2/bin/../lib/gcc/arm-none-eabi/5.4.1/../../../../arm-none-eabi/lib/armv7e-m/softfp\libc.a(lib_a-fileno.o)
                0x00029c84                fileno
 .text._cleanup_r
                0x00029cb8        0xc c:/program files (x86)/gnu tools arm embedded/5.4 2016q2/bin/../lib/gcc/arm-none-eabi/5.4.1/../../../../arm-none-eabi/lib/armv7e-m/softfp\libc.a(lib_a-findfp.o)
                0x00029cb8                _cleanup_r
 .text.__sinit.part.1
                0x00029cc4       0xf0 c:/program files (x86)/gnu tools arm embedded/5.4 2016q2/bin/../lib/gcc/arm-none-eabi/5.4.1/../../../../arm-none-eabi/lib/armv7e-m/softfp\libc.a(lib_a-findfp.o)
 .text.__sinit  0x00029db4        0xc c:/program files (x86)/gnu tools arm embedded/5.4 2016q2/bin/../lib/gcc/arm-none-eabi/5.4.1/../../../../arm-none-eabi/lib/armv7e-m/softfp\libc.a(lib_a-findfp.o)
                0x00029db4                __sinit
 .text.__sfp_lock_acquire
                0x00029dc0        0x4 c:/program files (x86)/gnu tools arm embedded/5.4 2016q2/bin/../lib/gcc/arm-none-eabi/5.4.1/../../../../arm-none-eabi/lib/armv7e-m/softfp\libc.a(lib_a-findfp.o)
                0x00029dc0                __sfp_lock_acquire
 .text.__sfp_lock_release
                0x00029dc4        0x4 c:/program files (x86)/gnu tools arm embedded/5.4 2016q2/bin/../lib/gcc/arm-none-eabi/5.4.1/../../../../arm-none-eabi/lib/armv7e-m/softfp\libc.a(lib_a-findfp.o)
                0x00029dc4                __sfp_lock_release
 .text._fwalk_reent
                0x00029dc8       0x54 c:/program files (x86)/gnu tools arm embedded/5.4 2016q2/bin/../lib/gcc/arm-none-eabi/5.4.1/../../../../arm-none-eabi/lib/armv7e-m/softfp\libc.a(lib_a-fwalk.o)
                0x00029dc8                _fwalk_reent
 .text.__libc_init_array
                0x00029e1c       0x50 c:/program files (x86)/gnu tools arm embedded/5.4 2016q2/bin/../lib/gcc/arm-none-eabi/5.4.1/../../../../arm-none-eabi/lib/armv7e-m/softfp\libc.a(lib_a-init.o)
                0x00029e1c                __libc_init_array
 .text._malloc_r
                0x00029e6c      0x570 c:/program files (x86)/gnu tools arm embedded/5.4 2016q2/bin/../lib/gcc/arm-none-eabi/5.4.1/../../../../arm-none-eabi/lib/armv7e-m/softfp\libc.a(lib_a-mallocr.o)
                0x00029e6c                _malloc_r
 .text          0x0002a3dc      0x134 c:/program files (x86)/gnu tools arm embedded/5.4 2016q2/bin/../lib/gcc/arm-none-eabi/5.4.1/../../../../arm-none-eabi/lib/armv7e-m/softfp\libc.a(lib_a-memcpy.o)
                0x0002a3dc                memcpy
 .text.memset   0x0002a510       0x9c c:/program files (x86)/gnu tools arm embedded/5.4 2016q2/bin/../lib/gcc/arm-none-eabi/5.4.1/../../../../arm-none-eabi/lib/armv7e-m/softfp\libc.a(lib_a-memset.o)
                0x0002a510                memset
 .text.__malloc_lock
                0x0002a5ac        0x4 c:/program files (x86)/gnu tools arm embedded/5.4 2016q2/bin/../lib/gcc/arm-none-eabi/5.4.1/../../../../arm-none-eabi/lib/armv7e-m/softfp\libc.a(lib_a-mlock.o)
                0x0002a5ac                __malloc_lock
 .text.__malloc_unlock
                0x0002a5b0        0x4 c:/program files (x86)/gnu tools arm embedded/5.4 2016q2/bin/../lib/gcc/arm-none-eabi/5.4.1/../../../../arm-none-eabi/lib/armv7e-m/softfp\libc.a(lib_a-mlock.o)
                0x0002a5b0                __malloc_unlock
 .text.printf   0x0002a5b4       0x28 c:/program files (x86)/gnu tools arm embedded/5.4 2016q2/bin/../lib/gcc/arm-none-eabi/5.4.1/../../../../arm-none-eabi/lib/armv7e-m/softfp\libc.a(lib_a-printf.o)
                0x0002a5b4                printf
 .text.putchar  0x0002a5dc       0x14 c:/program files (x86)/gnu tools arm embedded/5.4 2016q2/bin/../lib/gcc/arm-none-eabi/5.4.1/../../../../arm-none-eabi/lib/armv7e-m/softfp\libc.a(lib_a-putchar.o)
                0x0002a5dc                putchar
 .text._puts_r  0x0002a5f0       0x68 c:/program files (x86)/gnu tools arm embedded/5.4 2016q2/bin/../lib/gcc/arm-none-eabi/5.4.1/../../../../arm-none-eabi/lib/armv7e-m/softfp\libc.a(lib_a-puts.o)
                0x0002a5f0                _puts_r
 .text.puts     0x0002a658       0x10 c:/program files (x86)/gnu tools arm embedded/5.4 2016q2/bin/../lib/gcc/arm-none-eabi/5.4.1/../../../../arm-none-eabi/lib/armv7e-m/softfp\libc.a(lib_a-puts.o)
                0x0002a658                puts
 .text._sbrk_r  0x0002a668       0x24 c:/program files (x86)/gnu tools arm embedded/5.4 2016q2/bin/../lib/gcc/arm-none-eabi/5.4.1/../../../../arm-none-eabi/lib/armv7e-m/softfp\libc.a(lib_a-sbrkr.o)
                0x0002a668                _sbrk_r
 .text.__sread  0x0002a68c       0x24 c:/program files (x86)/gnu tools arm embedded/5.4 2016q2/bin/../lib/gcc/arm-none-eabi/5.4.1/../../../../arm-none-eabi/lib/armv7e-m/softfp\libc.a(lib_a-stdio.o)
                0x0002a68c                __sread
 .text.__swrite
                0x0002a6b0       0x3c c:/program files (x86)/gnu tools arm embedded/5.4 2016q2/bin/../lib/gcc/arm-none-eabi/5.4.1/../../../../arm-none-eabi/lib/armv7e-m/softfp\libc.a(lib_a-stdio.o)
                0x0002a6b0                __swrite
 .text.__sseek  0x0002a6ec       0x20 c:/program files (x86)/gnu tools arm embedded/5.4 2016q2/bin/../lib/gcc/arm-none-eabi/5.4.1/../../../../arm-none-eabi/lib/armv7e-m/softfp\libc.a(lib_a-stdio.o)
                0x0002a6ec                __sseek
 .text.__sclose
                0x0002a70c        0x8 c:/program files (x86)/gnu tools arm embedded/5.4 2016q2/bin/../lib/gcc/arm-none-eabi/5.4.1/../../../../arm-none-eabi/lib/armv7e-m/softfp\libc.a(lib_a-stdio.o)
                0x0002a70c                __sclose
 *fill*         0x0002a714       0x2c 
 .text          0x0002a740       0xdc c:/program files (x86)/gnu tools arm embedded/5.4 2016q2/bin/../lib/gcc/arm-none-eabi/5.4.1/../../../../arm-none-eabi/lib/armv7e-m/softfp\libc.a(lib_a-strlen.o)
                0x0002a740                strlen
 .text.strncmp  0x0002a81c       0xa0 c:/program files (x86)/gnu tools arm embedded/5.4 2016q2/bin/../lib/gcc/arm-none-eabi/5.4.1/../../../../arm-none-eabi/lib/armv7e-m/softfp\libc.a(lib_a-strncmp.o)
                0x0002a81c                strncmp
 *fill*         0x0002a8bc        0x4 
 .text._vfprintf_r
                0x0002a8c0     0x1724 c:/program files (x86)/gnu tools arm embedded/5.4 2016q2/bin/../lib/gcc/arm-none-eabi/5.4.1/../../../../arm-none-eabi/lib/armv7e-m/softfp\libc.a(lib_a-vfprintf.o)
                0x0002a8c0                _vfprintf_r
 .text.__sbprintf
                0x0002bfe4       0x6c c:/program files (x86)/gnu tools arm embedded/5.4 2016q2/bin/../lib/gcc/arm-none-eabi/5.4.1/../../../../arm-none-eabi/lib/armv7e-m/softfp\libc.a(lib_a-vfprintf.o)
 .text._write_r
                0x0002c050       0x2c c:/program files (x86)/gnu tools arm embedded/5.4 2016q2/bin/../lib/gcc/arm-none-eabi/5.4.1/../../../../arm-none-eabi/lib/armv7e-m/softfp\libc.a(lib_a-writer.o)
                0x0002c050                _write_r
 .text.__swsetup_r
                0x0002c07c       0xc8 c:/program files (x86)/gnu tools arm embedded/5.4 2016q2/bin/../lib/gcc/arm-none-eabi/5.4.1/../../../../arm-none-eabi/lib/armv7e-m/softfp\libc.a(lib_a-wsetup.o)
                0x0002c07c                __swsetup_r
 .text.startup.register_fini
                0x0002c144       0x14 c:/program files (x86)/gnu tools arm embedded/5.4 2016q2/bin/../lib/gcc/arm-none-eabi/5.4.1/../../../../arm-none-eabi/lib/armv7e-m/softfp\libc.a(lib_a-__call_atexit.o)
 .text.__call_exitprocs
                0x0002c158       0xd8 c:/program files (x86)/gnu tools arm embedded/5.4 2016q2/bin/../lib/gcc/arm-none-eabi/5.4.1/../../../../arm-none-eabi/lib/armv7e-m/softfp\libc.a(lib_a-__call_atexit.o)
                0x0002c158                __call_exitprocs
 .text.atexit   0x0002c230        0xc c:/program files (x86)/gnu tools arm embedded/5.4 2016q2/bin/../lib/gcc/arm-none-eabi/5.4.1/../../../../arm-none-eabi/lib/armv7e-m/softfp\libc.a(lib_a-atexit.o)
                0x0002c230                atexit
 .text._close_r
                0x0002c23c       0x24 c:/program files (x86)/gnu tools arm embedded/5.4 2016q2/bin/../lib/gcc/arm-none-eabi/5.4.1/../../../../arm-none-eabi/lib/armv7e-m/softfp\libc.a(lib_a-closer.o)
                0x0002c23c                _close_r
 .text.quorem   0x0002c260      0x128 c:/program files (x86)/gnu tools arm embedded/5.4 2016q2/bin/../lib/gcc/arm-none-eabi/5.4.1/../../../../arm-none-eabi/lib/armv7e-m/softfp\libc.a(lib_a-dtoa.o)
 .text._dtoa_r  0x0002c388      0xe2c c:/program files (x86)/gnu tools arm embedded/5.4 2016q2/bin/../lib/gcc/arm-none-eabi/5.4.1/../../../../arm-none-eabi/lib/armv7e-m/softfp\libc.a(lib_a-dtoa.o)
                0x0002c388                _dtoa_r
 .text._fclose_r
                0x0002d1b4       0x84 c:/program files (x86)/gnu tools arm embedded/5.4 2016q2/bin/../lib/gcc/arm-none-eabi/5.4.1/../../../../arm-none-eabi/lib/armv7e-m/softfp\libc.a(lib_a-fclose.o)
                0x0002d1b4                _fclose_r
 .text.__sflush_r
                0x0002d238      0x148 c:/program files (x86)/gnu tools arm embedded/5.4 2016q2/bin/../lib/gcc/arm-none-eabi/5.4.1/../../../../arm-none-eabi/lib/armv7e-m/softfp\libc.a(lib_a-fflush.o)
                0x0002d238                __sflush_r
 .text._fflush_r
                0x0002d380       0x2c c:/program files (x86)/gnu tools arm embedded/5.4 2016q2/bin/../lib/gcc/arm-none-eabi/5.4.1/../../../../arm-none-eabi/lib/armv7e-m/softfp\libc.a(lib_a-fflush.o)
                0x0002d380                _fflush_r
 .text.__libc_fini_array
                0x0002d3ac       0x28 c:/program files (x86)/gnu tools arm embedded/5.4 2016q2/bin/../lib/gcc/arm-none-eabi/5.4.1/../../../../arm-none-eabi/lib/armv7e-m/softfp\libc.a(lib_a-fini.o)
                0x0002d3ac                __libc_fini_array
 .text._malloc_trim_r
                0x0002d3d4       0x9c c:/program files (x86)/gnu tools arm embedded/5.4 2016q2/bin/../lib/gcc/arm-none-eabi/5.4.1/../../../../arm-none-eabi/lib/armv7e-m/softfp\libc.a(lib_a-freer.o)
                0x0002d3d4                _malloc_trim_r
 .text._free_r  0x0002d470      0x1d0 c:/program files (x86)/gnu tools arm embedded/5.4 2016q2/bin/../lib/gcc/arm-none-eabi/5.4.1/../../../../arm-none-eabi/lib/armv7e-m/softfp\libc.a(lib_a-freer.o)
                0x0002d470                _free_r
 .text.__sfvwrite_r
                0x0002d640      0x304 c:/program files (x86)/gnu tools arm embedded/5.4 2016q2/bin/../lib/gcc/arm-none-eabi/5.4.1/../../../../arm-none-eabi/lib/armv7e-m/softfp\libc.a(lib_a-fvwrite.o)
                0x0002d640                __sfvwrite_r
 .text.__locale_charset
                0x0002d944        0x8 c:/program files (x86)/gnu tools arm embedded/5.4 2016q2/bin/../lib/gcc/arm-none-eabi/5.4.1/../../../../arm-none-eabi/lib/armv7e-m/softfp\libc.a(lib_a-locale.o)
                0x0002d944                __locale_charset
 .text.__locale_mb_cur_max
                0x0002d94c        0xc c:/program files (x86)/gnu tools arm embedded/5.4 2016q2/bin/../lib/gcc/arm-none-eabi/5.4.1/../../../../arm-none-eabi/lib/armv7e-m/softfp\libc.a(lib_a-locale.o)
                0x0002d94c                __locale_mb_cur_max
 .text._localeconv_r
                0x0002d958        0x8 c:/program files (x86)/gnu tools arm embedded/5.4 2016q2/bin/../lib/gcc/arm-none-eabi/5.4.1/../../../../arm-none-eabi/lib/armv7e-m/softfp\libc.a(lib_a-locale.o)
                0x0002d958                _localeconv_r
 .text._lseek_r
                0x0002d960       0x2c c:/program files (x86)/gnu tools arm embedded/5.4 2016q2/bin/../lib/gcc/arm-none-eabi/5.4.1/../../../../arm-none-eabi/lib/armv7e-m/softfp\libc.a(lib_a-lseekr.o)
                0x0002d960                _lseek_r
 .text.__swhatbuf_r
                0x0002d98c       0x60 c:/program files (x86)/gnu tools arm embedded/5.4 2016q2/bin/../lib/gcc/arm-none-eabi/5.4.1/../../../../arm-none-eabi/lib/armv7e-m/softfp\libc.a(lib_a-makebuf.o)
                0x0002d98c                __swhatbuf_r
 .text.__smakebuf_r
                0x0002d9ec       0x88 c:/program files (x86)/gnu tools arm embedded/5.4 2016q2/bin/../lib/gcc/arm-none-eabi/5.4.1/../../../../arm-none-eabi/lib/armv7e-m/softfp\libc.a(lib_a-makebuf.o)
                0x0002d9ec                __smakebuf_r
 .text.malloc   0x0002da74       0x10 c:/program files (x86)/gnu tools arm embedded/5.4 2016q2/bin/../lib/gcc/arm-none-eabi/5.4.1/../../../../arm-none-eabi/lib/armv7e-m/softfp\libc.a(lib_a-malloc.o)
                0x0002da74                malloc
 .text.free     0x0002da84       0x10 c:/program files (x86)/gnu tools arm embedded/5.4 2016q2/bin/../lib/gcc/arm-none-eabi/5.4.1/../../../../arm-none-eabi/lib/armv7e-m/softfp\libc.a(lib_a-malloc.o)
                0x0002da84                free
 *fill*         0x0002da94        0xc 
 .text          0x0002daa0       0xa0 c:/program files (x86)/gnu tools arm embedded/5.4 2016q2/bin/../lib/gcc/arm-none-eabi/5.4.1/../../../../arm-none-eabi/lib/armv7e-m/softfp\libc.a(lib_a-memchr.o)
                0x0002daa0                memchr
 .text.memmove  0x0002db40       0xc8 c:/program files (x86)/gnu tools arm embedded/5.4 2016q2/bin/../lib/gcc/arm-none-eabi/5.4.1/../../../../arm-none-eabi/lib/armv7e-m/softfp\libc.a(lib_a-memmove.o)
                0x0002db40                memmove
 .text._Balloc  0x0002dc08       0x4c c:/program files (x86)/gnu tools arm embedded/5.4 2016q2/bin/../lib/gcc/arm-none-eabi/5.4.1/../../../../arm-none-eabi/lib/armv7e-m/softfp\libc.a(lib_a-mprec.o)
                0x0002dc08                _Balloc
 .text._Bfree   0x0002dc54       0x14 c:/program files (x86)/gnu tools arm embedded/5.4 2016q2/bin/../lib/gcc/arm-none-eabi/5.4.1/../../../../arm-none-eabi/lib/armv7e-m/softfp\libc.a(lib_a-mprec.o)
                0x0002dc54                _Bfree
 .text.__multadd
                0x0002dc68       0x80 c:/program files (x86)/gnu tools arm embedded/5.4 2016q2/bin/../lib/gcc/arm-none-eabi/5.4.1/../../../../arm-none-eabi/lib/armv7e-m/softfp\libc.a(lib_a-mprec.o)
                0x0002dc68                __multadd
 .text.__hi0bits
                0x0002dce8       0x40 c:/program files (x86)/gnu tools arm embedded/5.4 2016q2/bin/../lib/gcc/arm-none-eabi/5.4.1/../../../../arm-none-eabi/lib/armv7e-m/softfp\libc.a(lib_a-mprec.o)
                0x0002dce8                __hi0bits
 .text.__lo0bits
                0x0002dd28       0x5c c:/program files (x86)/gnu tools arm embedded/5.4 2016q2/bin/../lib/gcc/arm-none-eabi/5.4.1/../../../../arm-none-eabi/lib/armv7e-m/softfp\libc.a(lib_a-mprec.o)
                0x0002dd28                __lo0bits
 .text.__i2b    0x0002dd84       0x14 c:/program files (x86)/gnu tools arm embedded/5.4 2016q2/bin/../lib/gcc/arm-none-eabi/5.4.1/../../../../arm-none-eabi/lib/armv7e-m/softfp\libc.a(lib_a-mprec.o)
                0x0002dd84                __i2b
 .text.__multiply
                0x0002dd98      0x130 c:/program files (x86)/gnu tools arm embedded/5.4 2016q2/bin/../lib/gcc/arm-none-eabi/5.4.1/../../../../arm-none-eabi/lib/armv7e-m/softfp\libc.a(lib_a-mprec.o)
                0x0002dd98                __multiply
 .text.__pow5mult
                0x0002dec8       0xa0 c:/program files (x86)/gnu tools arm embedded/5.4 2016q2/bin/../lib/gcc/arm-none-eabi/5.4.1/../../../../arm-none-eabi/lib/armv7e-m/softfp\libc.a(lib_a-mprec.o)
                0x0002dec8                __pow5mult
 .text.__lshift
                0x0002df68       0xb0 c:/program files (x86)/gnu tools arm embedded/5.4 2016q2/bin/../lib/gcc/arm-none-eabi/5.4.1/../../../../arm-none-eabi/lib/armv7e-m/softfp\libc.a(lib_a-mprec.o)
                0x0002df68                __lshift
 .text.__mcmp   0x0002e018       0x44 c:/program files (x86)/gnu tools arm embedded/5.4 2016q2/bin/../lib/gcc/arm-none-eabi/5.4.1/../../../../arm-none-eabi/lib/armv7e-m/softfp\libc.a(lib_a-mprec.o)
                0x0002e018                __mcmp
 .text.__mdiff  0x0002e05c      0x114 c:/program files (x86)/gnu tools arm embedded/5.4 2016q2/bin/../lib/gcc/arm-none-eabi/5.4.1/../../../../arm-none-eabi/lib/armv7e-m/softfp\libc.a(lib_a-mprec.o)
                0x0002e05c                __mdiff
 .text.__d2b    0x0002e170       0xb8 c:/program files (x86)/gnu tools arm embedded/5.4 2016q2/bin/../lib/gcc/arm-none-eabi/5.4.1/../../../../arm-none-eabi/lib/armv7e-m/softfp\libc.a(lib_a-mprec.o)
                0x0002e170                __d2b
 .text._putc_r  0x0002e228       0x44 c:/program files (x86)/gnu tools arm embedded/5.4 2016q2/bin/../lib/gcc/arm-none-eabi/5.4.1/../../../../arm-none-eabi/lib/armv7e-m/softfp\libc.a(lib_a-putc.o)
                0x0002e228                _putc_r
 .text._read_r  0x0002e26c       0x2c c:/program files (x86)/gnu tools arm embedded/5.4 2016q2/bin/../lib/gcc/arm-none-eabi/5.4.1/../../../../arm-none-eabi/lib/armv7e-m/softfp\libc.a(lib_a-readr.o)
                0x0002e26c                _read_r
 .text._realloc_r
                0x0002e298      0x3e0 c:/program files (x86)/gnu tools arm embedded/5.4 2016q2/bin/../lib/gcc/arm-none-eabi/5.4.1/../../../../arm-none-eabi/lib/armv7e-m/softfp\libc.a(lib_a-reallocr.o)
                0x0002e298                _realloc_r
 .text.__sprint_r.part.0
                0x0002e678       0x78 c:/program files (x86)/gnu tools arm embedded/5.4 2016q2/bin/../lib/gcc/arm-none-eabi/5.4.1/../../../../arm-none-eabi/lib/armv7e-m/softfp\libc.a(lib_a-vfiprintf.o)
 .text.__sprint_r
                0x0002e6f0       0x14 c:/program files (x86)/gnu tools arm embedded/5.4 2016q2/bin/../lib/gcc/arm-none-eabi/5.4.1/../../../../arm-none-eabi/lib/armv7e-m/softfp\libc.a(lib_a-vfiprintf.o)
                0x0002e6f0                __sprint_r
 .text.__swbuf_r
                0x0002e704       0xac c:/program files (x86)/gnu tools arm embedded/5.4 2016q2/bin/../lib/gcc/arm-none-eabi/5.4.1/../../../../arm-none-eabi/lib/armv7e-m/softfp\libc.a(lib_a-wbuf.o)
                0x0002e704                __swbuf_r
 .text.__register_exitproc
                0x0002e7b0       0xa4 c:/program files (x86)/gnu tools arm embedded/5.4 2016q2/bin/../lib/gcc/arm-none-eabi/5.4.1/../../../../arm-none-eabi/lib/armv7e-m/softfp\libc.a(lib_a-__atexit.o)
                0x0002e7b0                __register_exitproc
 .text._calloc_r
                0x0002e854       0x60 c:/program files (x86)/gnu tools arm embedded/5.4 2016q2/bin/../lib/gcc/arm-none-eabi/5.4.1/../../../../arm-none-eabi/lib/armv7e-m/softfp\libc.a(lib_a-callocr.o)
                0x0002e854                _calloc_r
 .text.__fputwc
                0x0002e8b4       0x98 c:/program files (x86)/gnu tools arm embedded/5.4 2016q2/bin/../lib/gcc/arm-none-eabi/5.4.1/../../../../arm-none-eabi/lib/armv7e-m/softfp\libc.a(lib_a-fputwc.o)
                0x0002e8b4                __fputwc
 .text._fputwc_r
                0x0002e94c       0x28 c:/program files (x86)/gnu tools arm embedded/5.4 2016q2/bin/../lib/gcc/arm-none-eabi/5.4.1/../../../../arm-none-eabi/lib/armv7e-m/softfp\libc.a(lib_a-fputwc.o)
                0x0002e94c                _fputwc_r
 .text._fstat_r
                0x0002e974       0x28 c:/program files (x86)/gnu tools arm embedded/5.4 2016q2/bin/../lib/gcc/arm-none-eabi/5.4.1/../../../../arm-none-eabi/lib/armv7e-m/softfp\libc.a(lib_a-fstatr.o)
                0x0002e974                _fstat_r
 .text._isatty_r
                0x0002e99c       0x24 c:/program files (x86)/gnu tools arm embedded/5.4 2016q2/bin/../lib/gcc/arm-none-eabi/5.4.1/../../../../arm-none-eabi/lib/armv7e-m/softfp\libc.a(lib_a-isattyr.o)
                0x0002e99c                _isatty_r
 .text._wcrtomb_r
                0x0002e9c0       0x54 c:/program files (x86)/gnu tools arm embedded/5.4 2016q2/bin/../lib/gcc/arm-none-eabi/5.4.1/../../../../arm-none-eabi/lib/armv7e-m/softfp\libc.a(lib_a-wcrtomb.o)
                0x0002e9c0                _wcrtomb_r
 .text.__ascii_wctomb
                0x0002ea14       0x1c c:/program files (x86)/gnu tools arm embedded/5.4 2016q2/bin/../lib/gcc/arm-none-eabi/5.4.1/../../../../arm-none-eabi/lib/armv7e-m/softfp\libc.a(lib_a-wctomb_r.o)
                0x0002ea14                __ascii_wctomb
 .text          0x0002ea30      0x370 c:/program files (x86)/gnu tools arm embedded/5.4 2016q2/bin/../lib/gcc/arm-none-eabi/5.4.1/armv7e-m/softfp\libgcc.a(_arm_addsubdf3.o)
                0x0002ea30                __aeabi_drsub
                0x0002ea38                __aeabi_dsub
                0x0002ea38                __subdf3
                0x0002ea3c                __aeabi_dadd
                0x0002ea3c                __adddf3
                0x0002ecb4                __floatunsidf
                0x0002ecb4                __aeabi_ui2d
                0x0002ecd4                __floatsidf
                0x0002ecd4                __aeabi_i2d
                0x0002ecf8                __aeabi_f2d
                0x0002ecf8                __extendsfdf2
                0x0002ed34                __floatundidf
                0x0002ed34                __aeabi_ul2d
                0x0002ed44                __floatdidf
                0x0002ed44                __aeabi_l2d
 .text          0x0002eda0      0x424 c:/program files (x86)/gnu tools arm embedded/5.4 2016q2/bin/../lib/gcc/arm-none-eabi/5.4.1/armv7e-m/softfp\libgcc.a(_arm_muldivdf3.o)
                0x0002eda0                __aeabi_dmul
                0x0002eda0                __muldf3
                0x0002eff4                __divdf3
                0x0002eff4                __aeabi_ddiv
 .text          0x0002f1c4      0x110 c:/program files (x86)/gnu tools arm embedded/5.4 2016q2/bin/../lib/gcc/arm-none-eabi/5.4.1/armv7e-m/softfp\libgcc.a(_arm_cmpdf2.o)
                0x0002f1c4                __gtdf2
                0x0002f1c4                __gedf2
                0x0002f1cc                __ltdf2
                0x0002f1cc                __ledf2
                0x0002f1d4                __nedf2
                0x0002f1d4                __eqdf2
                0x0002f1d4                __cmpdf2
                0x0002f250                __aeabi_cdrcmple
                0x0002f260                __aeabi_cdcmpeq
                0x0002f260                __aeabi_cdcmple
                0x0002f270                __aeabi_dcmpeq
                0x0002f284                __aeabi_dcmplt
                0x0002f298                __aeabi_dcmple
                0x0002f2ac                __aeabi_dcmpge
                0x0002f2c0                __aeabi_dcmpgt
 .text          0x0002f2d4       0x2c c:/program files (x86)/gnu tools arm embedded/5.4 2016q2/bin/../lib/gcc/arm-none-eabi/5.4.1/armv7e-m/softfp\libgcc.a(_arm_unorddf2.o)
                0x0002f2d4                __unorddf2
                0x0002f2d4                __aeabi_dcmpun
 .text          0x0002f300       0x50 c:/program files (x86)/gnu tools arm embedded/5.4 2016q2/bin/../lib/gcc/arm-none-eabi/5.4.1/armv7e-m/softfp\libgcc.a(_arm_fixdfsi.o)
                0x0002f300                __aeabi_d2iz
                0x0002f300                __fixdfsi
 *(.init)
 .init          0x0002f350        0x4 c:/program files (x86)/gnu tools arm embedded/5.4 2016q2/bin/../lib/gcc/arm-none-eabi/5.4.1/armv7e-m/softfp/crti.o
                0x0002f350                _init
 .init          0x0002f354        0x8 c:/program files (x86)/gnu tools arm embedded/5.4 2016q2/bin/../lib/gcc/arm-none-eabi/5.4.1/armv7e-m/softfp/crtn.o
 *(.fini)
 .fini          0x0002f35c        0x4 c:/program files (x86)/gnu tools arm embedded/5.4 2016q2/bin/../lib/gcc/arm-none-eabi/5.4.1/armv7e-m/softfp/crti.o
                0x0002f35c                _fini
 .fini          0x0002f360        0x8 c:/program files (x86)/gnu tools arm embedded/5.4 2016q2/bin/../lib/gcc/arm-none-eabi/5.4.1/armv7e-m/softfp/crtn.o
 *crtbegin.o(.ctors)
 *crtbegin?.o(.ctors)
 *(EXCLUDE_FILE(*crtend.o *crtend?.o) .ctors)
 *(SORT(.ctors.*))
 *(.ctors)
 *crtbegin.o(.dtors)
 *crtbegin?.o(.dtors)
 *(EXCLUDE_FILE(*crtend.o *crtend?.o) .dtors)
 *(SORT(.dtors.*))
 *(.dtors)
 *(.rodata*)
 .rodata        0x0002f368       0x15 ./displayls013b7dh03.o
 *fill*         0x0002f37d        0x3 
 .rodata        0x0002f380       0x58 ./displaypalemlib.o
 .rodata.exampleKey
                0x0002f3d8       0x10 ./main.o
                0x0002f3d8                exampleKey
 .rodata.initVector
                0x0002f3e8       0x10 ./main.o
                0x0002f3e8                initVector
 .rodata        0x0002f3f8       0x22 ./main.o
 *fill*         0x0002f41a        0x2 
 .rodata.config
                0x0002f41c       0xe8 ./main.o
 .rodata.heaperr.6913
                0x0002f504       0x1a ./retargetio.o
 *fill*         0x0002f51e        0x2 
 .rodata.chars_6x8_bits
                0x0002f520      0x320 ./textdisplay.o
 .rodata.escapeSequences.5371
                0x0002f840       0x18 ./textdisplay.o
 .rodata        0x0002f858        0x4 ./bgapi/dmadrv.o
 .rodata.i2cNSum
                0x0002f85c        0x4 ./emlib/em_i2c.o
 .rodata        0x0002f860       0x18 ./kit/BRD4302A/udelay.o
 .rodata        0x0002f878       0x24 ./kit_flashpwr/BRD4302A/mx25flash_spi.o
 .rodata        0x0002f89c       0x50 ./src/InitDevice.o
 .rodata        0x0002f8ec       0x78 C:/SiliconLabs/SimplicityStudio/v4/developer/sdks/gecko_sdk_suite/v1.0//protocol/bluetooth_2.3/lib/EFR32BG1B/GCC/bgapi.a(gecko_bgapi_hardware.c.obj)
 .rodata        0x0002f964       0x30 C:/SiliconLabs/SimplicityStudio/v4/developer/sdks/gecko_sdk_suite/v1.0//protocol/bluetooth_2.3/lib/EFR32BG1B/GCC/bgapi.a(gecko_bgapi_test.c.obj)
 .rodata        0x0002f994       0x18 C:/SiliconLabs/SimplicityStudio/v4/developer/sdks/gecko_sdk_suite/v1.0//protocol/bluetooth_2.3/lib/EFR32BG1B/GCC/bgapi.a(gecko_bgapi_util.c.obj)
 .rodata        0x0002f9ac       0x28 C:/SiliconLabs/SimplicityStudio/v4/developer/sdks/gecko_sdk_suite/v1.0//protocol/bluetooth_2.3/lib/EFR32BG1B/GCC/bgapi.a(gecko_bgapi_dfu.c.obj)
 .rodata        0x0002f9d4       0x70 C:/SiliconLabs/SimplicityStudio/v4/developer/sdks/gecko_sdk_suite/v1.0//protocol/bluetooth_2.3/lib/EFR32BG1B/GCC/bgapi.a(gecko_bgapi_gap.c.obj)
 .rodata        0x0002fa44       0xa0 C:/SiliconLabs/SimplicityStudio/v4/developer/sdks/gecko_sdk_suite/v1.0//protocol/bluetooth_2.3/lib/EFR32BG1B/GCC/bgapi.a(gecko_bgapi_gatt.c.obj)
 .rodata        0x0002fae4       0x48 C:/SiliconLabs/SimplicityStudio/v4/developer/sdks/gecko_sdk_suite/v1.0//protocol/bluetooth_2.3/lib/EFR32BG1B/GCC/bgapi.a(gecko_bgapi_gatt_server.c.obj)
 .rodata        0x0002fb2c       0x30 C:/SiliconLabs/SimplicityStudio/v4/developer/sdks/gecko_sdk_suite/v1.0//protocol/bluetooth_2.3/lib/EFR32BG1B/GCC/bgapi.a(gecko_bgapi_flash.c.obj)
 .rodata        0x0002fb5c       0x80 C:/SiliconLabs/SimplicityStudio/v4/developer/sdks/gecko_sdk_suite/v1.0//protocol/bluetooth_2.3/lib/EFR32BG1B/GCC/bgapi.a(gecko_bgapi_sm.c.obj)
 .rodata        0x0002fbdc       0x38 C:/SiliconLabs/SimplicityStudio/v4/developer/sdks/gecko_sdk_suite/v1.0//protocol/bluetooth_2.3/lib/EFR32BG1B/GCC/bgapi.a(gecko_bgapi_system.c.obj)
 .rodata        0x0002fc14       0x38 C:/SiliconLabs/SimplicityStudio/v4/developer/sdks/gecko_sdk_suite/v1.0//protocol/bluetooth_2.3/lib/EFR32BG1B/GCC/bgapi.a(gecko_bgapi_endpoint.c.obj)
 .rodata        0x0002fc4c       0x28 C:/SiliconLabs/SimplicityStudio/v4/developer/sdks/gecko_sdk_suite/v1.0//protocol/bluetooth_2.3/lib/EFR32BG1B/GCC/bgapi.a(gecko_bgapi_le_connection.c.obj)
 .rodata        0x0002fc74       0x18 C:/SiliconLabs/SimplicityStudio/v4/developer/sdks/gecko_sdk_suite/v1.0//protocol/bluetooth_2.3/lib/EFR32BG1B/GCC/bgapi.a(bgapi_sm.c.obj)
 .rodata        0x0002fc8c       0x18 C:/SiliconLabs/SimplicityStudio/v4/developer/sdks/gecko_sdk_suite/v1.0//protocol/bluetooth_2.3/lib/EFR32BG1B/GCC/bgapi.a(adc.c.obj)
 .rodata        0x0002fca4       0x40 C:/SiliconLabs/SimplicityStudio/v4/developer/sdks/gecko_sdk_suite/v1.0//protocol/bluetooth_2.3/lib/EFR32BG1B/GCC/bgapi.a(gpio.c.obj)
 .rodata        0x0002fce4       0x10 C:/SiliconLabs/SimplicityStudio/v4/developer/sdks/gecko_sdk_suite/v1.0//protocol/bluetooth_2.3/lib/EFR32BG1B/GCC/bgapi.a(i2c.c.obj)
 .rodata        0x0002fcf4       0x60 C:/SiliconLabs/SimplicityStudio/v4/developer/sdks/gecko_sdk_suite/v1.0//protocol/bluetooth_2.3/lib/EFR32BG1B/GCC/bgapi.a(uart.c.obj)
 .rodata._ctype_
                0x0002fd54      0x101 c:/program files (x86)/gnu tools arm embedded/5.4 2016q2/bin/../lib/gcc/arm-none-eabi/5.4.1/../../../../arm-none-eabi/lib/armv7e-m/softfp\libc.a(lib_a-ctype_.o)
                0x0002fd54                _ctype_
 *fill*         0x0002fe55        0x3 
 .rodata.str1.4
                0x0002fe58        0x2 c:/program files (x86)/gnu tools arm embedded/5.4 2016q2/bin/../lib/gcc/arm-none-eabi/5.4.1/../../../../arm-none-eabi/lib/armv7e-m/softfp\libc.a(lib_a-impure.o)
 *fill*         0x0002fe5a        0x2 
 .rodata._global_impure_ptr
                0x0002fe5c        0x4 c:/program files (x86)/gnu tools arm embedded/5.4 2016q2/bin/../lib/gcc/arm-none-eabi/5.4.1/../../../../arm-none-eabi/lib/armv7e-m/softfp\libc.a(lib_a-impure.o)
                0x0002fe5c                _global_impure_ptr
 .rodata.str1.4
                0x0002fe60        0x2 c:/program files (x86)/gnu tools arm embedded/5.4 2016q2/bin/../lib/gcc/arm-none-eabi/5.4.1/../../../../arm-none-eabi/lib/armv7e-m/softfp\libc.a(lib_a-puts.o)
 *fill*         0x0002fe62        0x2 
 .rodata.blanks.7072
                0x0002fe64       0x10 c:/program files (x86)/gnu tools arm embedded/5.4 2016q2/bin/../lib/gcc/arm-none-eabi/5.4.1/../../../../arm-none-eabi/lib/armv7e-m/softfp\libc.a(lib_a-vfprintf.o)
 .rodata.str1.4
                0x0002fe74       0x42 c:/program files (x86)/gnu tools arm embedded/5.4 2016q2/bin/../lib/gcc/arm-none-eabi/5.4.1/../../../../arm-none-eabi/lib/armv7e-m/softfp\libc.a(lib_a-vfprintf.o)
 *fill*         0x0002feb6        0x2 
 .rodata.zeroes.7073
                0x0002feb8       0x10 c:/program files (x86)/gnu tools arm embedded/5.4 2016q2/bin/../lib/gcc/arm-none-eabi/5.4.1/../../../../arm-none-eabi/lib/armv7e-m/softfp\libc.a(lib_a-vfprintf.o)
 .rodata.str1.4
                0x0002fec8       0x10 c:/program files (x86)/gnu tools arm embedded/5.4 2016q2/bin/../lib/gcc/arm-none-eabi/5.4.1/../../../../arm-none-eabi/lib/armv7e-m/softfp\libc.a(lib_a-dtoa.o)
                                 0x12 (size before relaxing)
 .rodata.str1.4
                0x0002fed8        0xc c:/program files (x86)/gnu tools arm embedded/5.4 2016q2/bin/../lib/gcc/arm-none-eabi/5.4.1/../../../../arm-none-eabi/lib/armv7e-m/softfp\libc.a(lib_a-locale.o)
                                 0x12 (size before relaxing)
 .rodata.p05.5398
                0x0002fee4        0xc c:/program files (x86)/gnu tools arm embedded/5.4 2016q2/bin/../lib/gcc/arm-none-eabi/5.4.1/../../../../arm-none-eabi/lib/armv7e-m/softfp\libc.a(lib_a-mprec.o)
 .rodata.__mprec_tens
                0x0002fef0       0xc8 c:/program files (x86)/gnu tools arm embedded/5.4 2016q2/bin/../lib/gcc/arm-none-eabi/5.4.1/../../../../arm-none-eabi/lib/armv7e-m/softfp\libc.a(lib_a-mprec.o)
                0x0002fef0                __mprec_tens
 .rodata.__mprec_bigtens
                0x0002ffb8       0x28 c:/program files (x86)/gnu tools arm embedded/5.4 2016q2/bin/../lib/gcc/arm-none-eabi/5.4.1/../../../../arm-none-eabi/lib/armv7e-m/softfp\libc.a(lib_a-mprec.o)
                0x0002ffb8                __mprec_bigtens
 *(.eh_frame*)
 .eh_frame      0x0002ffe0        0x0 c:/program files (x86)/gnu tools arm embedded/5.4 2016q2/bin/../lib/gcc/arm-none-eabi/5.4.1/armv7e-m/softfp/crtbegin.o
 .eh_frame      0x0002ffe0        0x4 c:/program files (x86)/gnu tools arm embedded/5.4 2016q2/bin/../lib/gcc/arm-none-eabi/5.4.1/armv7e-m/softfp/crtend.o
                0x0002ffe4                . = ALIGN (0x4)

.glue_7         0x0002ffe4        0x0
 .glue_7        0x0002ffe4        0x0 linker stubs

.glue_7t        0x0002ffe4        0x0
 .glue_7t       0x0002ffe4        0x0 linker stubs

.vfp11_veneer   0x0002ffe4        0x0
 .vfp11_veneer  0x0002ffe4        0x0 linker stubs

.v4_bx          0x0002ffe4        0x0
 .v4_bx         0x0002ffe4        0x0 linker stubs

.iplt           0x0002ffe4        0x0
 .iplt          0x0002ffe4        0x0 c:/program files (x86)/gnu tools arm embedded/5.4 2016q2/bin/../lib/gcc/arm-none-eabi/5.4.1/armv7e-m/softfp/crtbegin.o

.igot.plt       0x0002ffe4        0x0
 .igot.plt      0x0002ffe4        0x0 c:/program files (x86)/gnu tools arm embedded/5.4 2016q2/bin/../lib/gcc/arm-none-eabi/5.4.1/armv7e-m/softfp/crtbegin.o

.text_app_ARM.extab
 *(.ARM.extab* .gnu.linkonce.armextab.*)
                0x0002ffe4                __exidx_start = .

.text_app_ARM.exidx
                0x0002ffe4        0x8
 *(.ARM.exidx* .gnu.linkonce.armexidx.*)
 .ARM.exidx     0x0002ffe4        0x8 c:/program files (x86)/gnu tools arm embedded/5.4 2016q2/bin/../lib/gcc/arm-none-eabi/5.4.1/../../../../arm-none-eabi/lib/armv7e-m/softfp/crt0.o
 .ARM.exidx     0x0002ffec        0x0 c:/program files (x86)/gnu tools arm embedded/5.4 2016q2/bin/../lib/gcc/arm-none-eabi/5.4.1/armv7e-m/softfp\libgcc.a(_udivmoddi4.o)
                                  0x8 (size before relaxing)
                0x0002ffec                __exidx_end = .
                0x0002ffec                __etext = .

.rel.dyn        0x0002ffec        0x0
 .rel.iplt      0x0002ffec        0x0 c:/program files (x86)/gnu tools arm embedded/5.4 2016q2/bin/../lib/gcc/arm-none-eabi/5.4.1/armv7e-m/softfp/crtbegin.o

.text_app_data  0x20003000      0x93c load address 0x0002ffec
                0x20003000                __data_start__ = .
 *(vtable)
 *(.data*)
 .data.pDisplayDeviceDriverInitFunctions
                0x20003000        0x8 ./display.o
 .data.pixelMatrixPool
                0x20003008        0x4 ./displayls013b7dh03.o
 .data.bg_gattdb_data_attribute_field_21_data
                0x2000300c        0x1 ./gatt_db.o
                0x2000300c                bg_gattdb_data_attribute_field_21_data
 *fill*         0x2000300d        0x3 
 .data.bg_gattdb_data_attribute_field_6_data
                0x20003010        0x7 ./gatt_db.o
                0x20003010                bg_gattdb_data_attribute_field_6_data
 *fill*         0x20003017        0x1 
 .data.pinvalue
                0x20003018        0x6 ./main.o
 *fill*         0x2000301e        0x2 
 .data.ptr_pinvalue
                0x20003020        0x4 ./main.o
 .data.newpin   0x20003024        0x1 ./main.o
 *fill*         0x20003025        0x3 
 .data.ptr_newpin
                0x20003028        0x4 ./main.o
 .data.pin      0x2000302c       0x24 ./main.o
 .data.auxHfrcoFreq
                0x20003050        0x4 ./emlib/em_cmu.o
 .data.loops_per_jiffy
                0x20003054        0x4 ./kit/BRD4302A/udelay.o
                0x20003054                loops_per_jiffy
 .data          0x20003058        0x1 C:/SiliconLabs/SimplicityStudio/v4/developer/sdks/gecko_sdk_suite/v1.0//protocol/bluetooth_2.3/lib/EFR32BG1B/GCC/bgapi.a(bgapi_endpoint.c.obj)
 *fill*         0x20003059        0x3 
 .data          0x2000305c       0x30 C:/SiliconLabs/SimplicityStudio/v4/developer/sdks/gecko_sdk_suite/v1.0//protocol/bluetooth_2.3/lib/EFR32BG1B/GCC/bgapi.a(adc.c.obj)
 .data.__ctype_ptr__
                0x2000308c        0x4 c:/program files (x86)/gnu tools arm embedded/5.4 2016q2/bin/../lib/gcc/arm-none-eabi/5.4.1/../../../../arm-none-eabi/lib/armv7e-m/softfp\libc.a(lib_a-ctype_.o)
                0x2000308c                __ctype_ptr__
 .data.impure_data
                0x20003090      0x428 c:/program files (x86)/gnu tools arm embedded/5.4 2016q2/bin/../lib/gcc/arm-none-eabi/5.4.1/../../../../arm-none-eabi/lib/armv7e-m/softfp\libc.a(lib_a-impure.o)
 .data._impure_ptr
                0x200034b8        0x4 c:/program files (x86)/gnu tools arm embedded/5.4 2016q2/bin/../lib/gcc/arm-none-eabi/5.4.1/../../../../arm-none-eabi/lib/armv7e-m/softfp\libc.a(lib_a-impure.o)
                0x200034b8                _impure_ptr
 .data.__malloc_av_
                0x200034bc      0x408 c:/program files (x86)/gnu tools arm embedded/5.4 2016q2/bin/../lib/gcc/arm-none-eabi/5.4.1/../../../../arm-none-eabi/lib/armv7e-m/softfp\libc.a(lib_a-mallocr.o)
                0x200034bc                __malloc_av_
 .data.__malloc_trim_threshold
                0x200038c4        0x4 c:/program files (x86)/gnu tools arm embedded/5.4 2016q2/bin/../lib/gcc/arm-none-eabi/5.4.1/../../../../arm-none-eabi/lib/armv7e-m/softfp\libc.a(lib_a-mallocr.o)
                0x200038c4                __malloc_trim_threshold
 .data.__malloc_sbrk_base
                0x200038c8        0x4 c:/program files (x86)/gnu tools arm embedded/5.4 2016q2/bin/../lib/gcc/arm-none-eabi/5.4.1/../../../../arm-none-eabi/lib/armv7e-m/softfp\libc.a(lib_a-mallocr.o)
                0x200038c8                __malloc_sbrk_base
 .data.lconv    0x200038cc       0x38 c:/program files (x86)/gnu tools arm embedded/5.4 2016q2/bin/../lib/gcc/arm-none-eabi/5.4.1/../../../../arm-none-eabi/lib/armv7e-m/softfp\libc.a(lib_a-locale.o)
 .data.lc_ctype_charset
                0x20003904       0x20 c:/program files (x86)/gnu tools arm embedded/5.4 2016q2/bin/../lib/gcc/arm-none-eabi/5.4.1/../../../../arm-none-eabi/lib/armv7e-m/softfp\libc.a(lib_a-locale.o)
 .data.__mb_cur_max
                0x20003924        0x4 c:/program files (x86)/gnu tools arm embedded/5.4 2016q2/bin/../lib/gcc/arm-none-eabi/5.4.1/../../../../arm-none-eabi/lib/armv7e-m/softfp\libc.a(lib_a-locale.o)
                0x20003924                __mb_cur_max
 .data.__wctomb
                0x20003928        0x4 c:/program files (x86)/gnu tools arm embedded/5.4 2016q2/bin/../lib/gcc/arm-none-eabi/5.4.1/../../../../arm-none-eabi/lib/armv7e-m/softfp\libc.a(lib_a-wctomb_r.o)
                0x20003928                __wctomb
                0x2000392c                . = ALIGN (0x4)
 *(.ram)
                0x2000392c                . = ALIGN (0x4)
                0x2000392c                PROVIDE (__preinit_array_start, .)
 *(.preinit_array)
                0x2000392c                PROVIDE (__preinit_array_end, .)
                0x2000392c                . = ALIGN (0x4)
                0x2000392c                PROVIDE (__init_array_start, .)
 *(SORT(.init_array.*))
 .init_array.00000
                0x2000392c        0x4 c:/program files (x86)/gnu tools arm embedded/5.4 2016q2/bin/../lib/gcc/arm-none-eabi/5.4.1/../../../../arm-none-eabi/lib/armv7e-m/softfp\libc.a(lib_a-__call_atexit.o)
 *(.init_array)
 .init_array    0x20003930        0x4 c:/program files (x86)/gnu tools arm embedded/5.4 2016q2/bin/../lib/gcc/arm-none-eabi/5.4.1/armv7e-m/softfp/crtbegin.o
                0x20003934                PROVIDE (__init_array_end, .)
                0x20003934                . = ALIGN (0x4)
                0x20003934                PROVIDE (__fini_array_start, .)
 *(SORT(.fini_array.*))
 *(.fini_array)
 .fini_array    0x20003934        0x4 c:/program files (x86)/gnu tools arm embedded/5.4 2016q2/bin/../lib/gcc/arm-none-eabi/5.4.1/armv7e-m/softfp/crtbegin.o
                0x20003938                PROVIDE (__fini_array_end, .)
 *(.jcr*)
 .jcr           0x20003938        0x0 c:/program files (x86)/gnu tools arm embedded/5.4 2016q2/bin/../lib/gcc/arm-none-eabi/5.4.1/armv7e-m/softfp/crtbegin.o
 .jcr           0x20003938        0x4 c:/program files (x86)/gnu tools arm embedded/5.4 2016q2/bin/../lib/gcc/arm-none-eabi/5.4.1/armv7e-m/softfp/crtend.o
                0x2000393c                . = ALIGN (0x4)
                0x2000393c                __data_end__ = .

.bss            0x2000393c     0x1df4 load address 0x00030928
                0x2000393c                . = ALIGN (0x4)
                0x2000393c                __bss_start__ = .
 *(.bss*)
 .bss           0x2000393c       0x1c c:/program files (x86)/gnu tools arm embedded/5.4 2016q2/bin/../lib/gcc/arm-none-eabi/5.4.1/armv7e-m/softfp/crtbegin.o
 .bss.deviceTable
                0x20003958       0x30 ./display.o
 .bss.moduleInitialized
                0x20003988        0x1 ./display.o
 *fill*         0x20003989        0x3 
 .bss.devicesRegistered
                0x2000398c        0x4 ./display.o
 .bss.lcdPolarity
                0x20003990        0x1 ./displayls013b7dh03.o
 *fill*         0x20003991        0x3 
 .bss.pixelMatrixPoolBase
                0x20003994       0x80 ./displayls013b7dh03.o
 .bss.bg_gattdb_data_attribute_field_18_data
                0x20003a14        0x6 ./gatt_db.o
                0x20003a14                bg_gattdb_data_attribute_field_18_data
 *fill*         0x20003a1a        0x2 
 .bss.bg_gattdb_data_attribute_field_2_data
                0x20003a1c        0x4 ./gatt_db.o
                0x20003a1c                bg_gattdb_data_attribute_field_2_data
 .bss.rx_data_count
                0x20003a20        0x1 ./main.o
 .bss.tx_data_count
                0x20003a21        0x1 ./main.o
 .bss.pin_counter
                0x20003a22        0x1 ./main.o
 *fill*         0x20003a23        0x1 
 .bss.heap_end.6911
                0x20003a24        0x4 ./retargetio.o
 .bss.textDisplayHandle
                0x20003a28        0x4 ./retargettextdisplay.o
                0x20003a28                textDisplayHandle
 .bss.escapeSequence.5370
                0x20003a2c        0x4 ./textdisplay.o
 .bss.initialized
                0x20003a30        0x1 ./bgapi/dmadrv.o
 *fill*         0x20003a31        0x3 
 .bss.chTable   0x20003a34       0xa0 ./bgapi/dmadrv.o
 .bss.dmaXfer   0x20003ad4      0x100 ./bgapi/dmadrv.o
 .bss           0x20003bd4      0x100 C:/SiliconLabs/SimplicityStudio/v4/developer/sdks/gecko_sdk_suite/v1.0//protocol/bluetooth_2.3/lib/EFR32BG1B/GCC/bgapi.a(bgapi_hardware_lib.c.obj)
 .bss           0x20003cd4        0x4 C:/SiliconLabs/SimplicityStudio/v4/developer/sdks/gecko_sdk_suite/v1.0//protocol/bluetooth_2.3/lib/EFR32BG1B/GCC/bgapi.a(bgapi_hardware.c.obj)
 .bss           0x20003cd8       0x10 C:/SiliconLabs/SimplicityStudio/v4/developer/sdks/gecko_sdk_suite/v1.0//protocol/bluetooth_2.3/lib/EFR32BG1B/GCC/bgapi.a(bgapi_util.c.obj)
 .bss           0x20003ce8        0x2 C:/SiliconLabs/SimplicityStudio/v4/developer/sdks/gecko_sdk_suite/v1.0//protocol/bluetooth_2.3/lib/EFR32BG1B/GCC/bgapi.a(bgapi_gap.c.obj)
                0x20003ce8                legacy_maxadv_events
 *fill*         0x20003cea        0x2 
 .bss           0x20003cec        0x4 C:/SiliconLabs/SimplicityStudio/v4/developer/sdks/gecko_sdk_suite/v1.0//protocol/bluetooth_2.3/lib/EFR32BG1B/GCC/bgapi.a(bgapi_sm.c.obj)
 .bss           0x20003cf0        0xc C:/SiliconLabs/SimplicityStudio/v4/developer/sdks/gecko_sdk_suite/v1.0//protocol/bluetooth_2.3/lib/EFR32BG1B/GCC/bgapi.a(bgapi_endpoint.c.obj)
 .bss           0x20003cfc        0x4 C:/SiliconLabs/SimplicityStudio/v4/developer/sdks/gecko_sdk_suite/v1.0//protocol/bluetooth_2.3/lib/EFR32BG1B/GCC/bgapi.a(adc.c.obj)
 .bss           0x20003d00        0x2 C:/SiliconLabs/SimplicityStudio/v4/developer/sdks/gecko_sdk_suite/v1.0//protocol/bluetooth_2.3/lib/EFR32BG1B/GCC/bgapi.a(i2c.c.obj)