Archive member included to satisfy reference by file (symbol)

C:/SiliconLabs/SimplicityStudio/v4/developer/sdks/gecko_sdk_suite/v1.0//protocol/bluetooth_2.3/lib/EFR32BG1B/GCC/bgapi.a(gecko_bgapi_hardware.c.obj)
                              ./main.o (gecko_bgapi_class_hardware_init)
C:/SiliconLabs/SimplicityStudio/v4/developer/sdks/gecko_sdk_suite/v1.0//protocol/bluetooth_2.3/lib/EFR32BG1B/GCC/bgapi.a(gecko_bgapi_test.c.obj)
                              ./main.o (gecko_bgapi_class_test_init)
C:/SiliconLabs/SimplicityStudio/v4/developer/sdks/gecko_sdk_suite/v1.0//protocol/bluetooth_2.3/lib/EFR32BG1B/GCC/bgapi.a(gecko_bgapi_util.c.obj)
                              ./main.o (gecko_bgapi_class_util_init)
C:/SiliconLabs/SimplicityStudio/v4/developer/sdks/gecko_sdk_suite/v1.0//protocol/bluetooth_2.3/lib/EFR32BG1B/GCC/bgapi.a(gecko_bgapi_dfu.c.obj)
                              ./main.o (gecko_bgapi_class_dfu_init)
C:/SiliconLabs/SimplicityStudio/v4/developer/sdks/gecko_sdk_suite/v1.0//protocol/bluetooth_2.3/lib/EFR32BG1B/GCC/bgapi.a(gecko_bgapi_gap.c.obj)
                              ./main.o (gecko_bgapi_class_le_gap_init)
C:/SiliconLabs/SimplicityStudio/v4/developer/sdks/gecko_sdk_suite/v1.0//protocol/bluetooth_2.3/lib/EFR32BG1B/GCC/bgapi.a(gecko_bgapi_gatt.c.obj)
                              ./main.o (gecko_bgapi_class_gatt_init)
C:/SiliconLabs/SimplicityStudio/v4/developer/sdks/gecko_sdk_suite/v1.0//protocol/bluetooth_2.3/lib/EFR32BG1B/GCC/bgapi.a(gecko_bgapi_gatt_server.c.obj)
                              ./main.o (gecko_bgapi_class_gatt_server_init)
C:/SiliconLabs/SimplicityStudio/v4/developer/sdks/gecko_sdk_suite/v1.0//protocol/bluetooth_2.3/lib/EFR32BG1B/GCC/bgapi.a(gecko_bgapi_flash.c.obj)
                              ./main.o (gecko_bgapi_class_flash_init)
C:/SiliconLabs/SimplicityStudio/v4/developer/sdks/gecko_sdk_suite/v1.0//protocol/bluetooth_2.3/lib/EFR32BG1B/GCC/bgapi.a(gecko_bgapi_sm.c.obj)
                              ./main.o (gecko_bgapi_class_sm_init)
C:/SiliconLabs/SimplicityStudio/v4/developer/sdks/gecko_sdk_suite/v1.0//protocol/bluetooth_2.3/lib/EFR32BG1B/GCC/bgapi.a(gecko_bgapi_system.c.obj)
                              ./main.o (gecko_bgapi_class_system_init)
C:/SiliconLabs/SimplicityStudio/v4/developer/sdks/gecko_sdk_suite/v1.0//protocol/bluetooth_2.3/lib/EFR32BG1B/GCC/bgapi.a(gecko_bgapi_endpoint.c.obj)
                              ./main.o (gecko_bgapi_class_endpoint_init)
C:/SiliconLabs/SimplicityStudio/v4/developer/sdks/gecko_sdk_suite/v1.0//protocol/bluetooth_2.3/lib/EFR32BG1B/GCC/bgapi.a(gecko_bgapi_le_connection.c.obj)
                              ./main.o (gecko_bgapi_class_le_connection_init)
C:/SiliconLabs/SimplicityStudio/v4/developer/sdks/gecko_sdk_suite/v1.0//protocol/bluetooth_2.3/lib/EFR32BG1B/GCC/bgapi.a(bgapi_hardware_lib.c.obj)
                              C:/SiliconLabs/SimplicityStudio/v4/developer/sdks/gecko_sdk_suite/v1.0//protocol/bluetooth_2.3/lib/EFR32BG1B/GCC/bgapi.a(gecko_bgapi_hardware.c.obj) (gecko_cmd_hardware_read_i2c)
C:/SiliconLabs/SimplicityStudio/v4/developer/sdks/gecko_sdk_suite/v1.0//protocol/bluetooth_2.3/lib/EFR32BG1B/GCC/bgapi.a(bgapi_hardware.c.obj)
                              C:/SiliconLabs/SimplicityStudio/v4/developer/sdks/gecko_sdk_suite/v1.0//protocol/bluetooth_2.3/lib/EFR32BG1B/GCC/bgapi.a(gecko_bgapi_hardware.c.obj) (lib_hardware_handler_init)
C:/SiliconLabs/SimplicityStudio/v4/developer/sdks/gecko_sdk_suite/v1.0//protocol/bluetooth_2.3/lib/EFR32BG1B/GCC/bgapi.a(bgapi_test_lib.c.obj)
                              C:/SiliconLabs/SimplicityStudio/v4/developer/sdks/gecko_sdk_suite/v1.0//protocol/bluetooth_2.3/lib/EFR32BG1B/GCC/bgapi.a(gecko_bgapi_test.c.obj) (lib_test_handler_init)
C:/SiliconLabs/SimplicityStudio/v4/developer/sdks/gecko_sdk_suite/v1.0//protocol/bluetooth_2.3/lib/EFR32BG1B/GCC/bgapi.a(bgapi_util.c.obj)
                              C:/SiliconLabs/SimplicityStudio/v4/developer/sdks/gecko_sdk_suite/v1.0//protocol/bluetooth_2.3/lib/EFR32BG1B/GCC/bgapi.a(gecko_bgapi_util.c.obj) (lib_util_handler_init)
C:/SiliconLabs/SimplicityStudio/v4/developer/sdks/gecko_sdk_suite/v1.0//protocol/bluetooth_2.3/lib/EFR32BG1B/GCC/bgapi.a(bgapi_dfu.c.obj)
                              C:/SiliconLabs/SimplicityStudio/v4/developer/sdks/gecko_sdk_suite/v1.0//protocol/bluetooth_2.3/lib/EFR32BG1B/GCC/bgapi.a(gecko_bgapi_dfu.c.obj) (lib_dfu_handler_init)
C:/SiliconLabs/SimplicityStudio/v4/developer/sdks/gecko_sdk_suite/v1.0//protocol/bluetooth_2.3/lib/EFR32BG1B/GCC/bgapi.a(bgapi_gap.c.obj)
                              C:/SiliconLabs/SimplicityStudio/v4/developer/sdks/gecko_sdk_suite/v1.0//protocol/bluetooth_2.3/lib/EFR32BG1B/GCC/bgapi.a(gecko_bgapi_gap.c.obj) (lib_le_gap_handler_init)
C:/SiliconLabs/SimplicityStudio/v4/developer/sdks/gecko_sdk_suite/v1.0//protocol/bluetooth_2.3/lib/EFR32BG1B/GCC/bgapi.a(bgapi_gatt_lib.c.obj)
[...]
Memory Configuration

Name             Origin             Length             Attributes
FLASH            0x00000000         0x0003f000         xr
RAM              0x20003000         0x00004bfc         xrw
*default*        0x00000000         0xffffffff

Linker script and memory map

LOAD c:/program files (x86)/gnu tools arm embedded/5.4 2016q2/bin/../lib/gcc/arm-none-eabi/5.4.1/armv7e-m/softfp/crti.o
LOAD c:/program files (x86)/gnu tools arm embedded/5.4 2016q2/bin/../lib/gcc/arm-none-eabi/5.4.1/armv7e-m/softfp/crtbegin.o
LOAD c:/program files (x86)/gnu tools arm embedded/5.4 2016q2/bin/../lib/gcc/arm-none-eabi/5.4.1/../../../../arm-none-eabi/lib/armv7e-m/softfp/crt0.o
LOAD ./application_properties.o
LOAD ./ble-callback-stubs.o
LOAD ./ble-callbacks.o
LOAD ./bsp_trace.o
LOAD ./display.o
LOAD ./displayls013b7dh03.o
LOAD ./displaypalemlib.o
LOAD ./gatt_db.o
LOAD ./main.o
LOAD ./retargetio.o
LOAD ./retargettextdisplay.o
LOAD ./textdisplay.o
LOAD ./bgapi/dmadrv.o
LOAD ./bgapi/em_adc.o
LOAD ./bgapi/em_ldma.o
LOAD ./bgapi/em_leuart.o
LOAD ./device/EFR32_B_1_1_B/gcc/startup_efr32bg1b.o
LOAD ./emlib/em_aes.o
LOAD ./emlib/em_assert.o
LOAD ./emlib/em_cmu.o
LOAD ./emlib/em_cryotimer.o
LOAD ./emlib/em_crypto.o
LOAD ./emlib/em_gpio.o
LOAD ./emlib/em_i2c.o
LOAD ./emlib/em_lcd.o
LOAD ./emlib/em_msc.o
LOAD ./emlib/em_prs.o
LOAD ./emlib/em_rtcc.o
LOAD ./emlib/em_system.o
LOAD ./emlib/em_usart.o
LOAD ./kit/BRD4302A/bsp_bcc.o
LOAD ./kit/BRD4302A/bsp_stk.o
LOAD ./kit/BRD4302A/bsp_stk_leds.o
LOAD ./kit/BRD4302A/i2cspm.o
LOAD ./kit/BRD4302A/si7013.o
LOAD ./kit/BRD4302A/tempsens.o
LOAD ./kit/BRD4302A/udelay.o
LOAD ./kit_flashpwr/BRD4302A/mx25flash_spi.o
LOAD ./src/InitDevice.o
LOAD C:/SiliconLabs/SimplicityStudio/v4/developer/sdks/gecko_sdk_suite/v1.0//protocol/bluetooth_2.3/lib/EFR32BG1B/GCC/bgapi.a
LOAD C:/SiliconLabs/SimplicityStudio/v4/developer/sdks/gecko_sdk_suite/v1.0//protocol/bluetooth_2.3/lib/EFR32BG1B/EABI/binbootloader.o
LOAD C:/SiliconLabs/SimplicityStudio/v4/developer/sdks/gecko_sdk_suite/v1.0//protocol/bluetooth_2.3/lib/EFR32BG1B/EABI/stack.a
LOAD C:/SiliconLabs/SimplicityStudio/v4/developer/sdks/gecko_sdk_suite/v1.0//protocol/bluetooth_2.3/lib/EFR32BG1B/EABI/binstack.o
LOAD c:/program files (x86)/gnu tools arm embedded/5.4 2016q2/bin/../lib/gcc/arm-none-eabi/5.4.1/../../../../arm-none-eabi/lib/armv7e-m/softfp\libm.a
START GROUP
LOAD c:/program files (x86)/gnu tools arm embedded/5.4 2016q2/bin/../lib/gcc/arm-none-eabi/5.4.1/armv7e-m/softfp\libgcc.a
LOAD c:/program files (x86)/gnu tools arm embedded/5.4 2016q2/bin/../lib/gcc/arm-none-eabi/5.4.1/../../../../arm-none-eabi/lib/armv7e-m/softfp\libc.a
LOAD c:/program files (x86)/gnu tools arm embedded/5.4 2016q2/bin/../lib/gcc/arm-none-eabi/5.4.1/../../../../arm-none-eabi/lib/armv7e-m/softfp\libnosys.a
END GROUP
START GROUP
LOAD c:/program files (x86)/gnu tools arm embedded/5.4 2016q2/bin/../lib/gcc/arm-none-eabi/5.4.1/armv7e-m/softfp\libgcc.a
LOAD c:/program files (x86)/gnu tools arm embedded/5.4 2016q2/bin/../lib/gcc/arm-none-eabi/5.4.1/../../../../arm-none-eabi/lib/armv7e-m/softfp\libg.a
LOAD c:/program files (x86)/gnu tools arm embedded/5.4 2016q2/bin/../lib/gcc/arm-none-eabi/5.4.1/../../../../arm-none-eabi/lib/armv7e-m/softfp\libc.a
END GROUP
LOAD c:/program files (x86)/gnu tools arm embedded/5.4 2016q2/bin/../lib/gcc/arm-none-eabi/5.4.1/armv7e-m/softfp/crtend.o
LOAD c:/program files (x86)/gnu tools arm embedded/5.4 2016q2/bin/../lib/gcc/arm-none-eabi/5.4.1/armv7e-m/softfp/crtn.o

.text_bootloader
                0x00000000     0x4000
 *(.binbootloader*)
 .binbootloader
                0x00000000      0x31c C:/SiliconLabs/SimplicityStudio/v4/developer/sdks/gecko_sdk_suite/v1.0//protocol/bluetooth_2.3/lib/EFR32BG1B/EABI/binbootloader.o
                0x00004000                . = ALIGN (0x4000)
 *fill*         0x0000031c     0x3ce4 

.text_stack_bin
                0x00004000    0x1d000
 *(.binstack*)
 .binstack      0x00004000    0x1cc10 C:/SiliconLabs/SimplicityStudio/v4/developer/sdks/gecko_sdk_suite/v1.0//protocol/bluetooth_2.3/lib/EFR32BG1B/EABI/binstack.o
                0x00021000                . = ALIGN (0x800)
 *fill*         0x00020c10      0x3f0 
                0x00021000                __text_start__ = .

.text_app       0x00021000     0xba0c
 *(.AAT)
 .AAT           0x00021000       0x80 ./main.o
                0x00021000                AppAddressTable
 *(.vectors)
 .vectors       0x00021080       0xc8 ./device/EFR32_B_1_1_B/gcc/startup_efr32bg1b.o
                0x00021080                __Vectors
                0x00021148                __Vectors_End = .
                0x000000c8                __Vectors_Size = (__Vectors_End - __Vectors)
                0x00021148                __end__ = .
 *(.gecko_configuration)
 *(.xo_configuration)
 *(.gatt_header)
 .gatt_header   0x00021148       0x30 ./gatt_db.o
                0x00021148                bg_gattdb_data
 *(.gatt_data)
 .gatt_data     0x00021178      0x31c ./gatt_db.o
                0x00021178                bg_gattdb_data_uuidtable_16_map
                0x00021190                bg_gattdb_data_uuidtable_128_map
                0x00021200                bg_gattdb_data_attribute_field_24
                0x0002121c                bg_gattdb_data_attribute_field_23
                0x00021234                bg_gattdb_data_attribute_field_22
                0x00021248                bg_gattdb_data_attribute_field_21
                0x00021250                bg_gattdb_data_attribute_field_20
                0x00021268                bg_gattdb_data_attribute_field_18
                0x00021270                bg_gattdb_data_attribute_field_17
                0x00021288                bg_gattdb_data_attribute_field_16
                0x0002129c                bg_gattdb_data_attribute_field_15
                0x000212ac                bg_gattdb_data_attribute_field_14
                0x000212c4                bg_gattdb_data_attribute_field_13
                0x000212d4                bg_gattdb_data_attribute_field_12
                0x000212ec                bg_gattdb_data_attribute_field_11
                0x0002130c                bg_gattdb_data_attribute_field_10
                0x00021314                bg_gattdb_data_attribute_field_9
                0x00021318                bg_gattdb_data_attribute_field_8
                0x0002131c                bg_gattdb_data_attribute_field_7
                0x00021324                bg_gattdb_data_attribute_field_6
                0x0002132c                bg_gattdb_data_attribute_field_5
                0x00021334                bg_gattdb_data_attribute_field_4
                0x00021338                bg_gattdb_data_attribute_field_2
                0x00021340                bg_gattdb_data_attribute_field_1
                0x00021348                bg_gattdb_data_attribute_field_0
                0x0002134c                bg_gattdb_data_attributes_map
                0x00021478                bg_gattdb_data_attributes_dynamic_mapping_map
                0x00021480                bg_gattdb_data_adv_uuid16_map
                0x00021484                bg_gattdb_data_adv_uuid128_map
 *(.text*)
 .text          0x00021494       0x5c c:/program files (x86)/gnu tools arm embedded/5.4 2016q2/bin/../lib/gcc/arm-none-eabi/5.4.1/armv7e-m/softfp/crtbegin.o
 .text          0x000214f0       0x74 c:/program files (x86)/gnu tools arm embedded/5.4 2016q2/bin/../lib/gcc/arm-none-eabi/5.4.1/../../../../arm-none-eabi/lib/armv7e-m/softfp/crt0.o
                0x000214f0                _start
                0x000214f0                _mainCRTStartup
 .text.BSP_TraceSwoSetup
                0x00021564      0x11c ./bsp_trace.o
                0x00021564                BSP_TraceSwoSetup
 .text.BSP_TraceProfilerSetup
                0x00021680       0x28 ./bsp_trace.o
                0x00021680                BSP_TraceProfilerSetup
 .text.DISPLAY_Init
                0x000216a8       0x54 ./display.o
                0x000216a8                DISPLAY_Init
 .text.DISPLAY_DeviceGet
                0x000216fc       0x60 ./display.o
                0x000216fc                DISPLAY_DeviceGet
 .text.DISPLAY_DeviceRegister
                0x0002175c       0x6c ./display.o
                0x0002175c                DISPLAY_DeviceRegister
 .text.DISPLAY_Ls013b7dh03Init
                0x000217c8       0xd8 ./displayls013b7dh03.o
                0x000217c8                DISPLAY_Ls013b7dh03Init
 .text.DriverRefresh
                0x000218a0       0x20 ./displayls013b7dh03.o
 .text.DisplayEnable
                0x000218c0       0x30 ./displayls013b7dh03.o
 .text.DisplayClear
                0x000218f0       0x48 ./displayls013b7dh03.o
 .text.PixelMatrixAllocate
                0x00021938       0x70 ./displayls013b7dh03.o
 .text.PixelMatrixFree
                0x000219a8       0x1c ./displayls013b7dh03.o
 .text.PixelMatrixClear
                0x000219c4       0x40 ./displayls013b7dh03.o
 .text.PixelMatrixDraw
                0x00021a04       0xb8 ./displayls013b7dh03.o
 .text.BUS_RegBitWrite
                0x00021abc       0x30 ./displaypalemlib.o
 .text.GPIO_PinOutClear
                0x00021aec       0x54 ./displaypalemlib.o
 .text.GPIO_PinOutSet
                0x00021b40       0x54 ./displaypalemlib.o
 .text.RTCC_ChannelCCVSet
                0x00021b94       0x2c ./displaypalemlib.o
 .text.PAL_SpiInit
                0x00021bc0       0x64 ./displaypalemlib.o
                0x00021bc0                PAL_SpiInit
 .text.PAL_SpiTransmit
                0x00021c24       0x74 ./displaypalemlib.o
                0x00021c24                PAL_SpiTransmit
 .text.PAL_TimerInit
                0x00021c98       0x18 ./displaypalemlib.o
                0x00021c98                PAL_TimerInit
 .text.PAL_TimerMicroSecondsDelay
                0x00021cb0       0x1c ./displaypalemlib.o
                0x00021cb0                PAL_TimerMicroSecondsDelay
 .text.PAL_GpioInit
                0x00021ccc       0x20 ./displaypalemlib.o
                0x00021ccc                PAL_GpioInit
 .text.PAL_GpioPinModeSet
                0x00021cec       0x3c ./displaypalemlib.o
                0x00021cec                PAL_GpioPinModeSet
 .text.PAL_GpioPinOutSet
                0x00021d28       0x20 ./displaypalemlib.o
                0x00021d28                PAL_GpioPinOutSet
 .text.PAL_GpioPinOutClear
                0x00021d48       0x20 ./displaypalemlib.o
                0x00021d48                PAL_GpioPinOutClear
 .text.PAL_GpioPinAutoToggle
                0x00021d68       0x6c ./displaypalemlib.o
                0x00021d68                PAL_GpioPinAutoToggle
 .text.palClockSetup
                0x00021dd4       0x24 ./displaypalemlib.o
 .text.rtccSetup
                0x00021df8       0xb0 ./displaypalemlib.o
 .text.gecko_init
                0x00021ea8       0x48 ./main.o
 .text.gecko_cmd_le_gap_set_mode
                0x00021ef0       0x58 ./main.o
 .text.gecko_cmd_le_gap_set_adv_parameters
                0x00021f48       0x60 ./main.o
 .text.gecko_cmd_gatt_server_write_attribute_value
                0x00021fa8       0x94 ./main.o
 .text.gecko_cmd_hardware_set_soft_timer
                0x0002203c       0x60 ./main.o
 .text.NVIC_EnableIRQ
                0x0002209c       0x30 ./main.o
 .text.NVIC_ClearPendingIRQ
                0x000220cc       0x30 ./main.o
 .text.GPIO_PinOutToggle
                0x000220fc       0x58 ./main.o
 .text.Display_init
                0x00022154       0x10 ./main.o
                0x00022154                Display_init
 .text.Setup_LEUART0
                0x00022164       0xbc ./main.o
                0x00022164                Setup_LEUART0
 .text.Setup_LEUART_Rx
                0x00022220       0x2c ./main.o
                0x00022220                Setup_LEUART_Rx
 .text.Setup_LEUART_Tx
                0x0002224c       0x2c ./main.o
                0x0002224c                Setup_LEUART_Tx
 .text.Send_Encrypted_to_LG
                0x00022278       0x8c ./main.o
                0x00022278                Send_Encrypted_to_LG
 .text.create_packet_to_LG
                0x00022304       0x34 ./main.o
                0x00022304                create_packet_to_LG
 .text.LEUART0_IRQHandler
                0x00022338      0x244 ./main.o
                0x00022338                LEUART0_IRQHandler
 .text.Setup_CRYPTO
                0x0002257c       0x34 ./main.o
                0x0002257c                Setup_CRYPTO
 .text.main     0x000225b0      0x1ac ./main.o
                0x000225b0                main
 .text._close   0x0002275c       0x18 ./retargetio.o
                0x0002275c                _close
 .text._exit    0x00022774        0xc ./retargetio.o
                0x00022774                _exit
 .text._fstat   0x00022780       0x20 ./retargetio.o
                0x00022780                _fstat
 .text._isatty  0x000227a0       0x18 ./retargetio.o
                0x000227a0                _isatty
 .text._lseek   0x000227b8       0x1c ./retargetio.o
                0x000227b8                _lseek
 .text._read    0x000227d4       0x58 ./retargetio.o
                0x000227d4                _read
 .text._sbrk    0x0002282c       0x7c ./retargetio.o
                0x0002282c                _sbrk
 .text._write   0x000228a8       0x38 ./retargetio.o
                0x000228a8                _write
 .text.RETARGET_TextDisplayInit
                0x000228e0       0x5c ./retargettextdisplay.o
                0x000228e0                RETARGET_TextDisplayInit
 .text.RETARGET_ReadChar
                0x0002293c       0x14 ./retargettextdisplay.o
                0x0002293c                RETARGET_ReadChar
 .text.RETARGET_WriteChar
                0x00022950       0x34 ./retargettextdisplay.o
                0x00022950                RETARGET_WriteChar
 .text.TEXTDISPLAY_New
                0x00022984      0x1d0 ./textdisplay.o
                0x00022984                TEXTDISPLAY_New
 .text.TEXTDISPLAY_WriteChar
                0x00022b54       0xd8 ./textdisplay.o
                0x00022b54                TEXTDISPLAY_WriteChar
 .text.TextdisplayClear
                0x00022c2c       0x44 ./textdisplay.o
 .text.TextdisplayScrollUp
                0x00022c70       0x84 ./textdisplay.o
 .text.TextdisplayEscapeSequence
                0x00022cf4      0x1a4 ./textdisplay.o
 .text.TextdisplayCharAdd
                0x00022e98      0x14c ./textdisplay.o
 .text.TextdisplayLineDraw
                0x00022fe4      0x1d0 ./textdisplay.o
 .text.TextdisplayUpdate
                0x000231b4      0x104 ./textdisplay.o
 .text.DMADRV_AllocateChannel
                0x000232b8       0xb4 ./bgapi/dmadrv.o
                0x000232b8                DMADRV_AllocateChannel
 .text.DMADRV_Init
                0x0002336c       0x84 ./bgapi/dmadrv.o
                0x0002336c                DMADRV_Init
 .text.DMADRV_MemoryPeripheral
                0x000233f0       0x44 ./bgapi/dmadrv.o
                0x000233f0                DMADRV_MemoryPeripheral
 .text.DMADRV_PeripheralMemory
                0x00023434       0x44 ./bgapi/dmadrv.o
                0x00023434                DMADRV_PeripheralMemory
 .text.DMADRV_StopTransfer
                0x00023478       0x6c ./bgapi/dmadrv.o
                0x00023478                DMADRV_StopTransfer
 .text.DMADRV_TransferRemainingCount
                0x000234e4       0x7c ./bgapi/dmadrv.o
                0x000234e4                DMADRV_TransferRemainingCount
 .text.StartTransfer
                0x00023560      0x218 ./bgapi/dmadrv.o
 .text.ADC_IntClear
                0x00023778       0x1c ./bgapi/em_adc.o
 .text.BUS_RegBitWrite
                0x00023794       0x30 ./bgapi/em_adc.o
 .text.BUS_RegMaskedSet
                0x000237c4       0x24 ./bgapi/em_adc.o
 .text.BUS_RegMaskedClear
                0x000237e8       0x24 ./bgapi/em_adc.o
 .text.BUS_RegMaskedWrite
                0x0002380c       0x24 ./bgapi/em_adc.o
 .text.ADC_LoadDevinfoCal
                0x00023830      0x190 ./bgapi/em_adc.o
 .text.ADC_Init
                0x000239c0       0x90 ./bgapi/em_adc.o
                0x000239c0                ADC_Init
 .text.ADC_InitSingle
                0x00023a50      0x150 ./bgapi/em_adc.o
                0x00023a50                ADC_InitSingle
 .text.ADC_PrescaleCalc
                0x00023ba0       0x64 ./bgapi/em_adc.o
                0x00023ba0                ADC_PrescaleCalc
 .text.NVIC_EnableIRQ
                0x00023c04       0x30 ./bgapi/em_ldma.o
 .text.NVIC_ClearPendingIRQ
                0x00023c34       0x30 ./bgapi/em_ldma.o
 .text.NVIC_SetPriority
                0x00023c64       0x50 ./bgapi/em_ldma.o
 .text.BUS_RegMaskedClear
                0x00023cb4       0x24 ./bgapi/em_ldma.o
 .text.LDMA_Init
                0x00023cd8       0x74 ./bgapi/em_ldma.o
                0x00023cd8                LDMA_Init
 .text.LDMA_StartTransfer
                0x00023d4c      0x154 ./bgapi/em_ldma.o
                0x00023d4c                LDMA_StartTransfer
 .text.LDMA_StopTransfer
                0x00023ea0       0x44 ./bgapi/em_ldma.o
                0x00023ea0                LDMA_StopTransfer
 .text.LDMA_TransferRemainingCount
                0x00023ee4       0x80 ./bgapi/em_ldma.o
                0x00023ee4                LDMA_TransferRemainingCount
 .text.LEUART_Sync
                0x00023f64       0x34 ./bgapi/em_leuart.o
 .text.LEUART_BaudrateSet
                0x00023f98       0x6c ./bgapi/em_leuart.o
                0x00023f98                LEUART_BaudrateSet
 .text.LEUART_Enable
                0x00024004       0x3c ./bgapi/em_leuart.o
                0x00024004                LEUART_Enable
 .text.LEUART_FreezeEnable
                0x00024040       0x38 ./bgapi/em_leuart.o
                0x00024040                LEUART_FreezeEnable
 .text.LEUART_Init
                0x00024078       0x68 ./bgapi/em_leuart.o
                0x00024078                LEUART_Init
 .text.Reset_Handler
                0x000240e0       0x38 ./device/EFR32_B_1_1_B/gcc/startup_efr32bg1b.o
                0x000240e0                Reset_Handler
 .text.Default_Handler
                0x00024118        0x8 ./device/EFR32_B_1_1_B/gcc/startup_efr32bg1b.o
                0x00024118                DebugMon_Handler
                0x00024118                USART0_TX_IRQHandler
                0x00024118                I2C0_IRQHandler
                0x00024118                HardFault_Handler
                0x00024118                SysTick_Handler
                0x00024118                USART1_RX_IRQHandler
                0x00024118                PendSV_Handler
                0x00024118                NMI_Handler
                0x00024118                SYNTH_IRQHandler
                0x00024118                WDOG0_IRQHandler
                0x00024118                USART1_TX_IRQHandler
                0x00024118                MSC_IRQHandler
                0x00024118                ADC0_IRQHandler
                0x00024118                UsageFault_Handler
                0x00024118                FPUEH_IRQHandler
                0x00024118                GPIO_EVEN_IRQHandler
                0x00024118                LDMA_IRQHandler
                0x00024118                TIMER0_IRQHandler
                0x00024118                LETIMER0_IRQHandler
                0x00024118                TIMER1_IRQHandler
                0x00024118                RFSENSE_IRQHandler
                0x00024118                BUFC_IRQHandler
                0x00024118                MODEM_IRQHandler
                0x00024118                Default_Handler
                0x00024118                RAC_SEQ_IRQHandler
                0x00024118                FRC_PRI_IRQHandler
                0x00024118                FRC_IRQHandler
                0x00024118                CRYOTIMER_IRQHandler
                0x00024118                PCNT0_IRQHandler
                0x00024118                AGC_IRQHandler
                0x00024118                ACMP0_IRQHandler
                0x00024118                USART0_RX_IRQHandler
                0x00024118                MemManage_Handler
                0x00024118                SVC_Handler
                0x00024118                RTCC_IRQHandler
                0x00024118                CRYPTO_IRQHandler
                0x00024118                CMU_IRQHandler
                0x00024118                RAC_RSM_IRQHandler
                0x00024118                GPIO_ODD_IRQHandler
                0x00024118                PROTIMER_IRQHandler
                0x00024118                BusFault_Handler
                0x00024118                IDAC0_IRQHandler
 .text.BUS_RegBitWrite
                0x00024120       0x30 ./emlib/em_cmu.o
 .text.BUS_RegBitRead
                0x00024150       0x2c ./emlib/em_cmu.o
 .text.BUS_RegMaskedSet
                0x0002417c       0x24 ./emlib/em_cmu.o
 .text.BUS_RegMaskedClear
                0x000241a0       0x24 ./emlib/em_cmu.o
 .text.BUS_RegMaskedWrite
                0x000241c4       0x24 ./emlib/em_cmu.o
 .text.BUS_RegMaskedRead
                0x000241e8       0x20 ./emlib/em_cmu.o
 .text.CMU_Log2ToDiv
                0x00024208       0x1c ./emlib/em_cmu.o
 .text.CMU_PrescToLog2
                0x00024224       0x28 ./emlib/em_cmu.o
 .text.setHfLeConfig
                0x0002424c       0x40 ./emlib/em_cmu.o
 .text.getHfLeConfig
                0x0002428c       0x2c ./emlib/em_cmu.o
 .text.auxClkGet
                0x000242b8       0x20 ./emlib/em_cmu.o
 .text.dbgClkGet
                0x000242d8       0x3c ./emlib/em_cmu.o
 .text.flashWaitStateControl
                0x00024314       0x78 ./emlib/em_cmu.o
 .text.flashWaitStateMax
                0x0002438c       0x14 ./emlib/em_cmu.o
 .text.getRegIshUpperVal
                0x000243a0       0x38 ./emlib/em_cmu.o
 .text.lfClkGet
                0x000243d8       0xe8 ./emlib/em_cmu.o
 .text.syncReg  0x000244c0       0x38 ./emlib/em_cmu.o
 .text.CMU_ClockDivGet
                0x000244f8       0x1c ./emlib/em_cmu.o
                0x000244f8                CMU_ClockDivGet
 .text.CMU_ClockDivSet
                0x00024514       0x20 ./emlib/em_cmu.o
                0x00024514                CMU_ClockDivSet
 .text.CMU_ClockEnable
                0x00024534       0xcc ./emlib/em_cmu.o
                0x00024534                CMU_ClockEnable
 .text.CMU_ClockFreqGet
                0x00024600      0x188 ./emlib/em_cmu.o
                0x00024600                CMU_ClockFreqGet
 .text.CMU_ClockPrescGet
                0x00024788      0x120 ./emlib/em_cmu.o
                0x00024788                CMU_ClockPrescGet
 .text.CMU_ClockPrescSet
                0x000248a8      0x1e8 ./emlib/em_cmu.o
                0x000248a8                CMU_ClockPrescSet
 .text.CMU_ClockSelectGet
                0x00024a90      0x14c ./emlib/em_cmu.o
                0x00024a90                CMU_ClockSelectGet
 .text.CMU_ClockSelectSet
                0x00024bdc      0x1c4 ./emlib/em_cmu.o
                0x00024bdc                CMU_ClockSelectSet
 .text.CMU_HFXOInit
                0x00024da0      0x110 ./emlib/em_cmu.o
                0x00024da0                CMU_HFXOInit
 .text.CMU_LFXOInit
                0x00024eb0       0x54 ./emlib/em_cmu.o
                0x00024eb0                CMU_LFXOInit
 .text.CMU_OscillatorEnable
                0x00024f04      0x180 ./emlib/em_cmu.o
                0x00024f04                CMU_OscillatorEnable
 .text.CMU_OscillatorTuningGet
                0x00025084       0x74 ./emlib/em_cmu.o
                0x00025084                CMU_OscillatorTuningGet
 .text.CMU_OscillatorTuningSet
                0x000250f8       0xfc ./emlib/em_cmu.o
                0x000250f8                CMU_OscillatorTuningSet
 .text.CMU_OscillatorTuningWait
                0x000251f4       0x8c ./emlib/em_cmu.o
                0x000251f4                CMU_OscillatorTuningWait
 .text.CMU_OscillatorTuningOptimize
                0x00025280       0x4c ./emlib/em_cmu.o
                0x00025280                CMU_OscillatorTuningOptimize
 .text.BUS_RegBitWrite
                0x000252cc       0x30 ./emlib/em_crypto.o
 .text.CRYPTO_BurstToCrypto
                0x000252fc       0x38 ./emlib/em_crypto.o
 .text.CRYPTO_BurstFromCrypto
                0x00025334       0x3c ./emlib/em_crypto.o
 .text.CRYPTO_DataWrite
                0x00025370       0x1c ./emlib/em_crypto.o
 .text.CRYPTO_DataRead
                0x0002538c       0x1c ./emlib/em_crypto.o
 .text.CRYPTO_DDataWrite
                0x000253a8       0x28 ./emlib/em_crypto.o
 .text.CRYPTO_KeyBufWrite
                0x000253d0       0x50 ./emlib/em_crypto.o
 .text.CRYPTO_AES_CBC128
                0x00025420       0x3c ./emlib/em_crypto.o
                0x00025420                CRYPTO_AES_CBC128
 .text.CRYPTO_AES_DecryptKey128
                0x0002545c       0x40 ./emlib/em_crypto.o
                0x0002545c                CRYPTO_AES_DecryptKey128
 .text.CRYPTO_AES_CBCx
                0x0002549c       0x98 ./emlib/em_crypto.o
 .text.CRYPTO_AES_ProcessLoop
                0x00025534       0x54 ./emlib/em_crypto.o
 .text.BUS_RegBitWrite
                0x00025588       0x30 ./emlib/em_gpio.o
 .text.BUS_RegMaskedSet
                0x000255b8       0x24 ./emlib/em_gpio.o
 .text.BUS_RegMaskedClear
                0x000255dc       0x24 ./emlib/em_gpio.o
 .text.BUS_RegMaskedWrite
                0x00025600       0x24 ./emlib/em_gpio.o
 .text.GPIO_PinOutClear
                0x00025624       0x54 ./emlib/em_gpio.o
 .text.GPIO_PinOutSet
                0x00025678       0x54 ./emlib/em_gpio.o
 .text.GPIO_DriveStrengthSet
                0x000256cc       0x60 ./emlib/em_gpio.o
                0x000256cc                GPIO_DriveStrengthSet
 .text.GPIO_PinModeSet
                0x0002572c      0x10c ./emlib/em_gpio.o
                0x0002572c                GPIO_PinModeSet
 .text.BUS_RegBitWrite
                0x00025838       0x30 ./emlib/em_i2c.o
 .text.BUS_RegMaskedSet
                0x00025868       0x24 ./emlib/em_i2c.o
 .text.BUS_RegMaskedClear
                0x0002588c       0x24 ./emlib/em_i2c.o
 .text.BUS_RegMaskedWrite
                0x000258b0       0x24 ./emlib/em_i2c.o
 .text.I2C_BusFreqSet
                0x000258d4       0xfc ./emlib/em_i2c.o
                0x000258d4                I2C_BusFreqSet
 .text.I2C_Init
                0x000259d0       0x5c ./emlib/em_i2c.o
                0x000259d0                I2C_Init
 .text.PRS_SourceAsyncSignalSet
                0x00025a2c       0x38 ./emlib/em_prs.o
                0x00025a2c                PRS_SourceAsyncSignalSet
 .text.BUS_RegBitWrite
                0x00025a64       0x30 ./emlib/em_rtcc.o
 .text.RTCC_ChannelInit
                0x00025a94       0x5c ./emlib/em_rtcc.o
                0x00025a94                RTCC_ChannelInit
 .text.RTCC_Enable
                0x00025af0       0x24 ./emlib/em_rtcc.o
                0x00025af0                RTCC_Enable
 .text.RTCC_Init
                0x00025b14       0x64 ./emlib/em_rtcc.o
                0x00025b14                RTCC_Init
 .text.SYSTEM_ChipRevisionGet
                0x00025b78       0x74 ./emlib/em_system.o
                0x00025b78                SYSTEM_ChipRevisionGet
 .text.BUS_RegMaskedSet
                0x00025bec       0x24 ./emlib/em_usart.o
 .text.BUS_RegMaskedClear
                0x00025c10       0x24 ./emlib/em_usart.o
 .text.BUS_RegMaskedWrite
                0x00025c34       0x24 ./emlib/em_usart.o
 .text.USART_BaudrateAsyncSet
                0x00025c58       0xb0 ./emlib/em_usart.o
                0x00025c58                USART_BaudrateAsyncSet
 .text.USART_BaudrateCalc
                0x00025d08      0x114 ./emlib/em_usart.o
                0x00025d08                USART_BaudrateCalc
 .text.USART_BaudrateGet
                0x00025e1c       0x4c ./emlib/em_usart.o
                0x00025e1c                USART_BaudrateGet
 .text.USART_BaudrateSyncSet
                0x00025e68       0x54 ./emlib/em_usart.o
                0x00025e68                USART_BaudrateSyncSet
 .text.USART_Enable
                0x00025ebc       0x4c ./emlib/em_usart.o
                0x00025ebc                USART_Enable
 .text.USART_InitAsync
                0x00025f08       0xbc ./emlib/em_usart.o
                0x00025f08                USART_InitAsync
 .text.USART_InitSync
                0x00025fc4       0xec ./emlib/em_usart.o
                0x00025fc4                USART_InitSync
 .text.USART_Reset
                0x000260b0       0x94 ./emlib/em_usart.o
                0x000260b0                USART_Reset
 .text.USART_SpiTransfer
                0x00026144       0x40 ./emlib/em_usart.o
                0x00026144                USART_SpiTransfer
 .text.USART_Tx
                0x00026184       0x2c ./emlib/em_usart.o
                0x00026184                USART_Tx
 .text.USART_TxDouble
                0x000261b0       0x2c ./emlib/em_usart.o
                0x000261b0                USART_TxDouble
 .text.NVIC_ClearPendingIRQ
                0x000261dc       0x30 ./kit/BRD4302A/udelay.o
 .text.RTCC_CounterGet
                0x0002620c       0x18 ./kit/BRD4302A/udelay.o
 .text.UDELAY_Calibrate
                0x00026224      0x190 ./kit/BRD4302A/udelay.o
                0x00026224                UDELAY_Calibrate
 .text.UDELAY_Delay
                0x000263b4       0x3c ./kit/BRD4302A/udelay.o
                0x000263b4                UDELAY_Delay
 .text.calibrate_delay
                0x000263f0       0xdc ./kit/BRD4302A/udelay.o
 .text.clock    0x000264cc       0x10 ./kit/BRD4302A/udelay.o
 .text._delay   0x000264dc       0x1c ./kit/BRD4302A/udelay.o
 .text.BUS_RegBitWrite
                0x000264f8       0x30 ./kit_flashpwr/BRD4302A/mx25flash_spi.o
 .text.GPIO_PinOutClear
                0x00026528       0x54 ./kit_flashpwr/BRD4302A/mx25flash_spi.o
 .text.GPIO_PinOutSet
                0x0002657c       0x54 ./kit_flashpwr/BRD4302A/mx25flash_spi.o
 .text.MX25_init
                0x000265d0       0x9c ./kit_flashpwr/BRD4302A/mx25flash_spi.o
                0x000265d0                MX25_init
 .text.Wait_Flash_WarmUp
                0x0002666c       0x28 ./kit_flashpwr/BRD4302A/mx25flash_spi.o
                0x0002666c                Wait_Flash_WarmUp
 .text.Initial_Spi
                0x00026694        0xc ./kit_flashpwr/BRD4302A/mx25flash_spi.o
                0x00026694                Initial_Spi
 .text.CS_Low   0x000266a0       0x10 ./kit_flashpwr/BRD4302A/mx25flash_spi.o
                0x000266a0                CS_Low
 .text.CS_High  0x000266b0       0x10 ./kit_flashpwr/BRD4302A/mx25flash_spi.o
                0x000266b0                CS_High
 .text.SendByte
                0x000266c0       0x40 ./kit_flashpwr/BRD4302A/mx25flash_spi.o
                0x000266c0                SendByte
 .text.MX25_DP  0x00026700       0x1c ./kit_flashpwr/BRD4302A/mx25flash_spi.o
                0x00026700                MX25_DP
 .text.SYSTEM_GetProdRev
                0x0002671c       0x20 ./src/InitDevice.o
 .text.CHIP_Init
                0x0002673c       0xa8 ./src/InitDevice.o
 .text.enter_DefaultMode_from_RESET
                0x000267e4       0x2c ./src/InitDevice.o
                0x000267e4                enter_DefaultMode_from_RESET
 .text.EMU_enter_DefaultMode_from_RESET
                0x00026810       0x50 ./src/InitDevice.o
                0x00026810                EMU_enter_DefaultMode_from_RESET
 .text.LFXO_enter_DefaultMode_from_RESET
                0x00026860       0x10 ./src/InitDevice.o
                0x00026860                LFXO_enter_DefaultMode_from_RESET
 .text.CMU_enter_DefaultMode_from_RESET
                0x00026870      0x124 ./src/InitDevice.o
                0x00026870                CMU_enter_DefaultMode_from_RESET
 .text.RTCC_enter_DefaultMode_from_RESET
                0x00026994       0x4c ./src/InitDevice.o
                0x00026994                RTCC_enter_DefaultMode_from_RESET
 .text.GPCRC_enter_DefaultMode_from_RESET
                0x000269e0       0x10 ./src/InitDevice.o
                0x000269e0                GPCRC_enter_DefaultMode_from_RESET
 .text.LDMA_enter_DefaultMode_from_RESET
                0x000269f0       0x10 ./src/InitDevice.o
                0x000269f0                LDMA_enter_DefaultMode_from_RESET
 .text.PRS_enter_DefaultMode_from_RESET
                0x00026a00       0x24 ./src/InitDevice.o
                0x00026a00                PRS_enter_DefaultMode_from_RESET
 .text.PORTIO_enter_DefaultMode_from_RESET
                0x00026a24       0x10 ./src/InitDevice.o
                0x00026a24                PORTIO_enter_DefaultMode_from_RESET
 .text          0x00026a34       0x60 C:/SiliconLabs/SimplicityStudio/v4/developer/sdks/gecko_sdk_suite/v1.0//protocol/bluetooth_2.3/lib/EFR32BG1B/GCC/bgapi.a(gecko_bgapi_hardware.c.obj)
                0x00026a7c                gecko_bgapi_class_hardware_init
 .text          0x00026a94       0x60 C:/SiliconLabs/SimplicityStudio/v4/developer/sdks/gecko_sdk_suite/v1.0//protocol/bluetooth_2.3/lib/EFR32BG1B/GCC/bgapi.a(gecko_bgapi_test.c.obj)
                0x00026adc                gecko_bgapi_class_test_init
 .text          0x00026af4       0x60 C:/SiliconLabs/SimplicityStudio/v4/developer/sdks/gecko_sdk_suite/v1.0//protocol/bluetooth_2.3/lib/EFR32BG1B/GCC/bgapi.a(gecko_bgapi_util.c.obj)
                0x00026b3c                gecko_bgapi_class_util_init
 .text          0x00026b54       0x60 C:/SiliconLabs/SimplicityStudio/v4/developer/sdks/gecko_sdk_suite/v1.0//protocol/bluetooth_2.3/lib/EFR32BG1B/GCC/bgapi.a(gecko_bgapi_dfu.c.obj)
                0x00026b9c                gecko_bgapi_class_dfu_init
 .text          0x00026bb4       0x60 C:/SiliconLabs/SimplicityStudio/v4/developer/sdks/gecko_sdk_suite/v1.0//protocol/bluetooth_2.3/lib/EFR32BG1B/GCC/bgapi.a(gecko_bgapi_gap.c.obj)
                0x00026bfc                gecko_bgapi_class_le_gap_init
 .text          0x00026c14       0x60 C:/SiliconLabs/SimplicityStudio/v4/developer/sdks/gecko_sdk_suite/v1.0//protocol/bluetooth_2.3/lib/EFR32BG1B/GCC/bgapi.a(gecko_bgapi_gatt.c.obj)
                0x00026c5c                gecko_bgapi_class_gatt_init
 .text          0x00026c74       0x60 C:/SiliconLabs/SimplicityStudio/v4/developer/sdks/gecko_sdk_suite/v1.0//protocol/bluetooth_2.3/lib/EFR32BG1B/GCC/bgapi.a(gecko_bgapi_gatt_server.c.obj)
                0x00026cbc                gecko_bgapi_class_gatt_server_init
 .text          0x00026cd4       0x60 C:/SiliconLabs/SimplicityStudio/v4/developer/sdks/gecko_sdk_suite/v1.0//protocol/bluetooth_2.3/lib/EFR32BG1B/GCC/bgapi.a(gecko_bgapi_flash.c.obj)
                0x00026d1c                gecko_bgapi_class_flash_init
 .text          0x00026d34       0x60 C:/SiliconLabs/SimplicityStudio/v4/developer/sdks/gecko_sdk_suite/v1.0//protocol/bluetooth_2.3/lib/EFR32BG1B/GCC/bgapi.a(gecko_bgapi_sm.c.obj)
                0x00026d7c                gecko_bgapi_class_sm_init
 .text          0x00026d94       0x60 C:/SiliconLabs/SimplicityStudio/v4/developer/sdks/gecko_sdk_suite/v1.0//protocol/bluetooth_2.3/lib/EFR32BG1B/GCC/bgapi.a(gecko_bgapi_system.c.obj)
                0x00026ddc                gecko_bgapi_class_system_init
 .text          0x00026df4       0x60 C:/SiliconLabs/SimplicityStudio/v4/developer/sdks/gecko_sdk_suite/v1.0//protocol/bluetooth_2.3/lib/EFR32BG1B/GCC/bgapi.a(gecko_bgapi_endpoint.c.obj)
                0x00026e3c                gecko_bgapi_class_endpoint_init
 .text          0x00026e54       0x60 C:/SiliconLabs/SimplicityStudio/v4/developer/sdks/gecko_sdk_suite/v1.0//protocol/bluetooth_2.3/lib/EFR32BG1B/GCC/bgapi.a(gecko_bgapi_le_connection.c.obj)
                0x00026e9c                gecko_bgapi_class_le_connection_init
 .text          0x00026eb4      0x388 C:/SiliconLabs/SimplicityStudio/v4/developer/sdks/gecko_sdk_suite/v1.0//protocol/bluetooth_2.3/lib/EFR32BG1B/GCC/bgapi.a(bgapi_hardware_lib.c.obj)
                0x00026eb4                gecko_cmd_hardware_read_i2c
                0x00026f1c                gecko_cmd_hardware_write_i2c
                0x00026f60                gecko_cmd_hardware_stop_i2c
                0x00026f98                gecko_cmd_hardware_read_adc
                0x00026fd8                gecko_cmd_hardware_read_adc_channel
                0x00027008                gecko_cmd_hardware_config_adc_reference
                0x00027034                gecko_cmd_hardware_configure_gpio
                0x00027068                gecko_cmd_hardware_write_gpio
                0x000270cc                gecko_cmd_hardware_read_gpio
                0x0002712c                gecko_cmd_hardware_set_uart_configuration
                0x000271a4                clock_outputs_init
                0x000271ec                bgapi_hardware_init
 .text          0x0002723c      0x1d0 C:/SiliconLabs/SimplicityStudio/v4/developer/sdks/gecko_sdk_suite/v1.0//protocol/bluetooth_2.3/lib/EFR32BG1B/GCC/bgapi.a(bgapi_hardware.c.obj)
                0x0002723c                soft_timer_comparison
                0x000272d0                bgapi_hardware_soft_timer_listener
                0x00027310                lib_hardware_handler_init
                0x00027324                gecko_cmd_hardware_set_soft_timer
                0x00027364                gecko_cmd_hardware_set_lazy_soft_timer
                0x000273a4                gecko_cmd_hardware_get_time
                0x000273d8                gecko_cmd_hardware_enable_dcdc
 .text          0x0002740c      0x200 C:/SiliconLabs/SimplicityStudio/v4/developer/sdks/gecko_sdk_suite/v1.0//protocol/bluetooth_2.3/lib/EFR32BG1B/GCC/bgapi.a(bgapi_test_lib.c.obj)
                0x0002740c                lib_test_handler_init
                0x0002740e                disable_interrupts
                0x00027432                gecko_cmd_test_dtm_tx
                0x00027464                gecko_cmd_test_dtm_rx
                0x00027494                gecko_cmd_test_dtm_end
                0x000274c0                gecko_cmd_test_debug_command
                0x00027590                gecko_cmd_test_debug_counter
 .text          0x0002760c      0x158 C:/SiliconLabs/SimplicityStudio/v4/developer/sdks/gecko_sdk_suite/v1.0//protocol/bluetooth_2.3/lib/EFR32BG1B/GCC/bgapi.a(bgapi_util.c.obj)
                0x00027644                lib_util_handler_init
                0x00027646                gecko_cmd_util_atoi
                0x0002769c                gecko_cmd_util_itoa
 .text          0x00027764       0x8c C:/SiliconLabs/SimplicityStudio/v4/developer/sdks/gecko_sdk_suite/v1.0//protocol/bluetooth_2.3/lib/EFR32BG1B/GCC/bgapi.a(bgapi_dfu.c.obj)
                0x00027764                lib_dfu_handler_init
                0x00027766                gecko_cmd_dfu_reset
                0x0002776c                gecko_cmd_dfu_flash_set_address
                0x00027798                gecko_cmd_dfu_flash_upload
                0x000277c4                gecko_cmd_dfu_flash_upload_finish
 .text          0x000277f0      0x308 C:/SiliconLabs/SimplicityStudio/v4/developer/sdks/gecko_sdk_suite/v1.0//protocol/bluetooth_2.3/lib/EFR32BG1B/GCC/bgapi.a(bgapi_gap.c.obj)
                0x000277f0                lib_le_gap_handler_init
                0x000277f2                gecko_cmd_le_gap_set_mode
                0x00027838                gecko_cmd_le_gap_bt5_set_mode
                0x00027878                gecko_cmd_le_gap_set_adv_data
                0x000278ac                gecko_cmd_le_gap_bt5_set_adv_data
                0x000278e0                gecko_cmd_le_gap_set_adv_timeout
                0x00027934                gecko_cmd_le_gap_open
                0x0002799c                gecko_cmd_le_gap_discover
                0x000279c8                gecko_cmd_le_gap_end_procedure
                0x000279f4                gecko_cmd_le_gap_set_adv_parameters
                0x00027a28                gecko_cmd_le_gap_bt5_set_adv_parameters
                0x00027a64                gecko_cmd_le_gap_set_scan_parameters
                0x00027a94                gecko_cmd_le_gap_set_conn_parameters
                0x00027acc                gecko_cmd_le_gap_set_phy
 .text          0x00027af8      0x644 C:/SiliconLabs/SimplicityStudio/v4/developer/sdks/gecko_sdk_suite/v1.0//protocol/bluetooth_2.3/lib/EFR32BG1B/GCC/bgapi.a(bgapi_gatt_lib.c.obj)
                0x00027af8                lib_gatt_handler_init
                0x00027afa                lib_gatt_server_handler_init
                0x00027afc                gecko_cmd_gatt_set_max_mtu
                0x00027b38                gecko_cmd_gatt_discover_primary_services
                0x00027b68                gecko_cmd_gatt_discover_primary_services_by_uuid
                0x00027ba4                gecko_cmd_gatt_find_included_services
                0x00027bd8                gecko_cmd_gatt_discover_characteristics
                0x00027c0c                gecko_cmd_gatt_discover_characteristics_by_uuid
                0x00027c4c                gecko_cmd_gatt_read_characteristic_value
                0x00027c84                gecko_cmd_gatt_read_characteristic_value_from_offset
                0x00027cc0                gecko_cmd_gatt_read_characteristic_value_by_uuid
                0x00027d00                gecko_cmd_gatt_read_multiple_characteristic_values
                0x00027d34                gecko_cmd_gatt_write_characteristic_value
                0x00027d6c                gecko_cmd_gatt_write_characteristic_value_without_response
                0x00027db0                gecko_cmd_gatt_prepare_characteristic_value_write
                0x00027e00                gecko_cmd_gatt_execute_characteristic_value_write
                0x00027e34                gecko_cmd_gatt_set_characteristic_notification
                0x00027e6c                gecko_cmd_gatt_discover_descriptors
                0x00027ea0                gecko_cmd_gatt_read_descriptor_value
                0x00027ed4                gecko_cmd_gatt_write_descriptor_value
                0x00027f0c                gecko_cmd_gatt_server_read_attribute_value
                0x00027f54                gecko_cmd_gatt_server_read_attribute_type
                0x00027f98                gecko_cmd_gatt_server_find_attribute
                0x00027fd4                gecko_cmd_gatt_server_write_attribute_value
                0x00028008                gecko_cmd_gatt_server_send_user_read_response
                0x00028058                gecko_cmd_gatt_server_send_user_write_response
                0x00028090                gecko_cmd_gatt_server_send_characteristic_notification
                0x000280dc                gecko_cmd_gatt_send_characteristic_confirmation
                0x0002810c                gecko_cmd_gatt_server_set_database
 .text          0x0002813c      0x17c C:/SiliconLabs/SimplicityStudio/v4/developer/sdks/gecko_sdk_suite/v1.0//protocol/bluetooth_2.3/lib/EFR32BG1B/GCC/bgapi.a(bgapi_ps.c.obj)
                0x0002813c                lib_flash_handler_init
                0x0002813e                gecko_cmd_flash_ps_dump
                0x000281d4                gecko_cmd_flash_ps_erase_all
                0x00028204                gecko_cmd_flash_ps_save
                0x00028240                gecko_cmd_flash_ps_load
                0x00028284                gecko_cmd_flash_ps_erase
 .text          0x000282b8      0x3cc C:/SiliconLabs/SimplicityStudio/v4/developer/sdks/gecko_sdk_suite/v1.0//protocol/bluetooth_2.3/lib/EFR32BG1B/GCC/bgapi.a(bgapi_sm.c.obj)
                0x00028380                lib_sm_handler_init
                0x00028394                gecko_cmd_sm_list_all_bondings
                0x000283cc                gecko_cmd_sm_increase_security
                0x000283fc                gecko_cmd_sm_set_bondable_mode
                0x00028428                gecko_cmd_sm_delete_bonding
                0x00028458                gecko_cmd_sm_delete_bondings
                0x00028488                gecko_cmd_sm_configure
                0x000284b8                gecko_cmd_sm_enter_passkey
                0x000284ec                gecko_cmd_sm_set_passkey
                0x00028518                gecko_cmd_sm_passkey_confirm
                0x0002854c                gecko_cmd_sm_set_oob_data
                0x0002857c                gecko_cmd_sm_set_sc_remote_oob_data
                0x000285ac                gecko_cmd_sm_use_sc_oob
                0x000285ec                gecko_cmd_sm_store_bonding_configuration
                0x00028620                gecko_cmd_sm_bonding_confirm
                0x00028654                gecko_cmd_sm_set_debug_mode
 .text          0x00028684      0x114 C:/SiliconLabs/SimplicityStudio/v4/developer/sdks/gecko_sdk_suite/v1.0//protocol/bluetooth_2.3/lib/EFR32BG1B/GCC/bgapi.a(bgapi_system.c.obj)
                0x00028684                lib_system_handler_init
                0x00028686                gecko_cmd_system_get_bt_address
                0x000286bc                gecko_cmd_system_get_random_data
                0x00028704                gecko_cmd_system_halt
                0x00028738                gecko_cmd_system_set_tx_power
                0x00028768                gecko_cmd_system_hello
                0x00028790                gecko_cmd_system_reset
 .text          0x00028798      0x1ac C:/SiliconLabs/SimplicityStudio/v4/developer/sdks/gecko_sdk_suite/v1.0//protocol/bluetooth_2.3/lib/EFR32BG1B/GCC/bgapi.a(bgapi_endpoint.c.obj)
                0x00028798                lib_endpoint_handler_init
                0x0002879a                gecko_cmd_endpoint_send
                0x00028844                gecko_cmd_endpoint_set_streaming_destination
                0x0002889c                gecko_cmd_endpoint_close
                0x000288f8                gecko_cmd_endpoint_set_flags
                0x000288fa                gecko_cmd_endpoint_clr_flags
                0x000288fc                gecko_cmd_endpoint_read_counters
 .text          0x00028944      0x104 C:/SiliconLabs/SimplicityStudio/v4/developer/sdks/gecko_sdk_suite/v1.0//protocol/bluetooth_2.3/lib/EFR32BG1B/GCC/bgapi.a(bgapi_le_connection.c.obj)
                0x00028944                lib_le_connection_handler_init
                0x00028946                gecko_cmd_le_connection_set_parameters
                0x00028994                gecko_cmd_le_connection_get_rssi
                0x000289c4                gecko_cmd_le_connection_disable_slave_latency
                0x00028a0c                gecko_cmd_le_connection_set_phy
 .text          0x00028a48      0x220 C:/SiliconLabs/SimplicityStudio/v4/developer/sdks/gecko_sdk_suite/v1.0//protocol/bluetooth_2.3/lib/EFR32BG1B/GCC/bgapi.a(uart_endpoint.c.obj)
                0x00028aa8                uart_output_available
                0x00028aac                uart_transparent_input
                0x00028aea                uart_endpoint_func
                0x00028b9e                uart_change_flags
                0x00028bac                init_uart_endpoints
 .text          0x00028c68      0x17c C:/SiliconLabs/SimplicityStudio/v4/developer/sdks/gecko_sdk_suite/v1.0//protocol/bluetooth_2.3/lib/EFR32BG1B/GCC/bgapi.a(bgapi_endpoint.c.obj)
                0x00028d94                init_bgapi_endpoints
 .text          0x00028de4       0xc8 C:/SiliconLabs/SimplicityStudio/v4/developer/sdks/gecko_sdk_suite/v1.0//protocol/bluetooth_2.3/lib/EFR32BG1B/GCC/bgapi.a(adc.c.obj)
                0x00028de4                adc_read_channel
                0x00028e14                adc_read_port
                0x00028e24                adc_config_reference
                0x00028e58                adc_init
 .text          0x00028eac      0x160 C:/SiliconLabs/SimplicityStudio/v4/developer/sdks/gecko_sdk_suite/v1.0//protocol/bluetooth_2.3/lib/EFR32BG1B/GCC/bgapi.a(gpio.c.obj)
                0x00028f24                gpio_location_to_port
                0x00028f34                gpio_location_to_pin_index
                0x00028f48                gpios_init
 .text          0x0002900c      0x218 C:/SiliconLabs/SimplicityStudio/v4/developer/sdks/gecko_sdk_suite/v1.0//protocol/bluetooth_2.3/lib/EFR32BG1B/GCC/bgapi.a(i2c.c.obj)
                0x0002900c                i2c_init
                0x00029098                i2c_stop
                0x000290b8                i2c_reset
                0x000290d8                i2c_read
                0x00029184                i2c_write
 .text          0x00029224      0x160 C:/SiliconLabs/SimplicityStudio/v4/developer/sdks/gecko_sdk_suite/v1.0//protocol/bluetooth_2.3/lib/EFR32BG1B/GCC/bgapi.a(sleep_signal.c.obj)
                0x00029254                sleep_signal_init
                0x000292b4                sleep_signal_update
                0x00029320                host_wakeup_signal_init
                0x0002935c                host_wakeup_signal_update
 .text          0x00029384      0x89c C:/SiliconLabs/SimplicityStudio/v4/developer/sdks/gecko_sdk_suite/v1.0//protocol/bluetooth_2.3/lib/EFR32BG1B/GCC/bgapi.a(uart.c.obj)
                0x00029384                LEUART0_IRQGeckoHandler
                0x00029386                USART1_TX_IRQGeckoHandler
                0x000294b0                USART0_TX_IRQGeckoHandler
                0x00029660                USART1_RX_IRQGeckoHandler
                0x0002966c                USART0_RX_IRQGeckoHandler
                0x0002968c                uart_update
                0x000296a4                uart_configure
                0x00029778                uart_event_register
                0x00029788                uarts_init
                0x00029b0c                uart_get_flags
                0x00029b1c                uart_write_bgbuf
                0x00029b5c                uart_read_bgbuf
                0x00029be4                uart_sleep
 .text          0x00029c20       0x30 c:/program files (x86)/gnu tools arm embedded/5.4 2016q2/bin/../lib/gcc/arm-none-eabi/5.4.1/armv7e-m/softfp\libgcc.a(_aeabi_uldivmod.o)
                0x00029c20                __aeabi_uldivmod
 .text          0x00029c50      0x2e4 c:/program files (x86)/gnu tools arm embedded/5.4 2016q2/bin/../lib/gcc/arm-none-eabi/5.4.1/armv7e-m/softfp\libgcc.a(_udivmoddi4.o)
                0x00029c50                __udivmoddi4
 .text          0x00029f34        0x4 c:/program files (x86)/gnu tools arm embedded/5.4 2016q2/bin/../lib/gcc/arm-none-eabi/5.4.1/armv7e-m/softfp\libgcc.a(_dvmd_tls.o)
                0x00029f34                __aeabi_idiv0
                0x00029f34                __aeabi_ldiv0
 .text.exit     0x00029f38       0x20 c:/program files (x86)/gnu tools arm embedded/5.4 2016q2/bin/../lib/gcc/arm-none-eabi/5.4.1/../../../../arm-none-eabi/lib/armv7e-m/softfp\libc.a(lib_a-exit.o)
                0x00029f38                exit
 .text.fileno   0x00029f58       0x34 c:/program files (x86)/gnu tools arm embedded/5.4 2016q2/bin/../lib/gcc/arm-none-eabi/5.4.1/../../../../arm-none-eabi/lib/armv7e-m/softfp\libc.a(lib_a-fileno.o)
                0x00029f58                fileno
 .text._cleanup_r
                0x00029f8c        0xc c:/program files (x86)/gnu tools arm embedded/5.4 2016q2/bin/../lib/gcc/arm-none-eabi/5.4.1/../../../../arm-none-eabi/lib/armv7e-m/softfp\libc.a(lib_a-findfp.o)
                0x00029f8c                _cleanup_r
 .text.__sinit.part.1
                0x00029f98       0xf0 c:/program files (x86)/gnu tools arm embedded/5.4 2016q2/bin/../lib/gcc/arm-none-eabi/5.4.1/../../../../arm-none-eabi/lib/armv7e-m/softfp\libc.a(lib_a-findfp.o)
 .text.__sinit  0x0002a088        0xc c:/program files (x86)/gnu tools arm embedded/5.4 2016q2/bin/../lib/gcc/arm-none-eabi/5.4.1/../../../../arm-none-eabi/lib/armv7e-m/softfp\libc.a(lib_a-findfp.o)
                0x0002a088                __sinit
 .text.__sfp_lock_acquire
                0x0002a094        0x4 c:/program files (x86)/gnu tools arm embedded/5.4 2016q2/bin/../lib/gcc/arm-none-eabi/5.4.1/../../../../arm-none-eabi/lib/armv7e-m/softfp\libc.a(lib_a-findfp.o)
                0x0002a094                __sfp_lock_acquire
 .text.__sfp_lock_release
                0x0002a098        0x4 c:/program files (x86)/gnu tools arm embedded/5.4 2016q2/bin/../lib/gcc/arm-none-eabi/5.4.1/../../../../arm-none-eabi/lib/armv7e-m/softfp\libc.a(lib_a-findfp.o)
                0x0002a098                __sfp_lock_release
 .text._fwalk_reent
                0x0002a09c       0x54 c:/program files (x86)/gnu tools arm embedded/5.4 2016q2/bin/../lib/gcc/arm-none-eabi/5.4.1/../../../../arm-none-eabi/lib/armv7e-m/softfp\libc.a(lib_a-fwalk.o)
                0x0002a09c                _fwalk_reent
 .text.__libc_init_array
                0x0002a0f0       0x50 c:/program files (x86)/gnu tools arm embedded/5.4 2016q2/bin/../lib/gcc/arm-none-eabi/5.4.1/../../../../arm-none-eabi/lib/armv7e-m/softfp\libc.a(lib_a-init.o)
                0x0002a0f0                __libc_init_array
 .text._malloc_r
                0x0002a140      0x570 c:/program files (x86)/gnu tools arm embedded/5.4 2016q2/bin/../lib/gcc/arm-none-eabi/5.4.1/../../../../arm-none-eabi/lib/armv7e-m/softfp\libc.a(lib_a-mallocr.o)
                0x0002a140                _malloc_r
 .text          0x0002a6b0      0x134 c:/program files (x86)/gnu tools arm embedded/5.4 2016q2/bin/../lib/gcc/arm-none-eabi/5.4.1/../../../../arm-none-eabi/lib/armv7e-m/softfp\libc.a(lib_a-memcpy.o)
                0x0002a6b0                memcpy
 .text.memset   0x0002a7e4       0x9c c:/program files (x86)/gnu tools arm embedded/5.4 2016q2/bin/../lib/gcc/arm-none-eabi/5.4.1/../../../../arm-none-eabi/lib/armv7e-m/softfp\libc.a(lib_a-memset.o)
                0x0002a7e4                memset
 .text.__malloc_lock
                0x0002a880        0x4 c:/program files (x86)/gnu tools arm embedded/5.4 2016q2/bin/../lib/gcc/arm-none-eabi/5.4.1/../../../../arm-none-eabi/lib/armv7e-m/softfp\libc.a(lib_a-mlock.o)
                0x0002a880                __malloc_lock
 .text.__malloc_unlock
                0x0002a884        0x4 c:/program files (x86)/gnu tools arm embedded/5.4 2016q2/bin/../lib/gcc/arm-none-eabi/5.4.1/../../../../arm-none-eabi/lib/armv7e-m/softfp\libc.a(lib_a-mlock.o)
                0x0002a884                __malloc_unlock
 .text.putchar  0x0002a888       0x14 c:/program files (x86)/gnu tools arm embedded/5.4 2016q2/bin/../lib/gcc/arm-none-eabi/5.4.1/../../../../arm-none-eabi/lib/armv7e-m/softfp\libc.a(lib_a-putchar.o)
                0x0002a888                putchar
 .text._puts_r  0x0002a89c       0x68 c:/program files (x86)/gnu tools arm embedded/5.4 2016q2/bin/../lib/gcc/arm-none-eabi/5.4.1/../../../../arm-none-eabi/lib/armv7e-m/softfp\libc.a(lib_a-puts.o)
                0x0002a89c                _puts_r
 .text.puts     0x0002a904       0x10 c:/program files (x86)/gnu tools arm embedded/5.4 2016q2/bin/../lib/gcc/arm-none-eabi/5.4.1/../../../../arm-none-eabi/lib/armv7e-m/softfp\libc.a(lib_a-puts.o)
                0x0002a904                puts
 .text._sbrk_r  0x0002a914       0x24 c:/program files (x86)/gnu tools arm embedded/5.4 2016q2/bin/../lib/gcc/arm-none-eabi/5.4.1/../../../../arm-none-eabi/lib/armv7e-m/softfp\libc.a(lib_a-sbrkr.o)
                0x0002a914                _sbrk_r
 .text.setvbuf  0x0002a938      0x150 c:/program files (x86)/gnu tools arm embedded/5.4 2016q2/bin/../lib/gcc/arm-none-eabi/5.4.1/../../../../arm-none-eabi/lib/armv7e-m/softfp\libc.a(lib_a-setvbuf.o)
                0x0002a938                setvbuf
 .text.__sread  0x0002aa88       0x24 c:/program files (x86)/gnu tools arm embedded/5.4 2016q2/bin/../lib/gcc/arm-none-eabi/5.4.1/../../../../arm-none-eabi/lib/armv7e-m/softfp\libc.a(lib_a-stdio.o)
                0x0002aa88                __sread
 .text.__swrite
                0x0002aaac       0x3c c:/program files (x86)/gnu tools arm embedded/5.4 2016q2/bin/../lib/gcc/arm-none-eabi/5.4.1/../../../../arm-none-eabi/lib/armv7e-m/softfp\libc.a(lib_a-stdio.o)
                0x0002aaac                __swrite
 .text.__sseek  0x0002aae8       0x20 c:/program files (x86)/gnu tools arm embedded/5.4 2016q2/bin/../lib/gcc/arm-none-eabi/5.4.1/../../../../arm-none-eabi/lib/armv7e-m/softfp\libc.a(lib_a-stdio.o)
                0x0002aae8                __sseek
 .text.__sclose
                0x0002ab08        0x8 c:/program files (x86)/gnu tools arm embedded/5.4 2016q2/bin/../lib/gcc/arm-none-eabi/5.4.1/../../../../arm-none-eabi/lib/armv7e-m/softfp\libc.a(lib_a-stdio.o)
                0x0002ab08                __sclose
 *fill*         0x0002ab10       0x30 
 .text          0x0002ab40       0xdc c:/program files (x86)/gnu tools arm embedded/5.4 2016q2/bin/../lib/gcc/arm-none-eabi/5.4.1/../../../../arm-none-eabi/lib/armv7e-m/softfp\libc.a(lib_a-strlen.o)
                0x0002ab40                strlen
 .text.strncmp  0x0002ac1c       0xa0 c:/program files (x86)/gnu tools arm embedded/5.4 2016q2/bin/../lib/gcc/arm-none-eabi/5.4.1/../../../../arm-none-eabi/lib/armv7e-m/softfp\libc.a(lib_a-strncmp.o)
                0x0002ac1c                strncmp
 .text._write_r
                0x0002acbc       0x2c c:/program files (x86)/gnu tools arm embedded/5.4 2016q2/bin/../lib/gcc/arm-none-eabi/5.4.1/../../../../arm-none-eabi/lib/armv7e-m/softfp\libc.a(lib_a-writer.o)
                0x0002acbc                _write_r
 .text.startup.register_fini
                0x0002ace8       0x14 c:/program files (x86)/gnu tools arm embedded/5.4 2016q2/bin/../lib/gcc/arm-none-eabi/5.4.1/../../../../arm-none-eabi/lib/armv7e-m/softfp\libc.a(lib_a-__call_atexit.o)
 .text.__call_exitprocs
                0x0002acfc       0xd8 c:/program files (x86)/gnu tools arm embedded/5.4 2016q2/bin/../lib/gcc/arm-none-eabi/5.4.1/../../../../arm-none-eabi/lib/armv7e-m/softfp\libc.a(lib_a-__call_atexit.o)
                0x0002acfc                __call_exitprocs
 .text.atexit   0x0002add4        0xc c:/program files (x86)/gnu tools arm embedded/5.4 2016q2/bin/../lib/gcc/arm-none-eabi/5.4.1/../../../../arm-none-eabi/lib/armv7e-m/softfp\libc.a(lib_a-atexit.o)
                0x0002add4                atexit
 .text._close_r
                0x0002ade0       0x24 c:/program files (x86)/gnu tools arm embedded/5.4 2016q2/bin/../lib/gcc/arm-none-eabi/5.4.1/../../../../arm-none-eabi/lib/armv7e-m/softfp\libc.a(lib_a-closer.o)
                0x0002ade0                _close_r
 .text._fclose_r
                0x0002ae04       0x84 c:/program files (x86)/gnu tools arm embedded/5.4 2016q2/bin/../lib/gcc/arm-none-eabi/5.4.1/../../../../arm-none-eabi/lib/armv7e-m/softfp\libc.a(lib_a-fclose.o)
                0x0002ae04                _fclose_r
 .text.__sflush_r
                0x0002ae88      0x148 c:/program files (x86)/gnu tools arm embedded/5.4 2016q2/bin/../lib/gcc/arm-none-eabi/5.4.1/../../../../arm-none-eabi/lib/armv7e-m/softfp\libc.a(lib_a-fflush.o)
                0x0002ae88                __sflush_r
 .text._fflush_r
                0x0002afd0       0x2c c:/program files (x86)/gnu tools arm embedded/5.4 2016q2/bin/../lib/gcc/arm-none-eabi/5.4.1/../../../../arm-none-eabi/lib/armv7e-m/softfp\libc.a(lib_a-fflush.o)
                0x0002afd0                _fflush_r
 .text.__libc_fini_array
                0x0002affc       0x28 c:/program files (x86)/gnu tools arm embedded/5.4 2016q2/bin/../lib/gcc/arm-none-eabi/5.4.1/../../../../arm-none-eabi/lib/armv7e-m/softfp\libc.a(lib_a-fini.o)
                0x0002affc                __libc_fini_array
 .text._malloc_trim_r
                0x0002b024       0x9c c:/program files (x86)/gnu tools arm embedded/5.4 2016q2/bin/../lib/gcc/arm-none-eabi/5.4.1/../../../../arm-none-eabi/lib/armv7e-m/softfp\libc.a(lib_a-freer.o)
                0x0002b024                _malloc_trim_r
 .text._free_r  0x0002b0c0      0x1d0 c:/program files (x86)/gnu tools arm embedded/5.4 2016q2/bin/../lib/gcc/arm-none-eabi/5.4.1/../../../../arm-none-eabi/lib/armv7e-m/softfp\libc.a(lib_a-freer.o)
                0x0002b0c0                _free_r
 .text.__sfvwrite_r
                0x0002b290      0x304 c:/program files (x86)/gnu tools arm embedded/5.4 2016q2/bin/../lib/gcc/arm-none-eabi/5.4.1/../../../../arm-none-eabi/lib/armv7e-m/softfp\libc.a(lib_a-fvwrite.o)
                0x0002b290                __sfvwrite_r
 .text._lseek_r
                0x0002b594       0x2c c:/program files (x86)/gnu tools arm embedded/5.4 2016q2/bin/../lib/gcc/arm-none-eabi/5.4.1/../../../../arm-none-eabi/lib/armv7e-m/softfp\libc.a(lib_a-lseekr.o)
                0x0002b594                _lseek_r
 .text.__swhatbuf_r
                0x0002b5c0       0x60 c:/program files (x86)/gnu tools arm embedded/5.4 2016q2/bin/../lib/gcc/arm-none-eabi/5.4.1/../../../../arm-none-eabi/lib/armv7e-m/softfp\libc.a(lib_a-makebuf.o)
                0x0002b5c0                __swhatbuf_r
 .text.__smakebuf_r
                0x0002b620       0x88 c:/program files (x86)/gnu tools arm embedded/5.4 2016q2/bin/../lib/gcc/arm-none-eabi/5.4.1/../../../../arm-none-eabi/lib/armv7e-m/softfp\libc.a(lib_a-makebuf.o)
                0x0002b620                __smakebuf_r
 .text.malloc   0x0002b6a8       0x10 c:/program files (x86)/gnu tools arm embedded/5.4 2016q2/bin/../lib/gcc/arm-none-eabi/5.4.1/../../../../arm-none-eabi/lib/armv7e-m/softfp\libc.a(lib_a-malloc.o)
                0x0002b6a8                malloc
 .text.free     0x0002b6b8       0x10 c:/program files (x86)/gnu tools arm embedded/5.4 2016q2/bin/../lib/gcc/arm-none-eabi/5.4.1/../../../../arm-none-eabi/lib/armv7e-m/softfp\libc.a(lib_a-malloc.o)
                0x0002b6b8                free
 *fill*         0x0002b6c8        0x8 
 .text          0x0002b6d0       0xa0 c:/program files (x86)/gnu tools arm embedded/5.4 2016q2/bin/../lib/gcc/arm-none-eabi/5.4.1/../../../../arm-none-eabi/lib/armv7e-m/softfp\libc.a(lib_a-memchr.o)
                0x0002b6d0                memchr
 .text.memmove  0x0002b770       0xc8 c:/program files (x86)/gnu tools arm embedded/5.4 2016q2/bin/../lib/gcc/arm-none-eabi/5.4.1/../../../../arm-none-eabi/lib/armv7e-m/softfp\libc.a(lib_a-memmove.o)
                0x0002b770                memmove
 .text._putc_r  0x0002b838       0x44 c:/program files (x86)/gnu tools arm embedded/5.4 2016q2/bin/../lib/gcc/arm-none-eabi/5.4.1/../../../../arm-none-eabi/lib/armv7e-m/softfp\libc.a(lib_a-putc.o)
                0x0002b838                _putc_r
 .text._read_r  0x0002b87c       0x2c c:/program files (x86)/gnu tools arm embedded/5.4 2016q2/bin/../lib/gcc/arm-none-eabi/5.4.1/../../../../arm-none-eabi/lib/armv7e-m/softfp\libc.a(lib_a-readr.o)
                0x0002b87c                _read_r
 .text._realloc_r
                0x0002b8a8      0x3e0 c:/program files (x86)/gnu tools arm embedded/5.4 2016q2/bin/../lib/gcc/arm-none-eabi/5.4.1/../../../../arm-none-eabi/lib/armv7e-m/softfp\libc.a(lib_a-reallocr.o)
                0x0002b8a8                _realloc_r
 .text.__swbuf_r
                0x0002bc88       0xac c:/program files (x86)/gnu tools arm embedded/5.4 2016q2/bin/../lib/gcc/arm-none-eabi/5.4.1/../../../../arm-none-eabi/lib/armv7e-m/softfp\libc.a(lib_a-wbuf.o)
                0x0002bc88                __swbuf_r
 .text.__swsetup_r
                0x0002bd34       0xc8 c:/program files (x86)/gnu tools arm embedded/5.4 2016q2/bin/../lib/gcc/arm-none-eabi/5.4.1/../../../../arm-none-eabi/lib/armv7e-m/softfp\libc.a(lib_a-wsetup.o)
                0x0002bd34                __swsetup_r
 .text.__register_exitproc
                0x0002bdfc       0xa4 c:/program files (x86)/gnu tools arm embedded/5.4 2016q2/bin/../lib/gcc/arm-none-eabi/5.4.1/../../../../arm-none-eabi/lib/armv7e-m/softfp\libc.a(lib_a-__atexit.o)
                0x0002bdfc                __register_exitproc
 .text._fstat_r
                0x0002bea0       0x28 c:/program files (x86)/gnu tools arm embedded/5.4 2016q2/bin/../lib/gcc/arm-none-eabi/5.4.1/../../../../arm-none-eabi/lib/armv7e-m/softfp\libc.a(lib_a-fstatr.o)
                0x0002bea0                _fstat_r
 .text._isatty_r
                0x0002bec8       0x24 c:/program files (x86)/gnu tools arm embedded/5.4 2016q2/bin/../lib/gcc/arm-none-eabi/5.4.1/../../../../arm-none-eabi/lib/armv7e-m/softfp\libc.a(lib_a-isattyr.o)
                0x0002bec8                _isatty_r
 *(.init)
 .init          0x0002beec        0x4 c:/program files (x86)/gnu tools arm embedded/5.4 2016q2/bin/../lib/gcc/arm-none-eabi/5.4.1/armv7e-m/softfp/crti.o
                0x0002beec                _init
 .init          0x0002bef0        0x8 c:/program files (x86)/gnu tools arm embedded/5.4 2016q2/bin/../lib/gcc/arm-none-eabi/5.4.1/armv7e-m/softfp/crtn.o
 *(.fini)
 .fini          0x0002bef8        0x4 c:/program files (x86)/gnu tools arm embedded/5.4 2016q2/bin/../lib/gcc/arm-none-eabi/5.4.1/armv7e-m/softfp/crti.o
                0x0002bef8                _fini
 .fini          0x0002befc        0x8 c:/program files (x86)/gnu tools arm embedded/5.4 2016q2/bin/../lib/gcc/arm-none-eabi/5.4.1/armv7e-m/softfp/crtn.o
 *crtbegin.o(.ctors)
 *crtbegin?.o(.ctors)
 *(EXCLUDE_FILE(*crtend.o *crtend?.o) .ctors)
 *(SORT(.ctors.*))
 *(.ctors)
 *crtbegin.o(.dtors)
 *crtbegin?.o(.dtors)
 *(EXCLUDE_FILE(*crtend.o *crtend?.o) .dtors)
 *(SORT(.dtors.*))
 *(.dtors)
 *(.rodata*)
 .rodata        0x0002bf04       0x15 ./displayls013b7dh03.o
 *fill*         0x0002bf19        0x3 
 .rodata        0x0002bf1c       0x58 ./displaypalemlib.o
 .rodata.exampleKey
                0x0002bf74       0x10 ./main.o
                0x0002bf74                exampleKey
 .rodata.initVector
                0x0002bf84       0x10 ./main.o
                0x0002bf84                initVector
 .rodata        0x0002bf94       0x2b ./main.o
 *fill*         0x0002bfbf        0x1 
 .rodata.config
                0x0002bfc0       0xe8 ./main.o
 .rodata.heaperr.6913
                0x0002c0a8       0x1a ./retargetio.o
 *fill*         0x0002c0c2        0x2 
 .rodata.chars_6x8_bits
                0x0002c0c4      0x320 ./textdisplay.o
 .rodata.escapeSequences.5371
                0x0002c3e4       0x18 ./textdisplay.o
 .rodata        0x0002c3fc        0x4 ./bgapi/dmadrv.o
 .rodata.i2cNSum
                0x0002c400        0x4 ./emlib/em_i2c.o
 .rodata        0x0002c404       0x18 ./kit/BRD4302A/udelay.o
 .rodata        0x0002c41c       0x24 ./kit_flashpwr/BRD4302A/mx25flash_spi.o
 .rodata        0x0002c440       0x50 ./src/InitDevice.o
 .rodata        0x0002c490       0x78 C:/SiliconLabs/SimplicityStudio/v4/developer/sdks/gecko_sdk_suite/v1.0//protocol/bluetooth_2.3/lib/EFR32BG1B/GCC/bgapi.a(gecko_bgapi_hardware.c.obj)
 .rodata        0x0002c508       0x30 C:/SiliconLabs/SimplicityStudio/v4/developer/sdks/gecko_sdk_suite/v1.0//protocol/bluetooth_2.3/lib/EFR32BG1B/GCC/bgapi.a(gecko_bgapi_test.c.obj)
 .rodata        0x0002c538       0x18 C:/SiliconLabs/SimplicityStudio/v4/developer/sdks/gecko_sdk_suite/v1.0//protocol/bluetooth_2.3/lib/EFR32BG1B/GCC/bgapi.a(gecko_bgapi_util.c.obj)
 .rodata        0x0002c550       0x28 C:/SiliconLabs/SimplicityStudio/v4/developer/sdks/gecko_sdk_suite/v1.0//protocol/bluetooth_2.3/lib/EFR32BG1B/GCC/bgapi.a(gecko_bgapi_dfu.c.obj)
 .rodata        0x0002c578       0x70 C:/SiliconLabs/SimplicityStudio/v4/developer/sdks/gecko_sdk_suite/v1.0//protocol/bluetooth_2.3/lib/EFR32BG1B/GCC/bgapi.a(gecko_bgapi_gap.c.obj)
 .rodata        0x0002c5e8       0xa0 C:/SiliconLabs/SimplicityStudio/v4/developer/sdks/gecko_sdk_suite/v1.0//protocol/bluetooth_2.3/lib/EFR32BG1B/GCC/bgapi.a(gecko_bgapi_gatt.c.obj)
 .rodata        0x0002c688       0x48 C:/SiliconLabs/SimplicityStudio/v4/developer/sdks/gecko_sdk_suite/v1.0//protocol/bluetooth_2.3/lib/EFR32BG1B/GCC/bgapi.a(gecko_bgapi_gatt_server.c.obj)
 .rodata        0x0002c6d0       0x30 C:/SiliconLabs/SimplicityStudio/v4/developer/sdks/gecko_sdk_suite/v1.0//protocol/bluetooth_2.3/lib/EFR32BG1B/GCC/bgapi.a(gecko_bgapi_flash.c.obj)
 .rodata        0x0002c700       0x80 C:/SiliconLabs/SimplicityStudio/v4/developer/sdks/gecko_sdk_suite/v1.0//protocol/bluetooth_2.3/lib/EFR32BG1B/GCC/bgapi.a(gecko_bgapi_sm.c.obj)
 .rodata        0x0002c780       0x38 C:/SiliconLabs/SimplicityStudio/v4/developer/sdks/gecko_sdk_suite/v1.0//protocol/bluetooth_2.3/lib/EFR32BG1B/GCC/bgapi.a(gecko_bgapi_system.c.obj)
 .rodata        0x0002c7b8       0x38 C:/SiliconLabs/SimplicityStudio/v4/developer/sdks/gecko_sdk_suite/v1.0//protocol/bluetooth_2.3/lib/EFR32BG1B/GCC/bgapi.a(gecko_bgapi_endpoint.c.obj)
 .rodata        0x0002c7f0       0x28 C:/SiliconLabs/SimplicityStudio/v4/developer/sdks/gecko_sdk_suite/v1.0//protocol/bluetooth_2.3/lib/EFR32BG1B/GCC/bgapi.a(gecko_bgapi_le_connection.c.obj)
 .rodata        0x0002c818       0x18 C:/SiliconLabs/SimplicityStudio/v4/developer/sdks/gecko_sdk_suite/v1.0//protocol/bluetooth_2.3/lib/EFR32BG1B/GCC/bgapi.a(bgapi_sm.c.obj)
 .rodata        0x0002c830       0x18 C:/SiliconLabs/SimplicityStudio/v4/developer/sdks/gecko_sdk_suite/v1.0//protocol/bluetooth_2.3/lib/EFR32BG1B/GCC/bgapi.a(adc.c.obj)
 .rodata        0x0002c848       0x40 C:/SiliconLabs/SimplicityStudio/v4/developer/sdks/gecko_sdk_suite/v1.0//protocol/bluetooth_2.3/lib/EFR32BG1B/GCC/bgapi.a(gpio.c.obj)
 .rodata        0x0002c888       0x10 C:/SiliconLabs/SimplicityStudio/v4/developer/sdks/gecko_sdk_suite/v1.0//protocol/bluetooth_2.3/lib/EFR32BG1B/GCC/bgapi.a(i2c.c.obj)
 .rodata        0x0002c898       0x60 C:/SiliconLabs/SimplicityStudio/v4/developer/sdks/gecko_sdk_suite/v1.0//protocol/bluetooth_2.3/lib/EFR32BG1B/GCC/bgapi.a(uart.c.obj)
 .rodata._ctype_
                0x0002c8f8      0x101 c:/program files (x86)/gnu tools arm embedded/5.4 2016q2/bin/../lib/gcc/arm-none-eabi/5.4.1/../../../../arm-none-eabi/lib/armv7e-m/softfp\libc.a(lib_a-ctype_.o)
                0x0002c8f8                _ctype_
 *fill*         0x0002c9f9        0x3 
 .rodata.str1.4
                0x0002c9fc        0x2 c:/program files (x86)/gnu tools arm embedded/5.4 2016q2/bin/../lib/gcc/arm-none-eabi/5.4.1/../../../../arm-none-eabi/lib/armv7e-m/softfp\libc.a(lib_a-impure.o)
 *fill*         0x0002c9fe        0x2 
 .rodata._global_impure_ptr
                0x0002ca00        0x4 c:/program files (x86)/gnu tools arm embedded/5.4 2016q2/bin/../lib/gcc/arm-none-eabi/5.4.1/../../../../arm-none-eabi/lib/armv7e-m/softfp\libc.a(lib_a-impure.o)
                0x0002ca00                _global_impure_ptr
 .rodata.str1.4
                0x0002ca04        0x4 c:/program files (x86)/gnu tools arm embedded/5.4 2016q2/bin/../lib/gcc/arm-none-eabi/5.4.1/../../../../arm-none-eabi/lib/armv7e-m/softfp\libc.a(lib_a-puts.o)
                                  0x2 (size before relaxing)
 *(.eh_frame*)
 .eh_frame      0x0002ca08        0x0 c:/program files (x86)/gnu tools arm embedded/5.4 2016q2/bin/../lib/gcc/arm-none-eabi/5.4.1/armv7e-m/softfp/crtbegin.o
 .eh_frame      0x0002ca08        0x4 c:/program files (x86)/gnu tools arm embedded/5.4 2016q2/bin/../lib/gcc/arm-none-eabi/5.4.1/armv7e-m/softfp/crtend.o
                0x0002ca0c                . = ALIGN (0x4)

.glue_7         0x0002ca0c        0x0
 .glue_7        0x0002ca0c        0x0 linker stubs

.glue_7t        0x0002ca0c        0x0
 .glue_7t       0x0002ca0c        0x0 linker stubs

.vfp11_veneer   0x0002ca0c        0x0
 .vfp11_veneer  0x0002ca0c        0x0 linker stubs

.v4_bx          0x0002ca0c        0x0
 .v4_bx         0x0002ca0c        0x0 linker stubs

.iplt           0x0002ca0c        0x0
 .iplt          0x0002ca0c        0x0 c:/program files (x86)/gnu tools arm embedded/5.4 2016q2/bin/../lib/gcc/arm-none-eabi/5.4.1/armv7e-m/softfp/crtbegin.o

.igot.plt       0x0002ca0c        0x0
 .igot.plt      0x0002ca0c        0x0 c:/program files (x86)/gnu tools arm embedded/5.4 2016q2/bin/../lib/gcc/arm-none-eabi/5.4.1/armv7e-m/softfp/crtbegin.o

.text_app_ARM.extab
 *(.ARM.extab* .gnu.linkonce.armextab.*)
                0x0002ca0c                __exidx_start = .

.text_app_ARM.exidx
                0x0002ca0c        0x8
 *(.ARM.exidx* .gnu.linkonce.armexidx.*)
 .ARM.exidx     0x0002ca0c        0x8 c:/program files (x86)/gnu tools arm embedded/5.4 2016q2/bin/../lib/gcc/arm-none-eabi/5.4.1/../../../../arm-none-eabi/lib/armv7e-m/softfp/crt0.o
 .ARM.exidx     0x0002ca14        0x0 c:/program files (x86)/gnu tools arm embedded/5.4 2016q2/bin/../lib/gcc/arm-none-eabi/5.4.1/armv7e-m/softfp\libgcc.a(_udivmoddi4.o)
                                  0x8 (size before relaxing)
                0x0002ca14                __exidx_end = .
                0x0002ca14                __etext = .

.rel.dyn        0x0002ca14        0x0
 .rel.iplt      0x0002ca14        0x0 c:/program files (x86)/gnu tools arm embedded/5.4 2016q2/bin/../lib/gcc/arm-none-eabi/5.4.1/armv7e-m/softfp/crtbegin.o

.text_app_data  0x20003000      0x8ec load address 0x0002ca14
                0x20003000                __data_start__ = .
 *(vtable)
 *(.data*)
 .data.pDisplayDeviceDriverInitFunctions
                0x20003000        0x8 ./display.o
 .data.pixelMatrixPool
                0x20003008        0x4 ./displayls013b7dh03.o
 .data.bg_gattdb_data_attribute_field_21_data
                0x2000300c        0x1 ./gatt_db.o
                0x2000300c                bg_gattdb_data_attribute_field_21_data
 *fill*         0x2000300d        0x3 
 .data.bg_gattdb_data_attribute_field_6_data
                0x20003010        0x7 ./gatt_db.o
                0x20003010                bg_gattdb_data_attribute_field_6_data
 *fill*         0x20003017        0x1 
 .data.pinvalue
                0x20003018        0x6 ./main.o
 *fill*         0x2000301e        0x2 
 .data.ptr_pinvalue
                0x20003020        0x4 ./main.o
 .data.newpin   0x20003024        0x1 ./main.o
 *fill*         0x20003025        0x3 
 .data.ptr_newpin
                0x20003028        0x4 ./main.o
 .data.pin      0x2000302c       0x24 ./main.o
 .data.charBufferTbl
                0x20003050       0x10 ./textdisplay.o
 .data.auxHfrcoFreq
                0x20003060        0x4 ./emlib/em_cmu.o
 .data.loops_per_jiffy
                0x20003064        0x4 ./kit/BRD4302A/udelay.o
                0x20003064                loops_per_jiffy
 .data          0x20003068        0x1 C:/SiliconLabs/SimplicityStudio/v4/developer/sdks/gecko_sdk_suite/v1.0//protocol/bluetooth_2.3/lib/EFR32BG1B/GCC/bgapi.a(bgapi_endpoint.c.obj)
 *fill*         0x20003069        0x3 
 .data          0x2000306c       0x30 C:/SiliconLabs/SimplicityStudio/v4/developer/sdks/gecko_sdk_suite/v1.0//protocol/bluetooth_2.3/lib/EFR32BG1B/GCC/bgapi.a(adc.c.obj)
 .data.__ctype_ptr__
                0x2000309c        0x4 c:/program files (x86)/gnu tools arm embedded/5.4 2016q2/bin/../lib/gcc/arm-none-eabi/5.4.1/../../../../arm-none-eabi/lib/armv7e-m/softfp\libc.a(lib_a-ctype_.o)
                0x2000309c                __ctype_ptr__
 .data.impure_data
                0x200030a0      0x428 c:/program files (x86)/gnu tools arm embedded/5.4 2016q2/bin/../lib/gcc/arm-none-eabi/5.4.1/../../../../arm-none-eabi/lib/armv7e-m/softfp\libc.a(lib_a-impure.o)
 .data._impure_ptr
                0x200034c8        0x4 c:/program files (x86)/gnu tools arm embedded/5.4 2016q2/bin/../lib/gcc/arm-none-eabi/5.4.1/../../../../arm-none-eabi/lib/armv7e-m/softfp\libc.a(lib_a-impure.o)
                0x200034c8                _impure_ptr
 .data.__malloc_av_
                0x200034cc      0x408 c:/program files (x86)/gnu tools arm embedded/5.4 2016q2/bin/../lib/gcc/arm-none-eabi/5.4.1/../../../../arm-none-eabi/lib/armv7e-m/softfp\libc.a(lib_a-mallocr.o)
                0x200034cc                __malloc_av_
 .data.__malloc_trim_threshold
                0x200038d4        0x4 c:/program files (x86)/gnu tools arm embedded/5.4 2016q2/bin/../lib/gcc/arm-none-eabi/5.4.1/../../../../arm-none-eabi/lib/armv7e-m/softfp\libc.a(lib_a-mallocr.o)
                0x200038d4                __malloc_trim_threshold
 .data.__malloc_sbrk_base
                0x200038d8        0x4 c:/program files (x86)/gnu tools arm embedded/5.4 2016q2/bin/../lib/gcc/arm-none-eabi/5.4.1/../../../../arm-none-eabi/lib/armv7e-m/softfp\libc.a(lib_a-mallocr.o)
                0x200038d8                __malloc_sbrk_base
                0x200038dc                . = ALIGN (0x4)
 *(.ram)
                0x200038dc                . = ALIGN (0x4)
                0x200038dc                PROVIDE (__preinit_array_start, .)
 *(.preinit_array)
                0x200038dc                PROVIDE (__preinit_array_end, .)
                0x200038dc                . = ALIGN (0x4)
                0x200038dc                PROVIDE (__init_array_start, .)
 *(SORT(.init_array.*))
 .init_array.00000
                0x200038dc        0x4 c:/program files (x86)/gnu tools arm embedded/5.4 2016q2/bin/../lib/gcc/arm-none-eabi/5.4.1/../../../../arm-none-eabi/lib/armv7e-m/softfp\libc.a(lib_a-__call_atexit.o)
 *(.init_array)
 .init_array    0x200038e0        0x4 c:/program files (x86)/gnu tools arm embedded/5.4 2016q2/bin/../lib/gcc/arm-none-eabi/5.4.1/armv7e-m/softfp/crtbegin.o
                0x200038e4                PROVIDE (__init_array_end, .)
                0x200038e4                . = ALIGN (0x4)
                0x200038e4                PROVIDE (__fini_array_start, .)
 *(SORT(.fini_array.*))
 *(.fini_array)
 .fini_array    0x200038e4        0x4 c:/program files (x86)/gnu tools arm embedded/5.4 2016q2/bin/../lib/gcc/arm-none-eabi/5.4.1/armv7e-m/softfp/crtbegin.o
                0x200038e8                PROVIDE (__fini_array_end, .)
 *(.jcr*)
 .jcr           0x200038e8        0x0 c:/program files (x86)/gnu tools arm embedded/5.4 2016q2/bin/../lib/gcc/arm-none-eabi/5.4.1/armv7e-m/softfp/crtbegin.o
 .jcr           0x200038e8        0x4 c:/program files (x86)/gnu tools arm embedded/5.4 2016q2/bin/../lib/gcc/arm-none-eabi/5.4.1/armv7e-m/softfp/crtend.o
                0x200038ec                . = ALIGN (0x4)
                0x200038ec                __data_end__ = .

.bss            0x200038ec     0x1fe4 load address 0x0002d300
                0x200038ec                . = ALIGN (0x4)
                0x200038ec                __bss_start__ = .
 *(.bss*)
 .bss           0x200038ec       0x1c c:/program files (x86)/gnu tools arm embedded/5.4 2016q2/bin/../lib/gcc/arm-none-eabi/5.4.1/armv7e-m/softfp/crtbegin.o
 .bss.deviceTable
                0x20003908       0x30 ./display.o
 .bss.moduleInitialized
                0x20003938        0x1 ./display.o
 *fill*         0x20003939        0x3 
 .bss.devicesRegistered
                0x2000393c        0x4 ./display.o
 .bss.lcdPolarity
                0x20003940        0x1 ./displayls013b7dh03.o
 *fill*         0x20003941        0x3 
 .bss.pixelMatrixPoolBase
                0x20003944       0x80 ./displayls013b7dh03.o
 .bss.bg_gattdb_data_attribute_field_18_data
                0x200039c4        0x6 ./gatt_db.o
                0x200039c4                bg_gattdb_data_attribute_field_18_data
 *fill*         0x200039ca        0x2 
 .bss.bg_gattdb_data_attribute_field_2_data
                0x200039cc        0x4 ./gatt_db.o
                0x200039cc                bg_gattdb_data_attribute_field_2_data
 .bss.rx_data_count
                0x200039d0        0x1 ./main.o
 .bss.tx_data_count
                0x200039d1        0x1 ./main.o
 .bss.pin_counter
                0x200039d2        0x1 ./main.o
 *fill*         0x200039d3        0x1 
 .bss.heap_end.6911
                0x200039d4        0x4 ./retargetio.o
 .bss.textDisplayHandle
                0x200039d8        0x4 ./retargettextdisplay.o
                0x200039d8                textDisplayHandle
 .bss.textdisplayTbl
                0x200039dc       0x60 ./textdisplay.o
 .bss.escapeSequence.5370
                0x20003a3c        0x4 ./textdisplay.o
 .bss.initialized
                0x20003a40        0x1 ./bgapi/dmadrv.o
 *fill*         0x20003a41        0x3 
 .bss.chTable   0x20003a44       0xa0 ./bgapi/dmadrv.o
 .bss.dmaXfer   0x20003ae4      0x100 ./bgapi/dmadrv.o
 .bss           0x20003be4      0x100 C:/SiliconLabs/SimplicityStudio/v4/developer/sdks/gecko_sdk_suite/v1.0//protocol/bluetooth_2.3/lib/EFR32BG1B/GCC/bgapi.a(bgapi_hardware_lib.c.obj)
 .bss           0x20003ce4        0x4 C:/SiliconLabs/SimplicityStudio/v4/developer/sdks/gecko_sdk_suite/v1.0//protocol/bluetooth_2.3/lib/EFR32BG1B/GCC/bgapi.a(bgapi_hardware.c.obj)
 .bss           0x20003ce8       0x10 C:/SiliconLabs/SimplicityStudio/v4/developer/sdks/gecko_sdk_suite/v1.0//protocol/bluetooth_2.3/lib/EFR32BG1B/GCC/bgapi.a(bgapi_util.c.obj)
 .bss           0x20003cf8        0x2 C:/SiliconLabs/SimplicityStudio/v4/developer/sdks/gecko_sdk_suite/v1.0//protocol/bluetooth_2.3/lib/EFR32BG1B/GCC/bgapi.a(bgapi_gap.c.obj)
                0x20003cf8                legacy_maxadv_events
 *fill*         0x20003cfa        0x2 
 .bss           0x20003cfc        0x4 C:/SiliconLabs/SimplicityStudio/v4/developer/sdks/gecko_sdk_suite/v1.0//protocol/bluetooth_2.3/lib/EFR32BG1B/GCC/bgapi.a(bgapi_sm.c.obj)
 .bss           0x20003d00        0xc C:/SiliconLabs/SimplicityStudio/v4/developer/sdks/gecko_sdk_suite/v1.0//protocol/bluetooth_2.3/lib/EFR32BG1B/GCC/bgapi.a(bgapi_endpoint.c.obj)
 .bss           0x20003d0c        0x4 C:/SiliconLabs/SimplicityStudio/v4/developer/sdks/gecko_sdk_suite/v1.0//protocol/bluetooth_2.3/lib/EFR32BG1B/GCC/bgapi.a(adc.c.obj)
 .bss           0x20003d10        0x2 C:/SiliconLabs/SimplicityStudio/v4/developer/sdks/gecko_sdk_suite/v1.0//protocol/bluetooth_2.3/lib/EFR32BG1B/GCC/bgapi.a(i2c.c.obj)
 *fill*         0x20003d12        0x2 
 .bss           0x20003d14       0x2c C:/SiliconLabs/SimplicityStudio/v4/developer/sdks/gecko_sdk_suite/v1.0//protocol/bluetooth_2.3/lib/EFR32BG1B/GCC/bgapi.a(sleep_signal.c.obj)
                0x20003d28                sleep_signal_mask
                0x20003d3c                host_wakeup_signal_mask
 .bss           0x20003d40       0x70 C:/SiliconLabs/SimplicityStudio/v4/developer/sdks/gecko_sdk_suite/v1.0//protocol/bluetooth_2.3/lib/EFR32BG1B/GCC/bgapi.a(uart.c.obj)
 .bss.__malloc_max_total_mem
                0x20003db0        0x4 c:/program files (x86)/gnu tools arm embedded/5.4 2016q2/bin/../lib/gcc/arm-none-eabi/5.4.1/../../../../arm-none-eabi/lib/armv7e-m/softfp\libc.a(lib_a-mallocr.o)
                0x20003db0                __malloc_max_total_mem
 .bss.__malloc_max_sbrked_mem
                0x20003db4        0x4 c:/program files (x86)/gnu tools arm embedded/5.4 2016q2/bin/../lib/gcc/arm-none-eabi/5.4.1/../../../../arm-none-eabi/lib/armv7e-m/softfp\libc.a(lib_a-mallocr.o)
                0x20003db4                __malloc_max_sbrked_mem
 .bss.__malloc_top_pad
                0x20003db8        0x4 c:/program files (x86)/gnu tools arm embedded/5.4 2016q2/bin/../lib/gcc/arm-none-eabi/5.4.1/../../../../arm-none-eabi/lib/armv7e-m/softfp\libc.a(lib_a-mallocr.o)
                0x20003db8                __malloc_top_pad
 .bss.__malloc_current_mallinfo
                0x20003dbc       0x28 c:/program files (x86)/gnu tools arm embedded/5.4 2016q2/bin/../lib/gcc/arm-none-eabi/5.4.1/../../../../arm-none-eabi/lib/armv7e-m/softfp\libc.a(lib_a-mallocr.o)
                0x20003dbc                __malloc_current_mallinfo
 *(COMMON)
 COMMON         0x20003de4     0x1948 ./main.o
                0x20003de4                ack_nack_packet
                0x20003df0                rx_test_buffer
                0x20003e00                decryptionKey
                0x20003e10                packet_from_LG
                0x20003e1c                tx_data_to_lg
                0x20003e2c                Storage_Buffer
                0x20003e3c                ack_message
                0x20003e4c                bluetooth_stack_heap
                0x2000571c                pop_data
 COMMON         0x2000572c      0x190 ./textdisplay.o
                0x2000572c                charBufferDevice0
                0x2000587c                charArrayDevice0
 COMMON         0x200058bc        0xc C:/SiliconLabs/SimplicityStudio/v4/developer/sdks/gecko_sdk_suite/v1.0//protocol/bluetooth_2.3/lib/EFR32BG1B/GCC/bgapi.a(uart_endpoint.c.obj)
                0x200058bc                uarts
 COMMON         0x200058c8        0x1 C:/SiliconLabs/SimplicityStudio/v4/developer/sdks/gecko_sdk_suite/v1.0//protocol/bluetooth_2.3/lib/EFR32BG1B/GCC/bgapi.a(gpio.c.obj)
                0x200058c8                gpio_events
 *fill*         0x200058c9        0x3 
 COMMON         0x200058cc        0x4 c:/program files (x86)/gnu tools arm embedded/5.4 2016q2/bin/../lib/gcc/arm-none-eabi/5.4.1/../../../../arm-none-eabi/lib/armv7e-m/softfp\libc.a(lib_a-reent.o)
                0x200058cc                errno
                0x200058d0                . = ALIGN (0x4)
                0x200058d0                __bss_end__ = .

.heap           0x200058d0      0xc00
                0x200058d0                __HeapBase = .
                0x200058d0                __end__ = .
                0x200058d0                end = __end__
                0x200058d0                _end = __end__
 *(.heap*)
 .heap          0x200058d0      0xc00 ./device/EFR32_B_1_1_B/gcc/startup_efr32bg1b.o
                0x200064d0                __HeapLimit = .

.stack_dummy    0x200064d0      0x400
 *(.stack*)
 .stack         0x200064d0      0x400 ./device/EFR32_B_1_1_B/gcc/startup_efr32bg1b.o
                0x20007bfc                __StackTop = (ORIGIN (RAM) + LENGTH (RAM))
                0x200077fc                __StackLimit = (__StackTop - SIZEOF (.stack_dummy))
                0x20007bfc                PROVIDE (__stack, __StackTop)
                0x00000001                ASSERT ((__StackLimit >= __HeapLimit), region RAM overflowed with stack)
OUTPUT(soc-empty.axf elf32-littlearm)

.ARM.attributes
                0x00000000       0x2e
 .ARM.attributes
                0x00000000       0x22 c:/program files (x86)/gnu tools arm embedded/5.4 2016q2/bin/../lib/gcc/arm-none-eabi/5.4.1/armv7e-m/softfp/crti.o
 .ARM.attributes
                0x00000022       0x32 c:/program files (x86)/gnu tools arm embedded/5.4 2016q2/bin/../lib/gcc/arm-none-eabi/5.4.1/armv7e-m/softfp/crtbegin.o
 .ARM.attributes
                0x00000054       0x20 c:/program files (x86)/gnu tools arm embedded/5.4 2016q2/bin/../lib/gcc/arm-none-eabi/5.4.1/../../../../arm-none-eabi/lib/armv7e-m/softfp/crt0.o
 .ARM.attributes
                0x00000074       0x37 ./bsp_trace.o
 .ARM.attributes
                0x000000ab       0x37 ./display.o
 .ARM.attributes
                0x000000e2       0x37 ./displayls013b7dh03.o
 .ARM.attributes
                0x00000119       0x37 ./displaypalemlib.o
 .ARM.attributes
                0x00000150       0x37 ./gatt_db.o
 .ARM.attributes
                0x00000187       0x37 ./main.o
 .ARM.attributes
                0x000001be       0x37 ./retargetio.o
 .ARM.attributes
                0x000001f5       0x37 ./retargettextdisplay.o
 .ARM.attributes
                0x0000022c       0x37 ./textdisplay.o
 .ARM.attributes
                0x00000263       0x37 ./bgapi/dmadrv.o
 .ARM.attributes
                0x0000029a       0x37 ./bgapi/em_adc.o
 .ARM.attributes
                0x000002d1       0x37 ./bgapi/em_ldma.o
 .ARM.attributes
                0x00000308       0x37 ./bgapi/em_leuart.o
 .ARM.attributes
                0x0000033f       0x37 ./device/EFR32_B_1_1_B/gcc/startup_efr32bg1b.o
 .ARM.attributes
                0x00000376       0x37 ./emlib/em_cmu.o
 .ARM.attributes
                0x000003ad       0x37 ./emlib/em_crypto.o
 .ARM.attributes
                0x000003e4       0x37 ./emlib/em_gpio.o
 .ARM.attributes
                0x0000041b       0x37 ./emlib/em_i2c.o
 .ARM.attributes
                0x00000452       0x37 ./emlib/em_prs.o
 .ARM.attributes
                0x00000489       0x37 ./emlib/em_rtcc.o
 .ARM.attributes
                0x000004c0       0x37 ./emlib/em_system.o
 .ARM.attributes
                0x000004f7       0x37 ./emlib/em_usart.o
 .ARM.attributes
                0x0000052e       0x37 ./kit/BRD4302A/udelay.o
 .ARM.attributes
                0x00000565       0x37 ./kit_flashpwr/BRD4302A/mx25flash_spi.o
 .ARM.attributes
                0x0000059c       0x37 ./src/InitDevice.o
 .ARM.attributes
                0x000005d3       0x37 C:/SiliconLabs/SimplicityStudio/v4/developer/sdks/gecko_sdk_suite/v1.0//protocol/bluetooth_2.3/lib/EFR32BG1B/GCC/bgapi.a(gecko_bgapi_hardware.c.obj)
 .ARM.attributes
                0x0000060a       0x37 C:/SiliconLabs/SimplicityStudio/v4/developer/sdks/gecko_sdk_suite/v1.0//protocol/bluetooth_2.3/lib/EFR32BG1B/GCC/bgapi.a(gecko_bgapi_test.c.obj)
 .ARM.attributes
                0x00000641       0x37 C:/SiliconLabs/SimplicityStudio/v4/developer/sdks/gecko_sdk_suite/v1.0//protocol/bluetooth_2.3/lib/EFR32BG1B/GCC/bgapi.a(gecko_bgapi_util.c.obj)
 .ARM.attributes
                0x00000678       0x37 C:/SiliconLabs/SimplicityStudio/v4/developer/sdks/gecko_sdk_suite/v1.0//protocol/bluetooth_2.3/lib/EFR32BG1B/GCC/bgapi.a(gecko_bgapi_dfu.c.obj)
 .ARM.attributes
                0x000006af       0x37 C:/SiliconLabs/SimplicityStudio/v4/developer/sdks/gecko_sdk_suite/v1.0//protocol/bluetooth_2.3/lib/EFR32BG1B/GCC/bgapi.a(gecko_bgapi_gap.c.obj)
 .ARM.attributes
                0x000006e6       0x37 C:/SiliconLabs/SimplicityStudio/v4/developer/sdks/gecko_sdk_suite/v1.0//protocol/bluetooth_2.3/lib/EFR32BG1B/GCC/bgapi.a(gecko_bgapi_gatt.c.obj)
 .ARM.attributes
                0x0000071d       0x37 C:/SiliconLabs/SimplicityStudio/v4/developer/sdks/gecko_sdk_suite/v1.0//protocol/bluetooth_2.3/lib/EFR32BG1B/GCC/bgapi.a(gecko_bgapi_gatt_server.c.obj)
 .ARM.attributes
                0x00000754       0x37 C:/SiliconLabs/SimplicityStudio/v4/developer/sdks/gecko_sdk_suite/v1.0//protocol/bluetooth_2.3/lib/EFR32BG1B/GCC/bgapi.a(gecko_bgapi_flash.c.obj)
 .ARM.attributes
                0x0000078b       0x37 C:/SiliconLabs/SimplicityStudio/v4/developer/sdks/gecko_sdk_suite/v1.0//protocol/bluetooth_2.3/lib/EFR32BG1B/GCC/bgapi.a(gecko_bgapi_sm.c.obj)
 .ARM.attributes
                0x000007c2       0x37 C:/SiliconLabs/SimplicityStudio/v4/developer/sdks/gecko_sdk_suite/v1.0//protocol/bluetooth_2.3/lib/EFR32BG1B/GCC/bgapi.a(gecko_bgapi_system.c.obj)
 .ARM.attributes
                0x000007f9       0x37 C:/SiliconLabs/SimplicityStudio/v4/developer/sdks/gecko_sdk_suite/v1.0//protocol/bluetooth_2.3/lib/EFR32BG1B/GCC/bgapi.a(gecko_bgapi_endpoint.c.obj)
 .ARM.attributes
                0x00000830       0x37 C:/SiliconLabs/SimplicityStudio/v4/developer/sdks/gecko_sdk_suite/v1.0//protocol/bluetooth_2.3/lib/EFR32BG1B/GCC/bgapi.a(gecko_bgapi_le_connection.c.obj)
 .ARM.attributes
                0x00000867       0x37 C:/SiliconLabs/SimplicityStudio/v4/developer/sdks/gecko_sdk_suite/v1.0//protocol/bluetooth_2.3/lib/EFR32BG1B/GCC/bgapi.a(bgapi_hardware_lib.c.obj)
 .ARM.attributes
                0x0000089e       0x37 C:/SiliconLabs/SimplicityStudio/v4/developer/sdks/gecko_sdk_suite/v1.0//protocol/bluetooth_2.3/lib/EFR32BG1B/GCC/bgapi.a(bgapi_hardware.c.obj)
 .ARM.attributes
                0x000008d5       0x37 C:/SiliconLabs/SimplicityStudio/v4/developer/sdks/gecko_sdk_suite/v1.0//protocol/bluetooth_2.3/lib/EFR32BG1B/GCC/bgapi.a(bgapi_test_lib.c.obj)
 .ARM.attributes
                0x0000090c       0x37 C:/SiliconLabs/SimplicityStudio/v4/developer/sdks/gecko_sdk_suite/v1.0//protocol/bluetooth_2.3/lib/EFR32BG1B/GCC/bgapi.a(bgapi_util.c.obj)
 .ARM.attributes
                0x00000943       0x37 C:/SiliconLabs/SimplicityStudio/v4/developer/sdks/gecko_sdk_suite/v1.0//protocol/bluetooth_2.3/lib/EFR32BG1B/GCC/bgapi.a(bgapi_dfu.c.obj)
 .ARM.attributes
                0x0000097a       0x37 C:/SiliconLabs/SimplicityStudio/v4/developer/sdks/gecko_sdk_suite/v1.0//protocol/bluetooth_2.3/lib/EFR32BG1B/GCC/bgapi.a(bgapi_gap.c.obj)
 .ARM.attributes
                0x000009b1       0x37 C:/SiliconLabs/SimplicityStudio/v4/developer/sdks/gecko_sdk_suite/v1.0//protocol/bluetooth_2.3/lib/EFR32BG1B/GCC/bgapi.a(bgapi_gatt_lib.c.obj)
 .ARM.attributes
                0x000009e8       0x37 C:/SiliconLabs/SimplicityStudio/v4/developer/sdks/gecko_sdk_suite/v1.0//protocol/bluetooth_2.3/lib/EFR32BG1B/GCC/bgapi.a(bgapi_ps.c.obj)
 .ARM.attributes
                0x00000a1f       0x37 C:/SiliconLabs/SimplicityStudio/v4/developer/sdks/gecko_sdk_suite/v1.0//protocol/bluetooth_2.3/lib/EFR32BG1B/GCC/bgapi.a(bgapi_sm.c.obj)
 .ARM.attributes
                0x00000a56       0x37 C:/SiliconLabs/SimplicityStudio/v4/developer/sdks/gecko_sdk_suite/v1.0//protocol/bluetooth_2.3/lib/EFR32BG1B/GCC/bgapi.a(bgapi_system.c.obj)
 .ARM.attributes
                0x00000a8d       0x37 C:/SiliconLabs/SimplicityStudio/v4/developer/sdks/gecko_sdk_suite/v1.0//protocol/bluetooth_2.3/lib/EFR32BG1B/GCC/bgapi.a(bgapi_endpoint.c.obj)
 .ARM.attributes
                0x00000ac4       0x37 C:/SiliconLabs/SimplicityStudio/v4/developer/sdks/gecko_sdk_suite/v1.0//protocol/bluetooth_2.3/lib/EFR32BG1B/GCC/bgapi.a(bgapi_le_connection.c.obj)
 .ARM.attributes
                0x00000afb       0x37 C:/SiliconLabs/SimplicityStudio/v4/developer/sdks/gecko_sdk_suite/v1.0//protocol/bluetooth_2.3/lib/EFR32BG1B/GCC/bgapi.a(uart_endpoint.c.obj)
 .ARM.attributes
                0x00000b32       0x37 C:/SiliconLabs/SimplicityStudio/v4/developer/sdks/gecko_sdk_suite/v1.0//protocol/bluetooth_2.3/lib/EFR32BG1B/GCC/bgapi.a(bgapi_endpoint.c.obj)
 .ARM.attributes