Archive member included because of file (symbol)

/Applications/Simplicity Studio.app/Contents/Eclipse/developer/sdks/gecko_sdk_suite/v1.0//protocol/bluetooth_2.3/lib/EFR32BG1P/GCC/bgapi.a(gecko_bgapi_hardware.c.obj)
                              ./main.o (gecko_bgapi_class_hardware_init)
/Applications/Simplicity Studio.app/Contents/Eclipse/developer/sdks/gecko_sdk_suite/v1.0//protocol/bluetooth_2.3/lib/EFR32BG1P/GCC/bgapi.a(gecko_bgapi_test.c.obj)
                              ./main.o (gecko_bgapi_class_test_init)
/Applications/Simplicity Studio.app/Contents/Eclipse/developer/sdks/gecko_sdk_suite/v1.0//protocol/bluetooth_2.3/lib/EFR32BG1P/GCC/bgapi.a(gecko_bgapi_util.c.obj)
                              ./main.o (gecko_bgapi_class_util_init)
/Applications/Simplicity Studio.app/Contents/Eclipse/developer/sdks/gecko_sdk_suite/v1.0//protocol/bluetooth_2.3/lib/EFR32BG1P/GCC/bgapi.a(gecko_bgapi_dfu.c.obj)
                              ./main.o (gecko_bgapi_class_dfu_init)
/Applications/Simplicity Studio.app/Contents/Eclipse/developer/sdks/gecko_sdk_suite/v1.0//protocol/bluetooth_2.3/lib/EFR32BG1P/GCC/bgapi.a(gecko_bgapi_gap.c.obj)
                              ./main.o (gecko_bgapi_class_le_gap_init)
/Applications/Simplicity Studio.app/Contents/Eclipse/developer/sdks/gecko_sdk_suite/v1.0//protocol/bluetooth_2.3/lib/EFR32BG1P/GCC/bgapi.a(gecko_bgapi_gatt.c.obj)
                              ./main.o (gecko_bgapi_class_gatt_init)
/Applications/Simplicity Studio.app/Contents/Eclipse/developer/sdks/gecko_sdk_suite/v1.0//protocol/bluetooth_2.3/lib/EFR32BG1P/GCC/bgapi.a(gecko_bgapi_gatt_server.c.obj)
                              ./main.o (gecko_bgapi_class_gatt_server_init)
/Applications/Simplicity Studio.app/Contents/Eclipse/developer/sdks/gecko_sdk_suite/v1.0//protocol/bluetooth_2.3/lib/EFR32BG1P/GCC/bgapi.a(gecko_bgapi_flash.c.obj)
                              ./main.o (gecko_bgapi_class_flash_init)
/Applications/Simplicity Studio.app/Contents/Eclipse/developer/sdks/gecko_sdk_suite/v1.0//protocol/bluetooth_2.3/lib/EFR32BG1P/GCC/bgapi.a(gecko_bgapi_sm.c.obj)
                              ./main.o (gecko_bgapi_class_sm_init)
/Applications/Simplicity Studio.app/Contents/Eclipse/developer/sdks/gecko_sdk_suite/v1.0//protocol/bluetooth_2.3/lib/EFR32BG1P/GCC/bgapi.a(gecko_bgapi_system.c.obj)
                              ./main.o (gecko_bgapi_class_system_init)
/Applications/Simplicity Studio.app/Contents/Eclipse/developer/sdks/gecko_sdk_suite/v1.0//protocol/bluetooth_2.3/lib/EFR32BG1P/GCC/bgapi.a(gecko_bgapi_endpoint.c.obj)
                              ./main.o (gecko_bgapi_class_endpoint_init)
/Applications/Simplicity Studio.app/Contents/Eclipse/developer/sdks/gecko_sdk_suite/v1.0//protocol/bluetooth_2.3/lib/EFR32BG1P/GCC/bgapi.a(gecko_bgapi_le_connection.c.obj)
                              ./main.o (gecko_bgapi_class_le_connection_init)
/Applications/Simplicity Studio.app/Contents/Eclipse/developer/sdks/gecko_sdk_suite/v1.0//protocol/bluetooth_2.3/lib/EFR32BG1P/GCC/bgapi.a(bgapi_hardware_lib.c.obj)
                              /Applications/Simplicity Studio.app/Contents/Eclipse/developer/sdks/gecko_sdk_suite/v1.0//protocol/bluetooth_2.3/lib/EFR32BG1P/GCC/bgapi.a(gecko_bgapi_hardware.c.obj) (gecko_cmd_hardware_read_i2c)
/Applications/Simplicity Studio.app/Contents/Eclipse/developer/sdks/gecko_sdk_suite/v1.0//protocol/bluetooth_2.3/lib/EFR32BG1P/GCC/bgapi.a(bgapi_hardware.c.obj)
                              /Applications/Simplicity Studio.app/Contents/Eclipse/developer/sdks/gecko_sdk_suite/v1.0//protocol/bluetooth_2.3/lib/EFR32BG1P/GCC/bgapi.a(gecko_bgapi_hardware.c.obj) (lib_hardware_handler_init)
/Applications/Simplicity Studio.app/Contents/Eclipse/developer/sdks/gecko_sdk_suite/v1.0//protocol/bluetooth_2.3/lib/EFR32BG1P/GCC/bgapi.a(bgapi_test_lib.c.obj)
                              /Applications/Simplicity Studio.app/Contents/Eclipse/developer/sdks/gecko_sdk_suite/v1.0//protocol/bluetooth_2.3/lib/EFR32BG1P/GCC/bgapi.a(gecko_bgapi_test.c.obj) (lib_test_handler_init)
/Applications/Simplicity Studio.app/Contents/Eclipse/developer/sdks/gecko_sdk_suite/v1.0//protocol/bluetooth_2.3/lib/EFR32BG1P/GCC/bgapi.a(bgapi_util.c.obj)
                              /Applications/Simplicity Studio.app/Contents/Eclipse/developer/sdks/gecko_sdk_suite/v1.0//protocol/bluetooth_2.3/lib/EFR32BG1P/GCC/bgapi.a(gecko_bgapi_util.c.obj) (lib_util_handler_init)
/Applications/Simplicity Studio.app/Contents/Eclipse/developer/sdks/gecko_sdk_suite/v1.0//protocol/bluetooth_2.3/lib/EFR32BG1P/GCC/bgapi.a(bgapi_dfu.c.obj)
                              /Applications/Simplicity Studio.app/Contents/Eclipse/developer/sdks/gecko_sdk_suite/v1.0//protocol/bluetooth_2.3/lib/EFR32BG1P/GCC/bgapi.a(gecko_bgapi_dfu.c.obj) (lib_dfu_handler_init)
/Applications/Simplicity Studio.app/Contents/Eclipse/developer/sdks/gecko_sdk_suite/v1.0//protocol/bluetooth_2.3/lib/EFR32BG1P/GCC/bgapi.a(bgapi_gap.c.obj)
[...]
Memory Configuration

Name             Origin             Length             Attributes
FLASH            0x0000000000000000 0x000000000003f000 xr
RAM              0x0000000020003000 0x0000000000004bfc xrw
*default*        0x0000000000000000 0xffffffffffffffff

Linker script and memory map

LOAD /Applications/Simplicity Studio.app/Contents/Eclipse/developer/toolchains/gnu_arm/4.8_2013q4/bin/../lib/gcc/arm-none-eabi/4.8.3/armv7e-m/softfp/crti.o
LOAD /Applications/Simplicity Studio.app/Contents/Eclipse/developer/toolchains/gnu_arm/4.8_2013q4/bin/../lib/gcc/arm-none-eabi/4.8.3/armv7e-m/softfp/crtbegin.o
LOAD /Applications/Simplicity Studio.app/Contents/Eclipse/developer/toolchains/gnu_arm/4.8_2013q4/bin/../lib/gcc/arm-none-eabi/4.8.3/../../../../arm-none-eabi/lib/armv7e-m/softfp/crt0.o
LOAD ./application_properties.o
LOAD ./ble-callback-stubs.o
LOAD ./ble-callbacks.o
LOAD ./gatt_db.o
LOAD ./main.o
LOAD ./bgapi/dmadrv.o
LOAD ./bgapi/em_adc.o
LOAD ./bgapi/em_ldma.o
LOAD ./bgapi/em_leuart.o
LOAD ./device/EFR32_B_1_1_P/gcc/startup_efr32bg1p.o
LOAD ./emlib/em_cmu.o
LOAD ./emlib/em_cryotimer.o
LOAD ./emlib/em_gpio.o
LOAD ./emlib/em_i2c.o
LOAD ./emlib/em_msc.o
LOAD ./emlib/em_rtcc.o
LOAD ./emlib/em_system.o
LOAD ./emlib/em_usart.o
LOAD ./kit_flashpwr/BRD4100A/mx25flash_spi.o
LOAD ./mbedtls/aes.o
LOAD ./mbedtls/aesni.o
LOAD ./mbedtls/arc4.o
LOAD ./mbedtls/asn1parse.o
LOAD ./mbedtls/asn1write.o
LOAD ./mbedtls/base64.o
LOAD ./mbedtls/bignum.o
LOAD ./mbedtls/blowfish.o
LOAD ./mbedtls/camellia.o
LOAD ./mbedtls/ccm.o
LOAD ./mbedtls/certs.o
LOAD ./mbedtls/cipher.o
LOAD ./mbedtls/cipher_wrap.o
LOAD ./mbedtls/ctr_drbg.o
LOAD ./mbedtls/debug.o
LOAD ./mbedtls/des.o
LOAD ./mbedtls/dhm.o
LOAD ./mbedtls/ecdh.o
LOAD ./mbedtls/ecdsa.o
LOAD ./mbedtls/ecjpake.o
LOAD ./mbedtls/ecp.o
LOAD ./mbedtls/ecp_curves.o
LOAD ./mbedtls/entropy.o
LOAD ./mbedtls/entropy_poll.o
LOAD ./mbedtls/error.o
LOAD ./mbedtls/gcm.o
LOAD ./mbedtls/havege.o
LOAD ./mbedtls/hmac_drbg.o
LOAD ./mbedtls/md.o
LOAD ./mbedtls/md2.o
LOAD ./mbedtls/md4.o
LOAD ./mbedtls/md5.o
LOAD ./mbedtls/md_wrap.o
LOAD ./mbedtls/memory_buffer_alloc.o
LOAD ./mbedtls/oid.o
LOAD ./mbedtls/padlock.o
LOAD ./mbedtls/pem.o
LOAD ./mbedtls/pk.o
LOAD ./mbedtls/pk_wrap.o
LOAD ./mbedtls/pkcs11.o
LOAD ./mbedtls/pkcs12.o
LOAD ./mbedtls/pkcs5.o
LOAD ./mbedtls/pkparse.o
LOAD ./mbedtls/pkwrite.o
LOAD ./mbedtls/platform.o
LOAD ./mbedtls/ripemd160.o
LOAD ./mbedtls/rsa.o
LOAD ./mbedtls/sha1.o
LOAD ./mbedtls/sha256.o
LOAD ./mbedtls/sha512.o
LOAD ./mbedtls/ssl_cache.o
LOAD ./mbedtls/ssl_ciphersuites.o
LOAD ./mbedtls/ssl_cli.o
LOAD ./mbedtls/ssl_cookie.o
LOAD ./mbedtls/ssl_srv.o
LOAD ./mbedtls/ssl_ticket.o
LOAD ./mbedtls/ssl_tls.o
LOAD ./mbedtls/threading.o
LOAD ./mbedtls/timing.o
LOAD ./mbedtls/version.o
LOAD ./mbedtls/version_features.o
LOAD ./mbedtls/xtea.o
LOAD ./sl_crypto/aesdrv_authencr_aes.o
LOAD ./sl_crypto/aesdrv_authencr_crypto.o
LOAD ./sl_crypto/aesdrv_blockcipher_aes.o
LOAD ./sl_crypto/aesdrv_blockcipher_crypto.o
LOAD ./sl_crypto/aesdrv_common.o
LOAD ./sl_crypto/aesdrv_common_aes.o
LOAD ./sl_crypto/aesdrv_common_crypto.o
LOAD ./sl_crypto/cryptodrv.o
LOAD ./sl_crypto/sl_aes.o
LOAD ./sl_crypto/sl_ecp.o
LOAD ./sl_crypto/sl_entropy.o
LOAD ./sl_crypto/sl_sha1.o
LOAD ./sl_crypto/sl_sha256.o
LOAD ./sl_crypto/sl_timing.o
LOAD ./sl_crypto/slcl_aes.o
LOAD ./sl_crypto/slcl_ccm.o
LOAD ./sl_crypto/slcl_cmac.o
LOAD ./sl_crypto/slcl_device.o
LOAD ./sl_crypto/slcl_ecp.o
LOAD ./sl_crypto/slcl_sha1.o
LOAD ./sl_crypto/slcl_sha256.o
LOAD ./sl_crypto/slpal_freertos.o
LOAD ./sl_crypto/slpal_ucos3.o
LOAD ./sl_crypto/trng.o
LOAD ./src/InitDevice.o
LOAD /Applications/Simplicity Studio.app/Contents/Eclipse/developer/sdks/gecko_sdk_suite/v1.0//protocol/bluetooth_2.3/lib/EFR32BG1P/EABI/stack.a
LOAD /Applications/Simplicity Studio.app/Contents/Eclipse/developer/sdks/gecko_sdk_suite/v1.0//protocol/bluetooth_2.3/lib/EFR32BG1P/EABI/binstack.o
LOAD /Applications/Simplicity Studio.app/Contents/Eclipse/developer/sdks/gecko_sdk_suite/v1.0//protocol/bluetooth_2.3/lib/EFR32BG1P/GCC/bgapi.a
LOAD /Applications/Simplicity Studio.app/Contents/Eclipse/developer/sdks/gecko_sdk_suite/v1.0//protocol/bluetooth_2.3/lib/EFR32BG1P/EABI/binbootloader.o
LOAD /Applications/Simplicity Studio.app/Contents/Eclipse/developer/toolchains/gnu_arm/4.8_2013q4/bin/../lib/gcc/arm-none-eabi/4.8.3/../../../../arm-none-eabi/lib/armv7e-m/softfp/libm.a
START GROUP
LOAD /Applications/Simplicity Studio.app/Contents/Eclipse/developer/toolchains/gnu_arm/4.8_2013q4/bin/../lib/gcc/arm-none-eabi/4.8.3/armv7e-m/softfp/libgcc.a
LOAD /Applications/Simplicity Studio.app/Contents/Eclipse/developer/toolchains/gnu_arm/4.8_2013q4/bin/../lib/gcc/arm-none-eabi/4.8.3/../../../../arm-none-eabi/lib/armv7e-m/softfp/libc.a
LOAD /Applications/Simplicity Studio.app/Contents/Eclipse/developer/toolchains/gnu_arm/4.8_2013q4/bin/../lib/gcc/arm-none-eabi/4.8.3/../../../../arm-none-eabi/lib/armv7e-m/softfp/libnosys.a
END GROUP
START GROUP
LOAD /Applications/Simplicity Studio.app/Contents/Eclipse/developer/toolchains/gnu_arm/4.8_2013q4/bin/../lib/gcc/arm-none-eabi/4.8.3/armv7e-m/softfp/libgcc.a
LOAD /Applications/Simplicity Studio.app/Contents/Eclipse/developer/toolchains/gnu_arm/4.8_2013q4/bin/../lib/gcc/arm-none-eabi/4.8.3/../../../../arm-none-eabi/lib/armv7e-m/softfp/libg.a
LOAD /Applications/Simplicity Studio.app/Contents/Eclipse/developer/toolchains/gnu_arm/4.8_2013q4/bin/../lib/gcc/arm-none-eabi/4.8.3/../../../../arm-none-eabi/lib/armv7e-m/softfp/libc.a
END GROUP
LOAD /Applications/Simplicity Studio.app/Contents/Eclipse/developer/toolchains/gnu_arm/4.8_2013q4/bin/../lib/gcc/arm-none-eabi/4.8.3/armv7e-m/softfp/crtend.o
LOAD /Applications/Simplicity Studio.app/Contents/Eclipse/developer/toolchains/gnu_arm/4.8_2013q4/bin/../lib/gcc/arm-none-eabi/4.8.3/armv7e-m/softfp/crtn.o

.text_bootloader
                0x0000000000000000     0x4000
 *(.binbootloader*)
 .binbootloader
                0x0000000000000000      0x31c /Applications/Simplicity Studio.app/Contents/Eclipse/developer/sdks/gecko_sdk_suite/v1.0//protocol/bluetooth_2.3/lib/EFR32BG1P/EABI/binbootloader.o
                0x0000000000004000                . = ALIGN (0x4000)
 *fill*         0x000000000000031c     0x3ce4 

.text_stack_bin
                0x0000000000004000    0x1d000
 *(.binstack*)
 .binstack      0x0000000000004000    0x1cc10 /Applications/Simplicity Studio.app/Contents/Eclipse/developer/sdks/gecko_sdk_suite/v1.0//protocol/bluetooth_2.3/lib/EFR32BG1P/EABI/binstack.o
                0x0000000000021000                . = ALIGN (0x800)
 *fill*         0x0000000000020c10      0x3f0 
                0x0000000000021000                __text_start__ = .

.text_app       0x0000000000021000     0x6754
 *(.AAT)
 .AAT           0x0000000000021000       0x80 ./main.o
                0x0000000000021000                AppAddressTable
 *(.vectors)
 .vectors       0x0000000000021080       0xc8 ./device/EFR32_B_1_1_P/gcc/startup_efr32bg1p.o
                0x0000000000021080                __Vectors
                0x0000000000021148                __Vectors_End = .
                0x00000000000000c8                __Vectors_Size = (__Vectors_End - __Vectors)
                0x0000000000021148                __end__ = .
 *(.gecko_configuration)
 *(.xo_configuration)
 *(.gatt_header)
 .gatt_header   0x0000000000021148       0x30 ./gatt_db.o
                0x0000000000021148                bg_gattdb_data
 *(.gatt_data)
 .gatt_data     0x0000000000021178      0x1d8 ./gatt_db.o
                0x0000000000021178                bg_gattdb_data_adv_uuid128_map
                0x000000000002117c                bg_gattdb_data_adv_uuid16_map
                0x0000000000021180                bg_gattdb_data_attributes_dynamic_mapping_map
                0x0000000000021188                bg_gattdb_data_attributes_map
                0x000000000002126c                bg_gattdb_data_attribute_field_0
                0x0000000000021270                bg_gattdb_data_attribute_field_1
                0x0000000000021278                bg_gattdb_data_attribute_field_2
                0x0000000000021280                bg_gattdb_data_attribute_field_4
                0x0000000000021284                bg_gattdb_data_attribute_field_5
                0x000000000002128c                bg_gattdb_data_attribute_field_6
                0x0000000000021294                bg_gattdb_data_attribute_field_7
                0x000000000002129c                bg_gattdb_data_attribute_field_8
                0x00000000000212a0                bg_gattdb_data_attribute_field_9
                0x00000000000212a4                bg_gattdb_data_attribute_field_10
                0x00000000000212ac                bg_gattdb_data_attribute_field_11
                0x00000000000212bc                bg_gattdb_data_attribute_field_12
                0x00000000000212c4                bg_gattdb_data_attribute_field_13
                0x00000000000212d0                bg_gattdb_data_attribute_field_14
                0x00000000000212d8                bg_gattdb_data_attribute_field_15
                0x00000000000212e0                bg_gattdb_data_attribute_field_16
                0x00000000000212f4                bg_gattdb_data_attribute_field_17
                0x000000000002130c                bg_gattdb_data_attribute_field_18
                0x0000000000021314                bg_gattdb_data_uuidtable_128_map
                0x0000000000021334                bg_gattdb_data_uuidtable_16_map
 *(.text*)
 .text          0x0000000000021350       0x54 /Applications/Simplicity Studio.app/Contents/Eclipse/developer/toolchains/gnu_arm/4.8_2013q4/bin/../lib/gcc/arm-none-eabi/4.8.3/armv7e-m/softfp/crtbegin.o
 .text          0x00000000000213a4       0x74 /Applications/Simplicity Studio.app/Contents/Eclipse/developer/toolchains/gnu_arm/4.8_2013q4/bin/../lib/gcc/arm-none-eabi/4.8.3/../../../../arm-none-eabi/lib/armv7e-m/softfp/crt0.o
                0x00000000000213a4                _mainCRTStartup
                0x00000000000213a4                _start
 .text.startup.main
                0x0000000000021418      0x158 ./main.o
                0x0000000000021418                main
 .text.StartTransfer
                0x0000000000021570      0x1c4 ./bgapi/dmadrv.o
 .text.DMADRV_AllocateChannel
                0x0000000000021734       0x60 ./bgapi/dmadrv.o
                0x0000000000021734                DMADRV_AllocateChannel
 .text.DMADRV_Init
                0x0000000000021794       0x60 ./bgapi/dmadrv.o
                0x0000000000021794                DMADRV_Init
 .text.DMADRV_MemoryPeripheral
                0x00000000000217f4       0x38 ./bgapi/dmadrv.o
                0x00000000000217f4                DMADRV_MemoryPeripheral
 .text.DMADRV_PeripheralMemory
                0x000000000002182c       0x34 ./bgapi/dmadrv.o
                0x000000000002182c                DMADRV_PeripheralMemory
 .text.DMADRV_StopTransfer
                0x0000000000021860       0x44 ./bgapi/dmadrv.o
                0x0000000000021860                DMADRV_StopTransfer
 .text.DMADRV_TransferRemainingCount
                0x00000000000218a4       0x5c ./bgapi/dmadrv.o
                0x00000000000218a4                DMADRV_TransferRemainingCount
 .text.LDMA_IRQHandler
                0x0000000000021900       0x80 ./bgapi/dmadrv.o
                0x0000000000021900                LDMA_IRQHandler
 .text.ADC_LoadDevinfoCal
                0x0000000000021980       0xc0 ./bgapi/em_adc.o
 .text.ADC_InitSingle
                0x0000000000021a40       0xb4 ./bgapi/em_adc.o
                0x0000000000021a40                ADC_InitSingle
 .text.ADC_PrescaleCalc
                0x0000000000021af4       0x58 ./bgapi/em_adc.o
                0x0000000000021af4                ADC_PrescaleCalc
 .text.ADC_Init
                0x0000000000021b4c       0x68 ./bgapi/em_adc.o
                0x0000000000021b4c                ADC_Init
 .text.LDMA_Init
                0x0000000000021bb4       0x58 ./bgapi/em_ldma.o
                0x0000000000021bb4                LDMA_Init
 .text.LDMA_StartTransfer
                0x0000000000021c0c       0xa8 ./bgapi/em_ldma.o
                0x0000000000021c0c                LDMA_StartTransfer
 .text.LDMA_StopTransfer
                0x0000000000021cb4       0x28 ./bgapi/em_ldma.o
                0x0000000000021cb4                LDMA_StopTransfer
 .text.LDMA_TransferRemainingCount
                0x0000000000021cdc       0x40 ./bgapi/em_ldma.o
                0x0000000000021cdc                LDMA_TransferRemainingCount
 .text.LEUART_BaudrateSet
                0x0000000000021d1c       0x54 ./bgapi/em_leuart.o
                0x0000000000021d1c                LEUART_BaudrateSet
 .text.LEUART_Enable
                0x0000000000021d70       0x1c ./bgapi/em_leuart.o
                0x0000000000021d70                LEUART_Enable
 .text.LEUART_Init
                0x0000000000021d8c       0x4c ./bgapi/em_leuart.o
                0x0000000000021d8c                LEUART_Init
 .text.Default_Handler
                0x0000000000021dd8        0x4 ./device/EFR32_B_1_1_P/gcc/startup_efr32bg1p.o
                0x0000000000021dd8                IDAC0_IRQHandler
                0x0000000000021dd8                USART0_TX_IRQHandler
                0x0000000000021dd8                I2C0_IRQHandler
                0x0000000000021dd8                HardFault_Handler
                0x0000000000021dd8                SysTick_Handler
                0x0000000000021dd8                USART1_RX_IRQHandler
                0x0000000000021dd8                PendSV_Handler
                0x0000000000021dd8                NMI_Handler
                0x0000000000021dd8                SYNTH_IRQHandler
                0x0000000000021dd8                WDOG0_IRQHandler
                0x0000000000021dd8                USART1_TX_IRQHandler
                0x0000000000021dd8                MSC_IRQHandler
                0x0000000000021dd8                ADC0_IRQHandler
                0x0000000000021dd8                UsageFault_Handler
                0x0000000000021dd8                LEUART0_IRQHandler
                0x0000000000021dd8                FPUEH_IRQHandler
                0x0000000000021dd8                GPIO_EVEN_IRQHandler
                0x0000000000021dd8                TIMER0_IRQHandler
                0x0000000000021dd8                LETIMER0_IRQHandler
                0x0000000000021dd8                TIMER1_IRQHandler
                0x0000000000021dd8                RFSENSE_IRQHandler
                0x0000000000021dd8                BUFC_IRQHandler
                0x0000000000021dd8                MODEM_IRQHandler
                0x0000000000021dd8                Default_Handler
                0x0000000000021dd8                RAC_SEQ_IRQHandler
                0x0000000000021dd8                FRC_PRI_IRQHandler
                0x0000000000021dd8                FRC_IRQHandler
                0x0000000000021dd8                CRYOTIMER_IRQHandler
                0x0000000000021dd8                PCNT0_IRQHandler
                0x0000000000021dd8                AGC_IRQHandler
                0x0000000000021dd8                ACMP0_IRQHandler
                0x0000000000021dd8                USART0_RX_IRQHandler
                0x0000000000021dd8                MemManage_Handler
                0x0000000000021dd8                SVC_Handler
                0x0000000000021dd8                RTCC_IRQHandler
                0x0000000000021dd8                CRYPTO_IRQHandler
                0x0000000000021dd8                CMU_IRQHandler
                0x0000000000021dd8                RAC_RSM_IRQHandler
                0x0000000000021dd8                GPIO_ODD_IRQHandler
                0x0000000000021dd8                PROTIMER_IRQHandler
                0x0000000000021dd8                BusFault_Handler
                0x0000000000021dd8                DebugMon_Handler
 .text.Reset_Handler
                0x0000000000021ddc       0x34 ./device/EFR32_B_1_1_P/gcc/startup_efr32bg1p.o
                0x0000000000021ddc                Reset_Handler
 .text.flashWaitStateMax
                0x0000000000021e10       0x40 ./emlib/em_cmu.o
 .text.CMU_ClockEnable
                0x0000000000021e50       0x8c ./emlib/em_cmu.o
                0x0000000000021e50                CMU_ClockEnable
 .text.CMU_ClockSelectGet
                0x0000000000021edc       0xa4 ./emlib/em_cmu.o
                0x0000000000021edc                CMU_ClockSelectGet
 .text.lfClkGet
                0x0000000000021f80       0x94 ./emlib/em_cmu.o
 .text.CMU_ClockFreqGet
                0x0000000000022014      0x12c ./emlib/em_cmu.o
                0x0000000000022014                CMU_ClockFreqGet
 .text.CMU_OscillatorTuningSet
                0x0000000000022140       0xb4 ./emlib/em_cmu.o
                0x0000000000022140                CMU_OscillatorTuningSet
 .text.CMU_OscillatorTuningWait
                0x00000000000221f4       0x60 ./emlib/em_cmu.o
                0x00000000000221f4                CMU_OscillatorTuningWait
 .text.CMU_OscillatorTuningOptimize
                0x0000000000022254       0x24 ./emlib/em_cmu.o
                0x0000000000022254                CMU_OscillatorTuningOptimize
 .text.CMU_OscillatorEnable
                0x0000000000022278      0x108 ./emlib/em_cmu.o
                0x0000000000022278                CMU_OscillatorEnable
 .text.CMU_ClockSelectSet
                0x0000000000022380      0x158 ./emlib/em_cmu.o
                0x0000000000022380                CMU_ClockSelectSet
 .text.CMU_HFXOInit
                0x00000000000224d8       0xec ./emlib/em_cmu.o
                0x00000000000224d8                CMU_HFXOInit
 .text.CMU_LFXOInit
                0x00000000000225c4       0x40 ./emlib/em_cmu.o
                0x00000000000225c4                CMU_LFXOInit
 .text.GPIO_PinModeSet
                0x0000000000022604       0x90 ./emlib/em_gpio.o
                0x0000000000022604                GPIO_PinModeSet
 .text.I2C_BusFreqSet
                0x0000000000022694       0x6c ./emlib/em_i2c.o
                0x0000000000022694                I2C_BusFreqSet
 .text.I2C_Init
                0x0000000000022700       0x34 ./emlib/em_i2c.o
                0x0000000000022700                I2C_Init
 .text.RTCC_Init
                0x0000000000022734       0x4c ./emlib/em_rtcc.o
                0x0000000000022734                RTCC_Init
 .text.SYSTEM_ChipRevisionGet
                0x0000000000022780       0x34 ./emlib/em_system.o
                0x0000000000022780                SYSTEM_ChipRevisionGet
 .text.USART_BaudrateAsyncSet
                0x00000000000227b4       0x68 ./emlib/em_usart.o
                0x00000000000227b4                USART_BaudrateAsyncSet
 .text.USART_BaudrateCalc
                0x000000000002281c       0x98 ./emlib/em_usart.o
                0x000000000002281c                USART_BaudrateCalc
 .text.USART_BaudrateGet
                0x00000000000228b4       0x24 ./emlib/em_usart.o
                0x00000000000228b4                USART_BaudrateGet
 .text.USART_BaudrateSyncSet
                0x00000000000228d8       0x3c ./emlib/em_usart.o
                0x00000000000228d8                USART_BaudrateSyncSet
 .text.USART_Enable
                0x0000000000022914       0x10 ./emlib/em_usart.o
                0x0000000000022914                USART_Enable
 .text.USART_InitAsync
                0x0000000000022924       0xa4 ./emlib/em_usart.o
                0x0000000000022924                USART_InitAsync
 .text.USART_InitSync
                0x00000000000229c8       0xc8 ./emlib/em_usart.o
                0x00000000000229c8                USART_InitSync
 .text.USART_Reset
                0x0000000000022a90       0x4c ./emlib/em_usart.o
                0x0000000000022a90                USART_Reset
 .text.USART_SpiTransfer
                0x0000000000022adc       0x14 ./emlib/em_usart.o
                0x0000000000022adc                USART_SpiTransfer
 .text.MX25_init
                0x0000000000022af0       0xa4 ./kit_flashpwr/BRD4100A/mx25flash_spi.o
                0x0000000000022af0                MX25_init
 .text.MX25_DP  0x0000000000022b94       0x20 ./kit_flashpwr/BRD4100A/mx25flash_spi.o
                0x0000000000022b94                MX25_DP
 .text.EMU_enter_DefaultMode_from_RESET
                0x0000000000022bb4       0x54 ./src/InitDevice.o
                0x0000000000022bb4                EMU_enter_DefaultMode_from_RESET
 .text.CMU_enter_DefaultMode_from_RESET
                0x0000000000022c08      0x108 ./src/InitDevice.o
                0x0000000000022c08                CMU_enter_DefaultMode_from_RESET
 .text.RTCC_enter_DefaultMode_from_RESET
                0x0000000000022d10       0x44 ./src/InitDevice.o
                0x0000000000022d10                RTCC_enter_DefaultMode_from_RESET
 .text.LDMA_enter_DefaultMode_from_RESET
                0x0000000000022d54       0x80 ./src/InitDevice.o
                0x0000000000022d54                LDMA_enter_DefaultMode_from_RESET
 .text.enter_DefaultMode_from_RESET
                0x0000000000022dd4       0x98 ./src/InitDevice.o
                0x0000000000022dd4                enter_DefaultMode_from_RESET
 .text          0x0000000000022e6c       0x60 /Applications/Simplicity Studio.app/Contents/Eclipse/developer/sdks/gecko_sdk_suite/v1.0//protocol/bluetooth_2.3/lib/EFR32BG1P/GCC/bgapi.a(gecko_bgapi_hardware.c.obj)
                0x0000000000022eb4                gecko_bgapi_class_hardware_init
 .text          0x0000000000022ecc       0x60 /Applications/Simplicity Studio.app/Contents/Eclipse/developer/sdks/gecko_sdk_suite/v1.0//protocol/bluetooth_2.3/lib/EFR32BG1P/GCC/bgapi.a(gecko_bgapi_test.c.obj)
                0x0000000000022f14                gecko_bgapi_class_test_init
 .text          0x0000000000022f2c       0x60 /Applications/Simplicity Studio.app/Contents/Eclipse/developer/sdks/gecko_sdk_suite/v1.0//protocol/bluetooth_2.3/lib/EFR32BG1P/GCC/bgapi.a(gecko_bgapi_util.c.obj)
                0x0000000000022f74                gecko_bgapi_class_util_init
 .text          0x0000000000022f8c       0x60 /Applications/Simplicity Studio.app/Contents/Eclipse/developer/sdks/gecko_sdk_suite/v1.0//protocol/bluetooth_2.3/lib/EFR32BG1P/GCC/bgapi.a(gecko_bgapi_dfu.c.obj)
                0x0000000000022fd4                gecko_bgapi_class_dfu_init
 .text          0x0000000000022fec       0x60 /Applications/Simplicity Studio.app/Contents/Eclipse/developer/sdks/gecko_sdk_suite/v1.0//protocol/bluetooth_2.3/lib/EFR32BG1P/GCC/bgapi.a(gecko_bgapi_gap.c.obj)
                0x0000000000023034                gecko_bgapi_class_le_gap_init
 .text          0x000000000002304c       0x60 /Applications/Simplicity Studio.app/Contents/Eclipse/developer/sdks/gecko_sdk_suite/v1.0//protocol/bluetooth_2.3/lib/EFR32BG1P/GCC/bgapi.a(gecko_bgapi_gatt.c.obj)
                0x0000000000023094                gecko_bgapi_class_gatt_init
 .text          0x00000000000230ac       0x60 /Applications/Simplicity Studio.app/Contents/Eclipse/developer/sdks/gecko_sdk_suite/v1.0//protocol/bluetooth_2.3/lib/EFR32BG1P/GCC/bgapi.a(gecko_bgapi_gatt_server.c.obj)
                0x00000000000230f4                gecko_bgapi_class_gatt_server_init
 .text          0x000000000002310c       0x60 /Applications/Simplicity Studio.app/Contents/Eclipse/developer/sdks/gecko_sdk_suite/v1.0//protocol/bluetooth_2.3/lib/EFR32BG1P/GCC/bgapi.a(gecko_bgapi_flash.c.obj)
                0x0000000000023154                gecko_bgapi_class_flash_init
 .text          0x000000000002316c       0x60 /Applications/Simplicity Studio.app/Contents/Eclipse/developer/sdks/gecko_sdk_suite/v1.0//protocol/bluetooth_2.3/lib/EFR32BG1P/GCC/bgapi.a(gecko_bgapi_sm.c.obj)
                0x00000000000231b4                gecko_bgapi_class_sm_init
 .text          0x00000000000231cc       0x60 /Applications/Simplicity Studio.app/Contents/Eclipse/developer/sdks/gecko_sdk_suite/v1.0//protocol/bluetooth_2.3/lib/EFR32BG1P/GCC/bgapi.a(gecko_bgapi_system.c.obj)
                0x0000000000023214                gecko_bgapi_class_system_init
 .text          0x000000000002322c       0x60 /Applications/Simplicity Studio.app/Contents/Eclipse/developer/sdks/gecko_sdk_suite/v1.0//protocol/bluetooth_2.3/lib/EFR32BG1P/GCC/bgapi.a(gecko_bgapi_endpoint.c.obj)
                0x0000000000023274                gecko_bgapi_class_endpoint_init
 .text          0x000000000002328c       0x60 /Applications/Simplicity Studio.app/Contents/Eclipse/developer/sdks/gecko_sdk_suite/v1.0//protocol/bluetooth_2.3/lib/EFR32BG1P/GCC/bgapi.a(gecko_bgapi_le_connection.c.obj)
                0x00000000000232d4                gecko_bgapi_class_le_connection_init
 .text          0x00000000000232ec      0x388 /Applications/Simplicity Studio.app/Contents/Eclipse/developer/sdks/gecko_sdk_suite/v1.0//protocol/bluetooth_2.3/lib/EFR32BG1P/GCC/bgapi.a(bgapi_hardware_lib.c.obj)
                0x00000000000232ec                gecko_cmd_hardware_read_i2c
                0x0000000000023354                gecko_cmd_hardware_write_i2c
                0x0000000000023398                gecko_cmd_hardware_stop_i2c
                0x00000000000233d0                gecko_cmd_hardware_read_adc
                0x0000000000023410                gecko_cmd_hardware_read_adc_channel
                0x0000000000023440                gecko_cmd_hardware_config_adc_reference
                0x000000000002346c                gecko_cmd_hardware_configure_gpio
                0x00000000000234a0                gecko_cmd_hardware_write_gpio
                0x0000000000023504                gecko_cmd_hardware_read_gpio
                0x0000000000023564                gecko_cmd_hardware_set_uart_configuration
                0x00000000000235dc                clock_outputs_init
                0x0000000000023624                bgapi_hardware_init
 .text          0x0000000000023674      0x1d0 /Applications/Simplicity Studio.app/Contents/Eclipse/developer/sdks/gecko_sdk_suite/v1.0//protocol/bluetooth_2.3/lib/EFR32BG1P/GCC/bgapi.a(bgapi_hardware.c.obj)
                0x0000000000023674                soft_timer_comparison
                0x0000000000023708                bgapi_hardware_soft_timer_listener
                0x0000000000023748                lib_hardware_handler_init
                0x000000000002375c                gecko_cmd_hardware_set_soft_timer
                0x000000000002379c                gecko_cmd_hardware_set_lazy_soft_timer
                0x00000000000237dc                gecko_cmd_hardware_get_time
                0x0000000000023810                gecko_cmd_hardware_enable_dcdc
 .text          0x0000000000023844      0x200 /Applications/Simplicity Studio.app/Contents/Eclipse/developer/sdks/gecko_sdk_suite/v1.0//protocol/bluetooth_2.3/lib/EFR32BG1P/GCC/bgapi.a(bgapi_test_lib.c.obj)
                0x0000000000023844                lib_test_handler_init
                0x0000000000023846                disable_interrupts
                0x000000000002386a                gecko_cmd_test_dtm_tx
                0x000000000002389c                gecko_cmd_test_dtm_rx
                0x00000000000238cc                gecko_cmd_test_dtm_end
                0x00000000000238f8                gecko_cmd_test_debug_command
                0x00000000000239c8                gecko_cmd_test_debug_counter
 .text          0x0000000000023a44      0x158 /Applications/Simplicity Studio.app/Contents/Eclipse/developer/sdks/gecko_sdk_suite/v1.0//protocol/bluetooth_2.3/lib/EFR32BG1P/GCC/bgapi.a(bgapi_util.c.obj)
                0x0000000000023a7c                lib_util_handler_init
                0x0000000000023a7e                gecko_cmd_util_atoi
                0x0000000000023ad4                gecko_cmd_util_itoa
 .text          0x0000000000023b9c       0x8c /Applications/Simplicity Studio.app/Contents/Eclipse/developer/sdks/gecko_sdk_suite/v1.0//protocol/bluetooth_2.3/lib/EFR32BG1P/GCC/bgapi.a(bgapi_dfu.c.obj)
                0x0000000000023b9c                lib_dfu_handler_init
                0x0000000000023b9e                gecko_cmd_dfu_reset
                0x0000000000023ba4                gecko_cmd_dfu_flash_set_address
                0x0000000000023bd0                gecko_cmd_dfu_flash_upload
                0x0000000000023bfc                gecko_cmd_dfu_flash_upload_finish
 .text          0x0000000000023c28      0x308 /Applications/Simplicity Studio.app/Contents/Eclipse/developer/sdks/gecko_sdk_suite/v1.0//protocol/bluetooth_2.3/lib/EFR32BG1P/GCC/bgapi.a(bgapi_gap.c.obj)
                0x0000000000023c28                lib_le_gap_handler_init
                0x0000000000023c2a                gecko_cmd_le_gap_set_mode
                0x0000000000023c70                gecko_cmd_le_gap_bt5_set_mode
                0x0000000000023cb0                gecko_cmd_le_gap_set_adv_data
                0x0000000000023ce4                gecko_cmd_le_gap_bt5_set_adv_data
                0x0000000000023d18                gecko_cmd_le_gap_set_adv_timeout
                0x0000000000023d6c                gecko_cmd_le_gap_open
                0x0000000000023dd4                gecko_cmd_le_gap_discover
                0x0000000000023e00                gecko_cmd_le_gap_end_procedure
                0x0000000000023e2c                gecko_cmd_le_gap_set_adv_parameters
                0x0000000000023e60                gecko_cmd_le_gap_bt5_set_adv_parameters
                0x0000000000023e9c                gecko_cmd_le_gap_set_scan_parameters
                0x0000000000023ecc                gecko_cmd_le_gap_set_conn_parameters
                0x0000000000023f04                gecko_cmd_le_gap_set_phy
 .text          0x0000000000023f30      0x644 /Applications/Simplicity Studio.app/Contents/Eclipse/developer/sdks/gecko_sdk_suite/v1.0//protocol/bluetooth_2.3/lib/EFR32BG1P/GCC/bgapi.a(bgapi_gatt_lib.c.obj)
                0x0000000000023f30                lib_gatt_handler_init
                0x0000000000023f32                lib_gatt_server_handler_init
                0x0000000000023f34                gecko_cmd_gatt_set_max_mtu
                0x0000000000023f70                gecko_cmd_gatt_discover_primary_services
                0x0000000000023fa0                gecko_cmd_gatt_discover_primary_services_by_uuid
                0x0000000000023fdc                gecko_cmd_gatt_find_included_services
                0x0000000000024010                gecko_cmd_gatt_discover_characteristics
                0x0000000000024044                gecko_cmd_gatt_discover_characteristics_by_uuid
                0x0000000000024084                gecko_cmd_gatt_read_characteristic_value
                0x00000000000240bc                gecko_cmd_gatt_read_characteristic_value_from_offset
                0x00000000000240f8                gecko_cmd_gatt_read_characteristic_value_by_uuid
                0x0000000000024138                gecko_cmd_gatt_read_multiple_characteristic_values
                0x000000000002416c                gecko_cmd_gatt_write_characteristic_value
                0x00000000000241a4                gecko_cmd_gatt_write_characteristic_value_without_response
                0x00000000000241e8                gecko_cmd_gatt_prepare_characteristic_value_write
                0x0000000000024238                gecko_cmd_gatt_execute_characteristic_value_write
                0x000000000002426c                gecko_cmd_gatt_set_characteristic_notification
                0x00000000000242a4                gecko_cmd_gatt_discover_descriptors
                0x00000000000242d8                gecko_cmd_gatt_read_descriptor_value
                0x000000000002430c                gecko_cmd_gatt_write_descriptor_value
                0x0000000000024344                gecko_cmd_gatt_server_read_attribute_value
                0x000000000002438c                gecko_cmd_gatt_server_read_attribute_type
                0x00000000000243d0                gecko_cmd_gatt_server_find_attribute
                0x000000000002440c                gecko_cmd_gatt_server_write_attribute_value
                0x0000000000024440                gecko_cmd_gatt_server_send_user_read_response
                0x0000000000024490                gecko_cmd_gatt_server_send_user_write_response
                0x00000000000244c8                gecko_cmd_gatt_server_send_characteristic_notification
                0x0000000000024514                gecko_cmd_gatt_send_characteristic_confirmation
                0x0000000000024544                gecko_cmd_gatt_server_set_database
 .text          0x0000000000024574      0x17c /Applications/Simplicity Studio.app/Contents/Eclipse/developer/sdks/gecko_sdk_suite/v1.0//protocol/bluetooth_2.3/lib/EFR32BG1P/GCC/bgapi.a(bgapi_ps.c.obj)
                0x0000000000024574                lib_flash_handler_init
                0x0000000000024576                gecko_cmd_flash_ps_dump
                0x000000000002460c                gecko_cmd_flash_ps_erase_all
                0x000000000002463c                gecko_cmd_flash_ps_save
                0x0000000000024678                gecko_cmd_flash_ps_load
                0x00000000000246bc                gecko_cmd_flash_ps_erase
 .text          0x00000000000246f0      0x3cc /Applications/Simplicity Studio.app/Contents/Eclipse/developer/sdks/gecko_sdk_suite/v1.0//protocol/bluetooth_2.3/lib/EFR32BG1P/GCC/bgapi.a(bgapi_sm.c.obj)
                0x00000000000247b8                lib_sm_handler_init
                0x00000000000247cc                gecko_cmd_sm_list_all_bondings
                0x0000000000024804                gecko_cmd_sm_increase_security
                0x0000000000024834                gecko_cmd_sm_set_bondable_mode
                0x0000000000024860                gecko_cmd_sm_delete_bonding
                0x0000000000024890                gecko_cmd_sm_delete_bondings
                0x00000000000248c0                gecko_cmd_sm_configure
                0x00000000000248f0                gecko_cmd_sm_enter_passkey
                0x0000000000024924                gecko_cmd_sm_set_passkey
                0x0000000000024950                gecko_cmd_sm_passkey_confirm
                0x0000000000024984                gecko_cmd_sm_set_oob_data
                0x00000000000249b4                gecko_cmd_sm_set_sc_remote_oob_data
                0x00000000000249e4                gecko_cmd_sm_use_sc_oob
                0x0000000000024a24                gecko_cmd_sm_store_bonding_configuration
                0x0000000000024a58                gecko_cmd_sm_bonding_confirm
                0x0000000000024a8c                gecko_cmd_sm_set_debug_mode
 .text          0x0000000000024abc      0x114 /Applications/Simplicity Studio.app/Contents/Eclipse/developer/sdks/gecko_sdk_suite/v1.0//protocol/bluetooth_2.3/lib/EFR32BG1P/GCC/bgapi.a(bgapi_system.c.obj)
                0x0000000000024abc                lib_system_handler_init
                0x0000000000024abe                gecko_cmd_system_get_bt_address
                0x0000000000024af4                gecko_cmd_system_get_random_data
                0x0000000000024b3c                gecko_cmd_system_halt
                0x0000000000024b70                gecko_cmd_system_set_tx_power
                0x0000000000024ba0                gecko_cmd_system_hello
                0x0000000000024bc8                gecko_cmd_system_reset
 .text          0x0000000000024bd0      0x1ac /Applications/Simplicity Studio.app/Contents/Eclipse/developer/sdks/gecko_sdk_suite/v1.0//protocol/bluetooth_2.3/lib/EFR32BG1P/GCC/bgapi.a(bgapi_endpoint.c.obj)
                0x0000000000024bd0                lib_endpoint_handler_init
                0x0000000000024bd2                gecko_cmd_endpoint_send
                0x0000000000024c7c                gecko_cmd_endpoint_set_streaming_destination
                0x0000000000024cd4                gecko_cmd_endpoint_close
                0x0000000000024d30                gecko_cmd_endpoint_set_flags
                0x0000000000024d32                gecko_cmd_endpoint_clr_flags
                0x0000000000024d34                gecko_cmd_endpoint_read_counters
 .text          0x0000000000024d7c      0x104 /Applications/Simplicity Studio.app/Contents/Eclipse/developer/sdks/gecko_sdk_suite/v1.0//protocol/bluetooth_2.3/lib/EFR32BG1P/GCC/bgapi.a(bgapi_le_connection.c.obj)
                0x0000000000024d7c                lib_le_connection_handler_init
                0x0000000000024d7e                gecko_cmd_le_connection_set_parameters
                0x0000000000024dcc                gecko_cmd_le_connection_get_rssi
                0x0000000000024dfc                gecko_cmd_le_connection_disable_slave_latency
                0x0000000000024e44                gecko_cmd_le_connection_set_phy
 .text          0x0000000000024e80      0x220 /Applications/Simplicity Studio.app/Contents/Eclipse/developer/sdks/gecko_sdk_suite/v1.0//protocol/bluetooth_2.3/lib/EFR32BG1P/GCC/bgapi.a(uart_endpoint.c.obj)
                0x0000000000024ee0                uart_output_available
                0x0000000000024ee4                uart_transparent_input
                0x0000000000024f22                uart_endpoint_func
                0x0000000000024fd6                uart_change_flags
                0x0000000000024fe4                init_uart_endpoints
 .text          0x00000000000250a0      0x17c /Applications/Simplicity Studio.app/Contents/Eclipse/developer/sdks/gecko_sdk_suite/v1.0//protocol/bluetooth_2.3/lib/EFR32BG1P/GCC/bgapi.a(bgapi_endpoint.c.obj)
                0x00000000000251cc                init_bgapi_endpoints
 .text          0x000000000002521c       0xc8 /Applications/Simplicity Studio.app/Contents/Eclipse/developer/sdks/gecko_sdk_suite/v1.0//protocol/bluetooth_2.3/lib/EFR32BG1P/GCC/bgapi.a(adc.c.obj)
                0x000000000002521c                adc_read_channel
                0x000000000002524c                adc_read_port
                0x000000000002525c                adc_config_reference
                0x0000000000025290                adc_init
 .text          0x00000000000252e4      0x160 /Applications/Simplicity Studio.app/Contents/Eclipse/developer/sdks/gecko_sdk_suite/v1.0//protocol/bluetooth_2.3/lib/EFR32BG1P/GCC/bgapi.a(gpio.c.obj)
                0x000000000002535c                gpio_location_to_port
                0x000000000002536c                gpio_location_to_pin_index
                0x0000000000025380                gpios_init
 .text          0x0000000000025444      0x218 /Applications/Simplicity Studio.app/Contents/Eclipse/developer/sdks/gecko_sdk_suite/v1.0//protocol/bluetooth_2.3/lib/EFR32BG1P/GCC/bgapi.a(i2c.c.obj)
                0x0000000000025444                i2c_init
                0x00000000000254d0                i2c_stop
                0x00000000000254f0                i2c_reset
                0x0000000000025510                i2c_read
                0x00000000000255bc                i2c_write
 .text          0x000000000002565c      0x160 /Applications/Simplicity Studio.app/Contents/Eclipse/developer/sdks/gecko_sdk_suite/v1.0//protocol/bluetooth_2.3/lib/EFR32BG1P/GCC/bgapi.a(sleep_signal.c.obj)
                0x000000000002568c                sleep_signal_init
                0x00000000000256ec                sleep_signal_update
                0x0000000000025758                host_wakeup_signal_init
                0x0000000000025794                host_wakeup_signal_update
 .text          0x00000000000257bc      0x89c /Applications/Simplicity Studio.app/Contents/Eclipse/developer/sdks/gecko_sdk_suite/v1.0//protocol/bluetooth_2.3/lib/EFR32BG1P/GCC/bgapi.a(uart.c.obj)
                0x00000000000257bc                LEUART0_IRQGeckoHandler
                0x00000000000257be                USART1_TX_IRQGeckoHandler
                0x00000000000258e8                USART0_TX_IRQGeckoHandler
                0x0000000000025a98                USART1_RX_IRQGeckoHandler
                0x0000000000025aa4                USART0_RX_IRQGeckoHandler
                0x0000000000025ac4                uart_update
                0x0000000000025adc                uart_configure
                0x0000000000025bb0                uart_event_register
                0x0000000000025bc0                uarts_init
                0x0000000000025f44                uart_get_flags
                0x0000000000025f54                uart_write_bgbuf
                0x0000000000025f94                uart_read_bgbuf
                0x000000000002601c                uart_sleep
 .text          0x0000000000026058       0x2c /Applications/Simplicity Studio.app/Contents/Eclipse/developer/toolchains/gnu_arm/4.8_2013q4/bin/../lib/gcc/arm-none-eabi/4.8.3/armv7e-m/softfp/libgcc.a(_aeabi_uldivmod.o)
                0x0000000000026058                __aeabi_uldivmod
 .text          0x0000000000026084       0x60 /Applications/Simplicity Studio.app/Contents/Eclipse/developer/toolchains/gnu_arm/4.8_2013q4/bin/../lib/gcc/arm-none-eabi/4.8.3/armv7e-m/softfp/libgcc.a(bpabi.o)
                0x0000000000026084                __gnu_ldivmod_helper
                0x00000000000260b4                __gnu_uldivmod_helper
 .text          0x00000000000260e4        0x4 /Applications/Simplicity Studio.app/Contents/Eclipse/developer/toolchains/gnu_arm/4.8_2013q4/bin/../lib/gcc/arm-none-eabi/4.8.3/armv7e-m/softfp/libgcc.a(_dvmd_tls.o)
                0x00000000000260e4                __aeabi_ldiv0
                0x00000000000260e4                __aeabi_idiv0
 .text          0x00000000000260e8      0x298 /Applications/Simplicity Studio.app/Contents/Eclipse/developer/toolchains/gnu_arm/4.8_2013q4/bin/../lib/gcc/arm-none-eabi/4.8.3/armv7e-m/softfp/libgcc.a(_divdi3.o)
                0x00000000000260e8                __divdi3
 .text          0x0000000000026380      0x284 /Applications/Simplicity Studio.app/Contents/Eclipse/developer/toolchains/gnu_arm/4.8_2013q4/bin/../lib/gcc/arm-none-eabi/4.8.3/armv7e-m/softfp/libgcc.a(_udivdi3.o)
                0x0000000000026380                __udivdi3
 .text.exit     0x0000000000026604       0x20 /Applications/Simplicity Studio.app/Contents/Eclipse/developer/toolchains/gnu_arm/4.8_2013q4/bin/../lib/gcc/arm-none-eabi/4.8.3/../../../../arm-none-eabi/lib/armv7e-m/softfp/libc.a(lib_a-exit.o)
                0x0000000000026604                exit
 .text._malloc_trim_r
                0x0000000000026624       0x9c /Applications/Simplicity Studio.app/Contents/Eclipse/developer/toolchains/gnu_arm/4.8_2013q4/bin/../lib/gcc/arm-none-eabi/4.8.3/../../../../arm-none-eabi/lib/armv7e-m/softfp/libc.a(lib_a-freer.o)
                0x0000000000026624                _malloc_trim_r
 .text._free_r  0x00000000000266c0      0x19c /Applications/Simplicity Studio.app/Contents/Eclipse/developer/toolchains/gnu_arm/4.8_2013q4/bin/../lib/gcc/arm-none-eabi/4.8.3/../../../../arm-none-eabi/lib/armv7e-m/softfp/libc.a(lib_a-freer.o)
                0x00000000000266c0                _free_r
 .text.__libc_init_array
                0x000000000002685c       0x50 /Applications/Simplicity Studio.app/Contents/Eclipse/developer/toolchains/gnu_arm/4.8_2013q4/bin/../lib/gcc/arm-none-eabi/4.8.3/../../../../arm-none-eabi/lib/armv7e-m/softfp/libc.a(lib_a-init.o)
                0x000000000002685c                __libc_init_array
 .text.malloc   0x00000000000268ac       0x10 /Applications/Simplicity Studio.app/Contents/Eclipse/developer/toolchains/gnu_arm/4.8_2013q4/bin/../lib/gcc/arm-none-eabi/4.8.3/../../../../arm-none-eabi/lib/armv7e-m/softfp/libc.a(lib_a-malloc.o)
                0x00000000000268ac                malloc
 .text.free     0x00000000000268bc       0x10 /Applications/Simplicity Studio.app/Contents/Eclipse/developer/toolchains/gnu_arm/4.8_2013q4/bin/../lib/gcc/arm-none-eabi/4.8.3/../../../../arm-none-eabi/lib/armv7e-m/softfp/libc.a(lib_a-malloc.o)
                0x00000000000268bc                free
 .text._malloc_r
                0x00000000000268cc      0x538 /Applications/Simplicity Studio.app/Contents/Eclipse/developer/toolchains/gnu_arm/4.8_2013q4/bin/../lib/gcc/arm-none-eabi/4.8.3/../../../../arm-none-eabi/lib/armv7e-m/softfp/libc.a(lib_a-mallocr.o)
                0x00000000000268cc                _malloc_r
 .text.memset   0x0000000000026e04       0x94 /Applications/Simplicity Studio.app/Contents/Eclipse/developer/toolchains/gnu_arm/4.8_2013q4/bin/../lib/gcc/arm-none-eabi/4.8.3/../../../../arm-none-eabi/lib/armv7e-m/softfp/libc.a(lib_a-memset.o)
                0x0000000000026e04                memset
 .text.__malloc_lock
                0x0000000000026e98        0x4 /Applications/Simplicity Studio.app/Contents/Eclipse/developer/toolchains/gnu_arm/4.8_2013q4/bin/../lib/gcc/arm-none-eabi/4.8.3/../../../../arm-none-eabi/lib/armv7e-m/softfp/libc.a(lib_a-mlock.o)
                0x0000000000026e98                __malloc_lock
 .text.__malloc_unlock
                0x0000000000026e9c        0x4 /Applications/Simplicity Studio.app/Contents/Eclipse/developer/toolchains/gnu_arm/4.8_2013q4/bin/../lib/gcc/arm-none-eabi/4.8.3/../../../../arm-none-eabi/lib/armv7e-m/softfp/libc.a(lib_a-mlock.o)
                0x0000000000026e9c                __malloc_unlock
 .text._sbrk_r  0x0000000000026ea0       0x24 /Applications/Simplicity Studio.app/Contents/Eclipse/developer/toolchains/gnu_arm/4.8_2013q4/bin/../lib/gcc/arm-none-eabi/4.8.3/../../../../arm-none-eabi/lib/armv7e-m/softfp/libc.a(lib_a-sbrkr.o)
                0x0000000000026ea0                _sbrk_r
 .text.startup.register_fini
                0x0000000000026ec4       0x14 /Applications/Simplicity Studio.app/Contents/Eclipse/developer/toolchains/gnu_arm/4.8_2013q4/bin/../lib/gcc/arm-none-eabi/4.8.3/../../../../arm-none-eabi/lib/armv7e-m/softfp/libc.a(lib_a-__call_atexit.o)
 .text.__call_exitprocs
                0x0000000000026ed8       0xf0 /Applications/Simplicity Studio.app/Contents/Eclipse/developer/toolchains/gnu_arm/4.8_2013q4/bin/../lib/gcc/arm-none-eabi/4.8.3/../../../../arm-none-eabi/lib/armv7e-m/softfp/libc.a(lib_a-__call_atexit.o)
                0x0000000000026ed8                __call_exitprocs
 .text.atexit   0x0000000000026fc8        0xc /Applications/Simplicity Studio.app/Contents/Eclipse/developer/toolchains/gnu_arm/4.8_2013q4/bin/../lib/gcc/arm-none-eabi/4.8.3/../../../../arm-none-eabi/lib/armv7e-m/softfp/libc.a(lib_a-atexit.o)
                0x0000000000026fc8                atexit
 .text.__libc_fini_array
                0x0000000000026fd4       0x30 /Applications/Simplicity Studio.app/Contents/Eclipse/developer/toolchains/gnu_arm/4.8_2013q4/bin/../lib/gcc/arm-none-eabi/4.8.3/../../../../arm-none-eabi/lib/armv7e-m/softfp/libc.a(lib_a-fini.o)
                0x0000000000026fd4                __libc_fini_array
 .text.__register_exitproc
                0x0000000000027004       0xa8 /Applications/Simplicity Studio.app/Contents/Eclipse/developer/toolchains/gnu_arm/4.8_2013q4/bin/../lib/gcc/arm-none-eabi/4.8.3/../../../../arm-none-eabi/lib/armv7e-m/softfp/libc.a(lib_a-__atexit.o)
                0x0000000000027004                __register_exitproc
 .text._sbrk    0x00000000000270ac       0x34 /Applications/Simplicity Studio.app/Contents/Eclipse/developer/toolchains/gnu_arm/4.8_2013q4/bin/../lib/gcc/arm-none-eabi/4.8.3/../../../../arm-none-eabi/lib/armv7e-m/softfp/libnosys.a(sbrk.o)
                0x00000000000270ac                _sbrk
 .text._exit    0x00000000000270e0        0x4 /Applications/Simplicity Studio.app/Contents/Eclipse/developer/toolchains/gnu_arm/4.8_2013q4/bin/../lib/gcc/arm-none-eabi/4.8.3/../../../../arm-none-eabi/lib/armv7e-m/softfp/libnosys.a(_exit.o)
                0x00000000000270e0                _exit
 *(.init)
 .init          0x00000000000270e4        0x4 /Applications/Simplicity Studio.app/Contents/Eclipse/developer/toolchains/gnu_arm/4.8_2013q4/bin/../lib/gcc/arm-none-eabi/4.8.3/armv7e-m/softfp/crti.o
                0x00000000000270e4                _init
 .init          0x00000000000270e8        0x8 /Applications/Simplicity Studio.app/Contents/Eclipse/developer/toolchains/gnu_arm/4.8_2013q4/bin/../lib/gcc/arm-none-eabi/4.8.3/armv7e-m/softfp/crtn.o
 *(.fini)
 .fini          0x00000000000270f0        0x4 /Applications/Simplicity Studio.app/Contents/Eclipse/developer/toolchains/gnu_arm/4.8_2013q4/bin/../lib/gcc/arm-none-eabi/4.8.3/armv7e-m/softfp/crti.o
                0x00000000000270f0                _fini
 .fini          0x00000000000270f4        0x8 /Applications/Simplicity Studio.app/Contents/Eclipse/developer/toolchains/gnu_arm/4.8_2013q4/bin/../lib/gcc/arm-none-eabi/4.8.3/armv7e-m/softfp/crtn.o
 *crtbegin.o(.ctors)
 *crtbegin?.o(.ctors)
 *(EXCLUDE_FILE(*crtend.o *crtend?.o) .ctors)
 *(SORT(.ctors.*))
 *(.ctors)
 *crtbegin.o(.dtors)
 *crtbegin?.o(.dtors)
 *(EXCLUDE_FILE(*crtend.o *crtend?.o) .dtors)
 *(SORT(.dtors.*))
 *(.dtors)
 *(.rodata*)
 .rodata.ptiInit
                0x00000000000270fc       0x24 ./main.o
 .rodata.config
                0x0000000000027120       0xe8 ./main.o
 .rodata.str1.4
                0x0000000000027208        0x4 ./main.o
 .rodata        0x000000000002720c        0x4 ./bgapi/dmadrv.o
 .rodata.CSWTCH.45
                0x0000000000027210        0xc ./emlib/em_cmu.o
 .rodata.CSWTCH.46
                0x000000000002721c       0x10 ./emlib/em_cmu.o
 .rodata.CSWTCH.47
                0x000000000002722c       0x10 ./emlib/em_cmu.o
 .rodata.CSWTCH.48
                0x000000000002723c       0x10 ./emlib/em_cmu.o
 .rodata.i2cNSum
                0x000000000002724c        0x4 ./emlib/em_i2c.o
 .rodata        0x0000000000027250       0x24 ./kit_flashpwr/BRD4100A/mx25flash_spi.o
 .rodata        0x0000000000027274       0x6c ./src/InitDevice.o
 .rodata        0x00000000000272e0       0x78 /Applications/Simplicity Studio.app/Contents/Eclipse/developer/sdks/gecko_sdk_suite/v1.0//protocol/bluetooth_2.3/lib/EFR32BG1P/GCC/bgapi.a(gecko_bgapi_hardware.c.obj)
 .rodata        0x0000000000027358       0x30 /Applications/Simplicity Studio.app/Contents/Eclipse/developer/sdks/gecko_sdk_suite/v1.0//protocol/bluetooth_2.3/lib/EFR32BG1P/GCC/bgapi.a(gecko_bgapi_test.c.obj)
 .rodata        0x0000000000027388       0x18 /Applications/Simplicity Studio.app/Contents/Eclipse/developer/sdks/gecko_sdk_suite/v1.0//protocol/bluetooth_2.3/lib/EFR32BG1P/GCC/bgapi.a(gecko_bgapi_util.c.obj)
 .rodata        0x00000000000273a0       0x28 /Applications/Simplicity Studio.app/Contents/Eclipse/developer/sdks/gecko_sdk_suite/v1.0//protocol/bluetooth_2.3/lib/EFR32BG1P/GCC/bgapi.a(gecko_bgapi_dfu.c.obj)
 .rodata        0x00000000000273c8       0x70 /Applications/Simplicity Studio.app/Contents/Eclipse/developer/sdks/gecko_sdk_suite/v1.0//protocol/bluetooth_2.3/lib/EFR32BG1P/GCC/bgapi.a(gecko_bgapi_gap.c.obj)
 .rodata        0x0000000000027438       0xa0 /Applications/Simplicity Studio.app/Contents/Eclipse/developer/sdks/gecko_sdk_suite/v1.0//protocol/bluetooth_2.3/lib/EFR32BG1P/GCC/bgapi.a(gecko_bgapi_gatt.c.obj)
 .rodata        0x00000000000274d8       0x48 /Applications/Simplicity Studio.app/Contents/Eclipse/developer/sdks/gecko_sdk_suite/v1.0//protocol/bluetooth_2.3/lib/EFR32BG1P/GCC/bgapi.a(gecko_bgapi_gatt_server.c.obj)
 .rodata        0x0000000000027520       0x30 /Applications/Simplicity Studio.app/Contents/Eclipse/developer/sdks/gecko_sdk_suite/v1.0//protocol/bluetooth_2.3/lib/EFR32BG1P/GCC/bgapi.a(gecko_bgapi_flash.c.obj)
 .rodata        0x0000000000027550       0x80 /Applications/Simplicity Studio.app/Contents/Eclipse/developer/sdks/gecko_sdk_suite/v1.0//protocol/bluetooth_2.3/lib/EFR32BG1P/GCC/bgapi.a(gecko_bgapi_sm.c.obj)
 .rodata        0x00000000000275d0       0x38 /Applications/Simplicity Studio.app/Contents/Eclipse/developer/sdks/gecko_sdk_suite/v1.0//protocol/bluetooth_2.3/lib/EFR32BG1P/GCC/bgapi.a(gecko_bgapi_system.c.obj)
 .rodata        0x0000000000027608       0x38 /Applications/Simplicity Studio.app/Contents/Eclipse/developer/sdks/gecko_sdk_suite/v1.0//protocol/bluetooth_2.3/lib/EFR32BG1P/GCC/bgapi.a(gecko_bgapi_endpoint.c.obj)
 .rodata        0x0000000000027640       0x28 /Applications/Simplicity Studio.app/Contents/Eclipse/developer/sdks/gecko_sdk_suite/v1.0//protocol/bluetooth_2.3/lib/EFR32BG1P/GCC/bgapi.a(gecko_bgapi_le_connection.c.obj)
 .rodata        0x0000000000027668       0x18 /Applications/Simplicity Studio.app/Contents/Eclipse/developer/sdks/gecko_sdk_suite/v1.0//protocol/bluetooth_2.3/lib/EFR32BG1P/GCC/bgapi.a(bgapi_sm.c.obj)
 .rodata        0x0000000000027680       0x18 /Applications/Simplicity Studio.app/Contents/Eclipse/developer/sdks/gecko_sdk_suite/v1.0//protocol/bluetooth_2.3/lib/EFR32BG1P/GCC/bgapi.a(adc.c.obj)
 .rodata        0x0000000000027698       0x40 /Applications/Simplicity Studio.app/Contents/Eclipse/developer/sdks/gecko_sdk_suite/v1.0//protocol/bluetooth_2.3/lib/EFR32BG1P/GCC/bgapi.a(gpio.c.obj)
 .rodata        0x00000000000276d8       0x10 /Applications/Simplicity Studio.app/Contents/Eclipse/developer/sdks/gecko_sdk_suite/v1.0//protocol/bluetooth_2.3/lib/EFR32BG1P/GCC/bgapi.a(i2c.c.obj)
 .rodata        0x00000000000276e8       0x60 /Applications/Simplicity Studio.app/Contents/Eclipse/developer/sdks/gecko_sdk_suite/v1.0//protocol/bluetooth_2.3/lib/EFR32BG1P/GCC/bgapi.a(uart.c.obj)
 .rodata.str1.4
                0x0000000000027748        0x4 /Applications/Simplicity Studio.app/Contents/Eclipse/developer/toolchains/gnu_arm/4.8_2013q4/bin/../lib/gcc/arm-none-eabi/4.8.3/../../../../arm-none-eabi/lib/armv7e-m/softfp/libc.a(lib_a-impure.o)
 .rodata._global_impure_ptr
                0x000000000002774c        0x4 /Applications/Simplicity Studio.app/Contents/Eclipse/developer/toolchains/gnu_arm/4.8_2013q4/bin/../lib/gcc/arm-none-eabi/4.8.3/../../../../arm-none-eabi/lib/armv7e-m/softfp/libc.a(lib_a-impure.o)
                0x000000000002774c                _global_impure_ptr
 *(.eh_frame*)
 .eh_frame      0x0000000000027750        0x0 /Applications/Simplicity Studio.app/Contents/Eclipse/developer/toolchains/gnu_arm/4.8_2013q4/bin/../lib/gcc/arm-none-eabi/4.8.3/armv7e-m/softfp/crtbegin.o
 .eh_frame      0x0000000000027750        0x4 /Applications/Simplicity Studio.app/Contents/Eclipse/developer/toolchains/gnu_arm/4.8_2013q4/bin/../lib/gcc/arm-none-eabi/4.8.3/armv7e-m/softfp/crtend.o
                0x0000000000027754                . = ALIGN (0x4)

.glue_7         0x0000000000027754        0x0
 .glue_7        0x0000000000000000        0x0 linker stubs

.glue_7t        0x0000000000027754        0x0
 .glue_7t       0x0000000000000000        0x0 linker stubs

.vfp11_veneer   0x0000000000027754        0x0
 .vfp11_veneer  0x0000000000000000        0x0 linker stubs

.v4_bx          0x0000000000027754        0x0
 .v4_bx         0x0000000000000000        0x0 linker stubs

.iplt           0x0000000000027754        0x0
 .iplt          0x0000000000000000        0x0 /Applications/Simplicity Studio.app/Contents/Eclipse/developer/toolchains/gnu_arm/4.8_2013q4/bin/../lib/gcc/arm-none-eabi/4.8.3/armv7e-m/softfp/crtbegin.o

.igot.plt       0x0000000000027754        0x0
 .igot.plt      0x0000000000000000        0x0 /Applications/Simplicity Studio.app/Contents/Eclipse/developer/toolchains/gnu_arm/4.8_2013q4/bin/../lib/gcc/arm-none-eabi/4.8.3/armv7e-m/softfp/crtbegin.o

.text_app_ARM.extab
 *(.ARM.extab* .gnu.linkonce.armextab.*)
                0x0000000000027754                __exidx_start = .

.text_app_ARM.exidx
                0x0000000000027754        0x8
 *(.ARM.exidx* .gnu.linkonce.armexidx.*)
 .ARM.exidx     0x0000000000027754        0x8 /Applications/Simplicity Studio.app/Contents/Eclipse/developer/toolchains/gnu_arm/4.8_2013q4/bin/../lib/gcc/arm-none-eabi/4.8.3/../../../../arm-none-eabi/lib/armv7e-m/softfp/crt0.o
 .ARM.exidx     0x000000000002775c        0x0 /Applications/Simplicity Studio.app/Contents/Eclipse/developer/toolchains/gnu_arm/4.8_2013q4/bin/../lib/gcc/arm-none-eabi/4.8.3/armv7e-m/softfp/libgcc.a(_divdi3.o)
                                          0x8 (size before relaxing)
 .ARM.exidx     0x000000000002775c        0x0 /Applications/Simplicity Studio.app/Contents/Eclipse/developer/toolchains/gnu_arm/4.8_2013q4/bin/../lib/gcc/arm-none-eabi/4.8.3/armv7e-m/softfp/libgcc.a(_udivdi3.o)
                                          0x8 (size before relaxing)
                0x000000000002775c                __exidx_end = .
                0x000000000002775c                __etext = .

.rel.dyn        0x000000000002775c        0x0
 .rel.iplt      0x0000000000000000        0x0 /Applications/Simplicity Studio.app/Contents/Eclipse/developer/toolchains/gnu_arm/4.8_2013q4/bin/../lib/gcc/arm-none-eabi/4.8.3/armv7e-m/softfp/crtbegin.o

.text_app_data  0x0000000020003000      0x8a4 load address 0x000000000002775c
                0x0000000020003000                __data_start__ = .
 *(vtable)
 *(.data*)
 .data.bg_gattdb_data_attribute_field_6_data
                0x0000000020003000       0x10 ./gatt_db.o
                0x0000000020003000                bg_gattdb_data_attribute_field_6_data
 .data.auxHfrcoFreq
                0x0000000020003010        0x4 ./emlib/em_cmu.o
 .data.xfer     0x0000000020003014       0x10 ./src/InitDevice.o
 .data          0x0000000020003024        0x1 /Applications/Simplicity Studio.app/Contents/Eclipse/developer/sdks/gecko_sdk_suite/v1.0//protocol/bluetooth_2.3/lib/EFR32BG1P/GCC/bgapi.a(bgapi_endpoint.c.obj)
 *fill*         0x0000000020003025        0x3 
 .data          0x0000000020003028       0x30 /Applications/Simplicity Studio.app/Contents/Eclipse/developer/sdks/gecko_sdk_suite/v1.0//protocol/bluetooth_2.3/lib/EFR32BG1P/GCC/bgapi.a(adc.c.obj)
 .data.impure_data
                0x0000000020003058      0x428 /Applications/Simplicity Studio.app/Contents/Eclipse/developer/toolchains/gnu_arm/4.8_2013q4/bin/../lib/gcc/arm-none-eabi/4.8.3/../../../../arm-none-eabi/lib/armv7e-m/softfp/libc.a(lib_a-impure.o)
 .data._impure_ptr
                0x0000000020003480        0x4 /Applications/Simplicity Studio.app/Contents/Eclipse/developer/toolchains/gnu_arm/4.8_2013q4/bin/../lib/gcc/arm-none-eabi/4.8.3/../../../../arm-none-eabi/lib/armv7e-m/softfp/libc.a(lib_a-impure.o)
                0x0000000020003480                _impure_ptr
 .data.__malloc_av_
                0x0000000020003484      0x408 /Applications/Simplicity Studio.app/Contents/Eclipse/developer/toolchains/gnu_arm/4.8_2013q4/bin/../lib/gcc/arm-none-eabi/4.8.3/../../../../arm-none-eabi/lib/armv7e-m/softfp/libc.a(lib_a-mallocr.o)
                0x0000000020003484                __malloc_av_
 .data.__malloc_trim_threshold
                0x000000002000388c        0x4 /Applications/Simplicity Studio.app/Contents/Eclipse/developer/toolchains/gnu_arm/4.8_2013q4/bin/../lib/gcc/arm-none-eabi/4.8.3/../../../../arm-none-eabi/lib/armv7e-m/softfp/libc.a(lib_a-mallocr.o)
                0x000000002000388c                __malloc_trim_threshold
 .data.__malloc_sbrk_base
                0x0000000020003890        0x4 /Applications/Simplicity Studio.app/Contents/Eclipse/developer/toolchains/gnu_arm/4.8_2013q4/bin/../lib/gcc/arm-none-eabi/4.8.3/../../../../arm-none-eabi/lib/armv7e-m/softfp/libc.a(lib_a-mallocr.o)
                0x0000000020003890                __malloc_sbrk_base
                0x0000000020003894                . = ALIGN (0x4)
 *(.ram)
                0x0000000020003894                . = ALIGN (0x4)
                0x0000000020003894                PROVIDE (__preinit_array_start, .)
 *(.preinit_array)
                0x0000000020003894                PROVIDE (__preinit_array_end, .)
                0x0000000020003894                . = ALIGN (0x4)
                0x0000000020003894                PROVIDE (__init_array_start, .)
 *(SORT(.init_array.*))
 .init_array.00000
                0x0000000020003894        0x4 /Applications/Simplicity Studio.app/Contents/Eclipse/developer/toolchains/gnu_arm/4.8_2013q4/bin/../lib/gcc/arm-none-eabi/4.8.3/../../../../arm-none-eabi/lib/armv7e-m/softfp/libc.a(lib_a-__call_atexit.o)
 *(.init_array)
 .init_array    0x0000000020003898        0x4 /Applications/Simplicity Studio.app/Contents/Eclipse/developer/toolchains/gnu_arm/4.8_2013q4/bin/../lib/gcc/arm-none-eabi/4.8.3/armv7e-m/softfp/crtbegin.o
                0x000000002000389c                PROVIDE (__init_array_end, .)
                0x000000002000389c                . = ALIGN (0x4)
                0x000000002000389c                PROVIDE (__fini_array_start, .)
 *(SORT(.fini_array.*))
 *(.fini_array)
 .fini_array    0x000000002000389c        0x4 /Applications/Simplicity Studio.app/Contents/Eclipse/developer/toolchains/gnu_arm/4.8_2013q4/bin/../lib/gcc/arm-none-eabi/4.8.3/armv7e-m/softfp/crtbegin.o
                0x00000000200038a0                PROVIDE (__fini_array_end, .)
 *(.jcr*)
 .jcr           0x00000000200038a0        0x0 /Applications/Simplicity Studio.app/Contents/Eclipse/developer/toolchains/gnu_arm/4.8_2013q4/bin/../lib/gcc/arm-none-eabi/4.8.3/armv7e-m/softfp/crtbegin.o
 .jcr           0x00000000200038a0        0x4 /Applications/Simplicity Studio.app/Contents/Eclipse/developer/toolchains/gnu_arm/4.8_2013q4/bin/../lib/gcc/arm-none-eabi/4.8.3/armv7e-m/softfp/crtend.o
                0x00000000200038a4                . = ALIGN (0x4)
                0x00000000200038a4                __data_end__ = .

.bss            0x00000000200038a4     0x1e58 load address 0x0000000000028000
                0x00000000200038a4                . = ALIGN (0x4)
                0x00000000200038a4                __bss_start__ = .
 *(.bss*)
 .bss           0x00000000200038a4       0x1c /Applications/Simplicity Studio.app/Contents/Eclipse/developer/toolchains/gnu_arm/4.8_2013q4/bin/../lib/gcc/arm-none-eabi/4.8.3/armv7e-m/softfp/crtbegin.o
 .bss.bg_gattdb_data_attribute_field_2_data
                0x00000000200038c0        0x4 ./gatt_db.o
                0x00000000200038c0                bg_gattdb_data_attribute_field_2_data
 .bss.boot_to_dfu
                0x00000000200038c4        0x1 ./main.o
                0x00000000200038c4                boot_to_dfu
 *fill*         0x00000000200038c5        0x3 
 .bss.chTable   0x00000000200038c8       0xa0 ./bgapi/dmadrv.o
 .bss.initialized
                0x0000000020003968        0x1 ./bgapi/dmadrv.o
 *fill*         0x0000000020003969        0x3 
 .bss.dmaXfer   0x000000002000396c      0x100 ./bgapi/dmadrv.o
 .bss           0x0000000020003a6c      0x100 /Applications/Simplicity Studio.app/Contents/Eclipse/developer/sdks/gecko_sdk_suite/v1.0//protocol/bluetooth_2.3/lib/EFR32BG1P/GCC/bgapi.a(bgapi_hardware_lib.c.obj)
 .bss           0x0000000020003b6c        0x4 /Applications/Simplicity Studio.app/Contents/Eclipse/developer/sdks/gecko_sdk_suite/v1.0//protocol/bluetooth_2.3/lib/EFR32BG1P/GCC/bgapi.a(bgapi_hardware.c.obj)
 .bss           0x0000000020003b70       0x10 /Applications/Simplicity Studio.app/Contents/Eclipse/developer/sdks/gecko_sdk_suite/v1.0//protocol/bluetooth_2.3/lib/EFR32BG1P/GCC/bgapi.a(bgapi_util.c.obj)
 .bss           0x0000000020003b80        0x2 /Applications/Simplicity Studio.app/Contents/Eclipse/developer/sdks/gecko_sdk_suite/v1.0//protocol/bluetooth_2.3/lib/EFR32BG1P/GCC/bgapi.a(bgapi_gap.c.obj)
                0x0000000020003b80                legacy_maxadv_events
 *fill*         0x0000000020003b82        0x2 
 .bss           0x0000000020003b84        0x4 /Applications/Simplicity Studio.app/Contents/Eclipse/developer/sdks/gecko_sdk_suite/v1.0//protocol/bluetooth_2.3/lib/EFR32BG1P/GCC/bgapi.a(bgapi_sm.c.obj)
 .bss           0x0000000020003b88        0xc /Applications/Simplicity Studio.app/Contents/Eclipse/developer/sdks/gecko_sdk_suite/v1.0//protocol/bluetooth_2.3/lib/EFR32BG1P/GCC/bgapi.a(bgapi_endpoint.c.obj)
 .bss           0x0000000020003b94        0x4 /Applications/Simplicity Studio.app/Contents/Eclipse/developer/sdks/gecko_sdk_suite/v1.0//protocol/bluetooth_2.3/lib/EFR32BG1P/GCC/bgapi.a(adc.c.obj)
 .bss           0x0000000020003b98        0x2 /Applications/Simplicity Studio.app/Contents/Eclipse/developer/sdks/gecko_sdk_suite/v1.0//protocol/bluetooth_2.3/lib/EFR32BG1P/GCC/bgapi.a(i2c.c.obj)
 *fill*         0x0000000020003b9a        0x2 
 .bss           0x0000000020003b9c       0x2c /Applications/Simplicity Studio.app/Contents/Eclipse/developer/sdks/gecko_sdk_suite/v1.0//protocol/bluetooth_2.3/lib/EFR32BG1P/GCC/bgapi.a(sleep_signal.c.obj)
                0x0000000020003bb0                sleep_signal_mask
                0x0000000020003bc4                host_wakeup_signal_mask
 .bss           0x0000000020003bc8       0x70 /Applications/Simplicity Studio.app/Contents/Eclipse/developer/sdks/gecko_sdk_suite/v1.0//protocol/bluetooth_2.3/lib/EFR32BG1P/GCC/bgapi.a(uart.c.obj)
 .bss.__malloc_max_total_mem
                0x0000000020003c38        0x4 /Applications/Simplicity Studio.app/Contents/Eclipse/developer/toolchains/gnu_arm/4.8_2013q4/bin/../lib/gcc/arm-none-eabi/4.8.3/../../../../arm-none-eabi/lib/armv7e-m/softfp/libc.a(lib_a-mallocr.o)
                0x0000000020003c38                __malloc_max_total_mem
 .bss.__malloc_max_sbrked_mem
                0x0000000020003c3c        0x4 /Applications/Simplicity Studio.app/Contents/Eclipse/developer/toolchains/gnu_arm/4.8_2013q4/bin/../lib/gcc/arm-none-eabi/4.8.3/../../../../arm-none-eabi/lib/armv7e-m/softfp/libc.a(lib_a-mallocr.o)
                0x0000000020003c3c                __malloc_max_sbrked_mem
 .bss.__malloc_top_pad
                0x0000000020003c40        0x4 /Applications/Simplicity Studio.app/Contents/Eclipse/developer/toolchains/gnu_arm/4.8_2013q4/bin/../lib/gcc/arm-none-eabi/4.8.3/../../../../arm-none-eabi/lib/armv7e-m/softfp/libc.a(lib_a-mallocr.o)
                0x0000000020003c40                __malloc_top_pad
 .bss.__malloc_current_mallinfo
                0x0000000020003c44       0x28 /Applications/Simplicity Studio.app/Contents/Eclipse/developer/toolchains/gnu_arm/4.8_2013q4/bin/../lib/gcc/arm-none-eabi/4.8.3/../../../../arm-none-eabi/lib/armv7e-m/softfp/libc.a(lib_a-mallocr.o)
                0x0000000020003c44                __malloc_current_mallinfo
 .bss.heap_end.4237
                0x0000000020003c6c        0x4 /Applications/Simplicity Studio.app/Contents/Eclipse/developer/toolchains/gnu_arm/4.8_2013q4/bin/../lib/gcc/arm-none-eabi/4.8.3/../../../../arm-none-eabi/lib/armv7e-m/softfp/libnosys.a(sbrk.o)
 *(COMMON)
 COMMON         0x0000000020003c70     0x18d0 ./main.o
                0x0000000020003c70                bluetooth_stack_heap
 COMMON         0x0000000020005540      0x1a8 ./src/InitDevice.o
                0x0000000020005540                decryptionKey
                0x0000000020005550                Storage_Buffer
                0x0000000020005590                aes_ctx
                0x00000000200056a8                pop_data
 COMMON         0x00000000200056e8        0xc /Applications/Simplicity Studio.app/Contents/Eclipse/developer/sdks/gecko_sdk_suite/v1.0//protocol/bluetooth_2.3/lib/EFR32BG1P/GCC/bgapi.a(uart_endpoint.c.obj)
                0x00000000200056e8                uarts
 COMMON         0x00000000200056f4        0x1 /Applications/Simplicity Studio.app/Contents/Eclipse/developer/sdks/gecko_sdk_suite/v1.0//protocol/bluetooth_2.3/lib/EFR32BG1P/GCC/bgapi.a(gpio.c.obj)
                0x00000000200056f4                gpio_events
 *fill*         0x00000000200056f5        0x3 
 COMMON         0x00000000200056f8        0x4 /Applications/Simplicity Studio.app/Contents/Eclipse/developer/toolchains/gnu_arm/4.8_2013q4/bin/../lib/gcc/arm-none-eabi/4.8.3/../../../../arm-none-eabi/lib/armv7e-m/softfp/libc.a(lib_a-reent.o)
                0x00000000200056f8                errno
                0x00000000200056fc                . = ALIGN (0x4)
                0x00000000200056fc                __bss_end__ = .

.heap           0x0000000020005700      0xc00
                0x0000000020005700                __HeapBase = .
                0x0000000020005700                __end__ = .
                0x0000000020005700                end = __end__
                0x0000000020005700                _end = __end__
 *(.heap*)
 .heap          0x0000000020005700      0xc00 ./device/EFR32_B_1_1_P/gcc/startup_efr32bg1p.o
                0x0000000020006300                __HeapLimit = .

.stack_dummy    0x0000000020006300      0x400
 *(.stack*)
 .stack         0x0000000020006300      0x400 ./device/EFR32_B_1_1_P/gcc/startup_efr32bg1p.o
                0x0000000020007bfc                __StackTop = (ORIGIN (RAM) + 0x4bfc)
                0x00000000200077fc                __StackLimit = (__StackTop - SIZEOF (.stack_dummy))
                0x0000000020007bfc                PROVIDE (__stack, __StackTop)
                0x0000000000000001                ASSERT ((__StackLimit >= __HeapLimit), region RAM overflowed with stack)
OUTPUT(Trial_SOC_TLS.axf elf32-littlearm)

.ARM.attributes
                0x0000000000000000       0x2c
 .ARM.attributes
                0x0000000000000000       0x22 /Applications/Simplicity Studio.app/Contents/Eclipse/developer/toolchains/gnu_arm/4.8_2013q4/bin/../lib/gcc/arm-none-eabi/4.8.3/armv7e-m/softfp/crti.o
 .ARM.attributes
                0x0000000000000022       0x32 /Applications/Simplicity Studio.app/Contents/Eclipse/developer/toolchains/gnu_arm/4.8_2013q4/bin/../lib/gcc/arm-none-eabi/4.8.3/armv7e-m/softfp/crtbegin.o
 .ARM.attributes
                0x0000000000000054       0x20 /Applications/Simplicity Studio.app/Contents/Eclipse/developer/toolchains/gnu_arm/4.8_2013q4/bin/../lib/gcc/arm-none-eabi/4.8.3/../../../../arm-none-eabi/lib/armv7e-m/softfp/crt0.o
 .ARM.attributes
                0x0000000000000074       0x37 ./gatt_db.o
 .ARM.attributes
                0x00000000000000ab       0x37 ./main.o
 .ARM.attributes
                0x00000000000000e2       0x37 ./bgapi/dmadrv.o
 .ARM.attributes
                0x0000000000000119       0x37 ./bgapi/em_adc.o
 .ARM.attributes
                0x0000000000000150       0x37 ./bgapi/em_ldma.o
 .ARM.attributes
                0x0000000000000187       0x37 ./bgapi/em_leuart.o
 .ARM.attributes
                0x00000000000001be       0x37 ./device/EFR32_B_1_1_P/gcc/startup_efr32bg1p.o
 .ARM.attributes
                0x00000000000001f5       0x37 ./emlib/em_cmu.o
 .ARM.attributes
                0x000000000000022c       0x37 ./emlib/em_gpio.o
 .ARM.attributes
                0x0000000000000263       0x37 ./emlib/em_i2c.o
 .ARM.attributes
                0x000000000000029a       0x37 ./emlib/em_rtcc.o
 .ARM.attributes
                0x00000000000002d1       0x37 ./emlib/em_system.o
 .ARM.attributes
                0x0000000000000308       0x37 ./emlib/em_usart.o
 .ARM.attributes
                0x000000000000033f       0x37 ./kit_flashpwr/BRD4100A/mx25flash_spi.o
 .ARM.attributes
                0x0000000000000376       0x37 ./src/InitDevice.o
 .ARM.attributes
                0x00000000000003ad       0x1c /Applications/Simplicity Studio.app/Contents/Eclipse/developer/sdks/gecko_sdk_suite/v1.0//protocol/bluetooth_2.3/lib/EFR32BG1P/EABI/binstack.o
 .ARM.attributes
                0x00000000000003c9       0x37 /Applications/Simplicity Studio.app/Contents/Eclipse/developer/sdks/gecko_sdk_suite/v1.0//protocol/bluetooth_2.3/lib/EFR32BG1P/GCC/bgapi.a(gecko_bgapi_hardware.c.obj)
 .ARM.attributes
                0x0000000000000400       0x37 /Applications/Simplicity Studio.app/Contents/Eclipse/developer/sdks/gecko_sdk_suite/v1.0//protocol/bluetooth_2.3/lib/EFR32BG1P/GCC/bgapi.a(gecko_bgapi_test.c.obj)
 .ARM.attributes
                0x0000000000000437       0x37 /Applications/Simplicity Studio.app/Contents/Eclipse/developer/sdks/gecko_sdk_suite/v1.0//protocol/bluetooth_2.3/lib/EFR32BG1P/GCC/bgapi.a(gecko_bgapi_util.c.obj)
 .ARM.attributes
                0x000000000000046e       0x37 /Applications/Simplicity Studio.app/Contents/Eclipse/developer/sdks/gecko_sdk_suite/v1.0//protocol/bluetooth_2.3/lib/EFR32BG1P/GCC/bgapi.a(gecko_bgapi_dfu.c.obj)
 .ARM.attributes
                0x00000000000004a5       0x37 /Applications/Simplicity Studio.app/Contents/Eclipse/developer/sdks/gecko_sdk_suite/v1.0//protocol/bluetooth_2.3/lib/EFR32BG1P/GCC/bgapi.a(gecko_bgapi_gap.c.obj)
 .ARM.attributes
                0x00000000000004dc       0x37 /Applications/Simplicity Studio.app/Contents/Eclipse/developer/sdks/gecko_sdk_suite/v1.0//protocol/bluetooth_2.3/lib/EFR32BG1P/GCC/bgapi.a(gecko_bgapi_gatt.c.obj)
 .ARM.attributes
                0x0000000000000513       0x37 /Applications/Simplicity Studio.app/Contents/Eclipse/developer/sdks/gecko_sdk_suite/v1.0//protocol/bluetooth_2.3/lib/EFR32BG1P/GCC/bgapi.a(gecko_bgapi_gatt_server.c.obj)
 .ARM.attributes
                0x000000000000054a       0x37 /Applications/Simplicity Studio.app/Contents/Eclipse/developer/sdks/gecko_sdk_suite/v1.0//protocol/bluetooth_2.3/lib/EFR32BG1P/GCC/bgapi.a(gecko_bgapi_flash.c.obj)
 .ARM.attributes
                0x0000000000000581       0x37 /Applications/Simplicity Studio.app/Contents/Eclipse/developer/sdks/gecko_sdk_suite/v1.0//protocol/bluetooth_2.3/lib/EFR32BG1P/GCC/bgapi.a(gecko_bgapi_sm.c.obj)
 .ARM.attributes
                0x00000000000005b8       0x37 /Applications/Simplicity Studio.app/Contents/Eclipse/developer/sdks/gecko_sdk_suite/v1.0//protocol/bluetooth_2.3/lib/EFR32BG1P/GCC/bgapi.a(gecko_bgapi_system.c.obj)
 .ARM.attributes
                0x00000000000005ef       0x37 /Applications/Simplicity Studio.app/Contents/Eclipse/developer/sdks/gecko_sdk_suite/v1.0//protocol/bluetooth_2.3/lib/EFR32BG1P/GCC/bgapi.a(gecko_bgapi_endpoint.c.obj)
 .ARM.attributes
                0x0000000000000626       0x37 /Applications/Simplicity Studio.app/Contents/Eclipse/developer/sdks/gecko_sdk_suite/v1.0//protocol/bluetooth_2.3/lib/EFR32BG1P/GCC/bgapi.a(gecko_bgapi_le_connection.c.obj)
 .ARM.attributes
                0x000000000000065d       0x37 /Applications/Simplicity Studio.app/Contents/Eclipse/developer/sdks/gecko_sdk_suite/v1.0//protocol/bluetooth_2.3/lib/EFR32BG1P/GCC/bgapi.a(bgapi_hardware_lib.c.obj)
 .ARM.attributes
                0x0000000000000694       0x37 /Applications/Simplicity Studio.app/Contents/Eclipse/developer/sdks/gecko_sdk_suite/v1.0//protocol/bluetooth_2.3/lib/EFR32BG1P/GCC/bgapi.a(bgapi_hardware.c.obj)
 .ARM.attributes
                0x00000000000006cb       0x37 /Applications/Simplicity Studio.app/Contents/Eclipse/developer/sdks/gecko_sdk_suite/v1.0//protocol/bluetooth_2.3/lib/EFR32BG1P/GCC/bgapi.a(bgapi_test_lib.c.obj)
 .ARM.attributes
                0x0000000000000702       0x37 /Applications/Simplicity Studio.app/Contents/Eclipse/developer/sdks/gecko_sdk_suite/v1.0//protocol/bluetooth_2.3/lib/EFR32BG1P/GCC/bgapi.a(bgapi_util.c.obj)
 .ARM.attributes
                0x0000000000000739       0x37 /Applications/Simplicity Studio.app/Contents/Eclipse/developer/sdks/gecko_sdk_suite/v1.0//protocol/bluetooth_2.3/lib/EFR32BG1P/GCC/bgapi.a(bgapi_dfu.c.obj)
 .ARM.attributes
                0x0000000000000770       0x37 /Applications/Simplicity Studio.app/Contents/Eclipse/developer/sdks/gecko_sdk_suite/v1.0//protocol/bluetooth_2.3/lib/EFR32BG1P/GCC/bgapi.a(bgapi_gap.c.obj)
 .ARM.attributes
                0x00000000000007a7       0x37 /Applications/Simplicity Studio.app/Contents/Eclipse/developer/sdks/gecko_sdk_suite/v1.0//protocol/bluetooth_2.3/lib/EFR32BG1P/GCC/bgapi.a(bgapi_gatt_lib.c.obj)
 .ARM.attributes
                0x00000000000007de       0x37 /Applications/Simplicity Studio.app/Contents/Eclipse/developer/sdks/gecko_sdk_suite/v1.0//protocol/bluetooth_2.3/lib/EFR32BG1P/GCC/bgapi.a(bgapi_ps.c.obj)
 .ARM.attributes
                0x0000000000000815       0x37 /Applications/Simplicity Studio.app/Contents/Eclipse/developer/sdks/gecko_sdk_suite/v1.0//protocol/bluetooth_2.3/lib/EFR32BG1P/GCC/bgapi.a(bgapi_sm.c.obj)
 .ARM.attributes
                0x000000000000084c       0x37 /Applications/Simplicity Studio.app/Contents/Eclipse/developer/sdks/gecko_sdk_suite/v1.0//protocol/bluetooth_2.3/lib/EFR32BG1P/GCC/bgapi.a(bgapi_system.c.obj)
 .ARM.attributes
                0x0000000000000883       0x37 /Applications/Simplicity Studio.app/Contents/Eclipse/developer/sdks/gecko_sdk_suite/v1.0//protocol/bluetooth_2.3/lib/EFR32BG1P/GCC/bgapi.a(bgapi_endpoint.c.obj)
 .ARM.attributes
                0x00000000000008ba       0x37 /Applications/Simplicity Studio.app/Contents/Eclipse/developer/sdks/gecko_sdk_suite/v1.0//protocol/bluetooth_2.3/lib/EFR32BG1P/GCC/bgapi.a(bgapi_le_connection.c.obj)
 .ARM.attributes
                0x00000000000008f1       0x37 /Applications/Simplicity Studio.app/Contents/Eclipse/developer/sdks/gecko_sdk_suite/v1.0//protocol/bluetooth_2.3/lib/EFR32BG1P/GCC/bgapi.a(uart_endpoint.c.obj)
 .ARM.attributes
                0x0000000000000928       0x37 /Applications/Simplicity Studio.app/Contents/Eclipse/developer/sdks/gecko_sdk_suite/v1.0//protocol/bluetooth_2.3/lib/EFR32BG1P/GCC/bgapi.a(bgapi_endpoint.c.obj)
 .ARM.attributes
                0x000000000000095f       0x37 /Applications/Simplicity Studio.app/Contents/Eclipse/developer/sdks/gecko_sdk_suite/v1.0//protocol/bluetooth_2.3/lib/EFR32BG1P/GCC/bgapi.a(adc.c.obj)
 .ARM.attributes
                0x0000000000000996       0x37 /Applications/Simplicity Studio.app/Contents/Eclipse/developer/sdks/gecko_sdk_suite/v1.0//protocol/bluetooth_2.3/lib/EFR32BG1P/GCC/bgapi.a(gpio.c.obj)
 .ARM.attributes
                0x00000000000009cd       0x37 /Applications/Simplicity Studio.app/Contents/Eclipse/developer/sdks/gecko_sdk_suite/v1.0//protocol/bluetooth_2.3/lib/EFR32BG1P/GCC/bgapi.a(i2c.c.obj)
 .ARM.attributes
                0x0000000000000a04       0x37 /Applications/Simplicity Studio.app/Contents/Eclipse/developer/sdks/gecko_sdk_suite/v1.0//protocol/bluetooth_2.3/lib/EFR32BG1P/GCC/bgapi.a(sleep_signal.c.obj)
 .ARM.attributes
                0x0000000000000a3b       0x37 /Applications/Simplicity Studio.app/Contents/Eclipse/developer/sdks/gecko_sdk_suite/v1.0//protocol/bluetooth_2.3/lib/EFR32BG1P/GCC/bgapi.a(uart.c.obj)
 .ARM.attributes
                0x0000000000000a72       0x1c /Applications/Simplicity Studio.app/Contents/Eclipse/developer/sdks/gecko_sdk_suite/v1.0//protocol/bluetooth_2.3/lib/EFR32BG1P/EABI/binbootloader.o
 .ARM.attributes
                0x0000000000000a8e       0x22 /Applications/Simplicity Studio.app/Contents/Eclipse/developer/toolchains/gnu_arm/4.8_2013q4/bin/../lib/gcc/arm-none-eabi/4.8.3/armv7e-m/softfp/libgcc.a(_aeabi_uldivmod.o)
 .ARM.attributes
                0x0000000000000ab0       0x32 /Applications/Simplicity Studio.app/Contents/Eclipse/developer/toolchains/gnu_arm/4.8_2013q4/bin/../lib/gcc/arm-none-eabi/4.8.3/armv7e-m/softfp/libgcc.a(bpabi.o)
 .ARM.attributes
                0x0000000000000ae2       0x22 /Applications/Simplicity Studio.app/Contents/Eclipse/developer/toolchains/gnu_arm/4.8_2013q4/bin/../lib/gcc/arm-none-eabi/4.8.3/armv7e-m/softfp/libgcc.a(_dvmd_tls.o)
 .ARM.attributes
                0x0000000000000b04       0x32 /Applications/Simplicity Studio.app/Contents/Eclipse/developer/toolchains/gnu_arm/4.8_2013q4/bin/../lib/gcc/arm-none-eabi/4.8.3/armv7e-m/softfp/libgcc.a(_divdi3.o)
 .ARM.attributes
                0x0000000000000b36       0x32 /Applications/Simplicity Studio.app/Contents/Eclipse/developer/toolchains/gnu_arm/4.8_2013q4/bin/../lib/gcc/arm-none-eabi/4.8.3/armv7e-m/softfp/libgcc.a(_udivdi3.o)
 .ARM.attributes
                0x0000000000000b68       0x32 /Applications/Simplicity Studio.app/Contents/Eclipse/developer/toolchains/gnu_arm/4.8_2013q4/bin/../lib/gcc/arm-none-eabi/4.8.3/../../../../arm-none-eabi/lib/armv7e-m/softfp/libc.a(lib_a-exit.o)
 .ARM.attributes
                0x0000000000000b9a       0x32 /Applications/Simplicity Studio.app/Contents/Eclipse/developer/toolchains/gnu_arm/4.8_2013q4/bin/../lib/gcc/arm-none-eabi/4.8.3/../../../../arm-none-eabi/lib/armv7e-m/softfp/libc.a(lib_a-freer.o)
 .ARM.attributes
                0x0000000000000bcc       0x32 /Applications/Simplicity Studio.app/Contents/Eclipse/developer/toolchains/gnu_arm/4.8_2013q4/bin/../lib/gcc/arm-none-eabi/4.8.3/../../../../arm-none-eabi/lib/armv7e-m/softfp/libc.a(lib_a-impure.o)
 .ARM.attributes
                0x0000000000000bfe       0x32 /Applications/Simplicity Studio.app/Contents/Eclipse/developer/toolchains/gnu_arm/4.8_2013q4/bin/../lib/gcc/arm-none-eabi/4.8.3/../../../../arm-none-eabi/lib/armv7e-m/softfp/libc.a(lib_a-init.o)
 .ARM.attributes
                0x0000000000000c30       0x32 /Applications/Simplicity Studio.app/Contents/Eclipse/developer/toolchains/gnu_arm/4.8_2013q4/bin/../lib/gcc/arm-none-eabi/4.8.3/../../../../arm-none-eabi/lib/armv7e-m/softfp/libc.a(lib_a-malloc.o)
 .ARM.attributes
                0x0000000000000c62       0x32 /Applications/Simplicity Studio.app/Contents/Eclipse/developer/toolchains/gnu_arm/4.8_2013q4/bin/../lib/gcc/arm-none-eabi/4.8.3/../../../../arm-none-eabi/lib/armv7e-m/softfp/libc.a(lib_a-mallocr.o)
 .ARM.attributes
                0x0000000000000c94       0x32 /Applications/Simplicity Studio.app/Contents/Eclipse/developer/toolchains/gnu_arm/4.8_2013q4/bin/../lib/gcc/arm-none-eabi/4.8.3/../../../../arm-none-eabi/lib/armv7e-m/softfp/libc.a(lib_a-memset.o)
 .ARM.attributes
                0x0000000000000cc6       0x32 /Applications/Simplicity Studio.app/Contents/Eclipse/developer/toolchains/gnu_arm/4.8_2013q4/bin/../lib/gcc/arm-none-eabi/4.8.3/../../../../arm-none-eabi/lib/armv7e-m/softfp/libc.a(lib_a-mlock.o)
 .ARM.attributes
                0x0000000000000cf8       0x32 /Applications/Simplicity Studio.app/Contents/Eclipse/developer/toolchains/gnu_arm/4.8_2013q4/bin/../lib/gcc/arm-none-eabi/4.8.3/../../../../arm-none-eabi/lib/armv7e-m/softfp/libc.a(lib_a-reent.o)
 .ARM.attributes
                0x0000000000000d2a       0x32 /Applications/Simplicity Studio.app/Contents/Eclipse/developer/toolchains/gnu_arm/4.8_2013q4/bin/../lib/gcc/arm-none-eabi/4.8.3/../../../../arm-none-eabi/lib/armv7e-m/softfp/libc.a(lib_a-sbrkr.o)
 .ARM.attributes
                0x0000000000000d5c       0x32 /Applications/Simplicity Studio.app/Contents/Eclipse/developer/toolchains/gnu_arm/4.8_2013q4/bin/../lib/gcc/arm-none-eabi/4.8.3/../../../../arm-none-eabi/lib/armv7e-m/softfp/libc.a(lib_a-__call_atexit.o)
 .ARM.attributes
                0x0000000000000d8e       0x32 /Applications/Simplicity Studio.app/Contents/Eclipse/developer/toolchains/gnu_arm/4.8_2013q4/bin/../lib/gcc/arm-none-eabi/4.8.3/../../../../arm-none-eabi/lib/armv7e-m/softfp/libc.a(lib_a-atexit.o)
 .ARM.attributes
                0x0000000000000dc0       0x32 /Applications/Simplicity Studio.app/Contents/Eclipse/developer/toolchains/gnu_arm/4.8_2013q4/bin/../lib/gcc/arm-none-eabi/4.8.3/../../../../arm-none-eabi/lib/armv7e-m/softfp/libc.a(lib_a-fini.o)
 .ARM.attributes
                0x0000000000000df2       0x32 /Applications/Simplicity Studio.app/Contents/Eclipse/developer/toolchains/gnu_arm/4.8_2013q4/bin/../lib/gcc/arm-none-eabi/4.8.3/../../../../arm-none-eabi/lib/armv7e-m/softfp/libc.a(lib_a-__atexit.o)
 .ARM.attributes
                0x0000000000000e24       0x32 /Applications/Simplicity Studio.app/Contents/Eclipse/developer/toolchains/gnu_arm/4.8_2013q4/bin/../lib/gcc/arm-none-eabi/4.8.3/../../../../arm-none-eabi/lib/armv7e-m/softfp/libnosys.a(sbrk.o)
 .ARM.attributes
                0x0000000000000e56       0x32 /Applications/Simplicity Studio.app/Contents/Eclipse/developer/toolchains/gnu_arm/4.8_2013q4/bin/../lib/gcc/arm-none-eabi/4.8.3/../../../../arm-none-eabi/lib/armv7e-m/softfp/libnosys.a(_exit.o)
 .ARM.attributes
                0x0000000000000e88       0x32 /Applications/Simplicity Studio.app/Contents/Eclipse/developer/toolchains/gnu_arm/4.8_2013q4/bin/../lib/gcc/arm-none-eabi/4.8.3/armv7e-m/softfp/crtend.o
 .ARM.attributes
                0x0000000000000eba       0x22 /Applications/Simplicity Studio.app/Contents/Eclipse/developer/toolchains/gnu_arm/4.8_2013q4/bin/../lib/gcc/arm-none-eabi/4.8.3/armv7e-m/softfp/crtn.o

.comment        0x0000000000000000       0xde
 .comment       0x0000000000000000       0x70 ./gatt_db.o
                                         0x71 (size before relaxing)
 .comment       0x0000000000000000       0x71 ./main.o
 .comment       0x0000000000000000       0x71 ./bgapi/dmadrv.o
 .comment       0x0000000000000000       0x71 ./bgapi/em_adc.o
 .comment       0x0000000000000000       0x71 ./bgapi/em_ldma.o
 .comment       0x0000000000000000       0x71 ./bgapi/em_leuart.o
 .comment       0x0000000000000000       0x71 ./device/EFR32_B_1_1_P/gcc/startup_efr32bg1p.o
 .comment       0x0000000000000000       0x71 ./emlib/em_cmu.o
 .comment       0x0000000000000000       0x71 ./emlib/em_gpio.o
 .comment       0x0000000000000000       0x71 ./emlib/em_i2c.o
 .comment       0x0000000000000000       0x71 ./emlib/em_rtcc.o
 .comment       0x0000000000000000       0x71 ./emlib/em_system.o
 .comment       0x0000000000000000       0x71 ./emlib/em_usart.o
 .comment       0x0000000000000000       0x71 ./kit_flashpwr/BRD4100A/mx25flash_spi.o
 .comment       0x0000000000000000       0x71 ./src/InitDevice.o
 .comment       0x0000000000000070       0x6e /Applications/Simplicity Studio.app/Contents/Eclipse/developer/sdks/gecko_sdk_suite/v1.0//protocol/bluetooth_2.3/lib/EFR32BG1P/GCC/bgapi.a(gecko_bgapi_hardware.c.obj)
                                         0x6f (size before relaxing)
 .comment       0x0000000000000000       0x6f /Applications/Simplicity Studio.app/Contents/Eclipse/developer/sdks/gecko_sdk_suite/v1.0//protocol/bluetooth_2.3/lib/EFR32BG1P/GCC/bgapi.a(gecko_bgapi_test.c.obj)
 .comment       0x0000000000000000       0x6f /Applications/Simplicity Studio.app/Contents/Eclipse/developer/sdks/gecko_sdk_suite/v1.0//protocol/bluetooth_2.3/lib/EFR32BG1P/GCC/bgapi.a(gecko_bgapi_util.c.obj)
 .comment       0x0000000000000000       0x6f /Applications/Simplicity Studio.app/Contents/Eclipse/developer/sdks/gecko_sdk_suite/v1.0//protocol/bluetooth_2.3/lib/EFR32BG1P/GCC/bgapi.a(gecko_bgapi_dfu.c.obj)
 .comment       0x0000000000000000       0x6f /Applications/Simplicity Studio.app/Contents/Eclipse/developer/sdks/gecko_sdk_suite/v1.0//protocol/bluetooth_2.3/lib/EFR32BG1P/GCC/bgapi.a(gecko_bgapi_gap.c.obj)
 .comment       0x0000000000000000       0x6f /Applications/Simplicity Studio.app/Contents/Eclipse/developer/sdks/gecko_sdk_suite/v1.0//protocol/bluetooth_2.3/lib/EFR32BG1P/GCC/bgapi.a(gecko_bgapi_gatt.c.obj)
 .comment       0x0000000000000000       0x6f /Applications/Simplicity Studio.app/Contents/Eclipse/developer/sdks/gecko_sdk_suite/v1.0//protocol/bluetooth_2.3/lib/EFR32BG1P/GCC/bgapi.a(gecko_bgapi_gatt_server.c.obj)
 .comment       0x0000000000000000       0x6f /Applications/Simplicity Studio.app/Contents/Eclipse/developer/sdks/gecko_sdk_suite/v1.0//protocol/bluetooth_2.3/lib/EFR32BG1P/GCC/bgapi.a(gecko_bgapi_flash.c.obj)
 .comment       0x0000000000000000       0x6f /Applications/Simplicity Studio.app/Contents/Eclipse/developer/sdks/gecko_sdk_suite/v1.0//protocol/bluetooth_2.3/lib/EFR32BG1P/GCC/bgapi.a(gecko_bgapi_sm.c.obj)
 .comment       0x0000000000000000       0x6f /Applications/Simplicity Studio.app/Contents/Eclipse/developer/sdks/gecko_sdk_suite/v1.0//protocol/bluetooth_2.3/lib/EFR32BG1P/GCC/bgapi.a(gecko_bgapi_system.c.obj)
 .comment       0x0000000000000000       0x6f /Applications/Simplicity Studio.app/Contents/Eclipse/developer/sdks/gecko_sdk_suite/v1.0//protocol/bluetooth_2.3/lib/EFR32BG1P/GCC/bgapi.a(gecko_bgapi_endpoint.c.obj)
 .comment       0x0000000000000000       0x6f /Applications/Simplicity Studio.app/Contents/Eclipse/developer/sdks/gecko_sdk_suite/v1.0//protocol/bluetooth_2.3/lib/EFR32BG1P/GCC/bgapi.a(gecko_bgapi_le_connection.c.obj)
 .comment       0x0000000000000000       0x6f /Applications/Simplicity Studio.app/Contents/Eclipse/developer/sdks/gecko_sdk_suite/v1.0//protocol/bluetooth_2.3/lib/EFR32BG1P/GCC/bgapi.a(bgapi_hardware_lib.c.obj)
 .comment       0x0000000000000000       0x6f /Applications/Simplicity Studio.app/Contents/Eclipse/developer/sdks/gecko_sdk_suite/v1.0//protocol/bluetooth_2.3/lib/EFR32BG1P/GCC/bgapi.a(bgapi_hardware.c.obj)
 .comment       0x0000000000000000       0x6f /Applications/Simplicity Studio.app/Contents/Eclipse/developer/sdks/gecko_sdk_suite/v1.0//protocol/bluetooth_2.3/lib/EFR32BG1P/GCC/bgapi.a(bgapi_test_lib.c.obj)
 .comment       0x0000000000000000       0x6f /Applications/Simplicity Studio.app/Contents/Eclipse/developer/sdks/gecko_sdk_suite/v1.0//protocol/bluetooth_2.3/lib/EFR32BG1P/GCC/bgapi.a(bgapi_util.c.obj)
 .comment       0x0000000000000000       0x6f /Applications/Simplicity Studio.app/Contents/Eclipse/developer/sdks/gecko_sdk_suite/v1.0//protocol/bluetooth_2.3/lib/EFR32BG1P/GCC/bgapi.a(bgapi_dfu.c.obj)
 .comment       0x0000000000000000       0x6f /Applications/Simplicity Studio.app/Contents/Eclipse/developer/sdks/gecko_sdk_suite/v1.0//protocol/bluetooth_2.3/lib/EFR32BG1P/GCC/bgapi.a(bgapi_gap.c.obj)
 .comment       0x0000000000000000       0x6f /Applications/Simplicity Studio.app/Contents/Eclipse/developer/sdks/gecko_sdk_suite/v1.0//protocol/bluetooth_2.3/lib/EFR32BG1P/GCC/bgapi.a(bgapi_gatt_lib.c.obj)
 .comment       0x0000000000000000       0x6f /Applications/Simplicity Studio.app/Contents/Eclipse/developer/sdks/gecko_sdk_suite/v1.0//protocol/bluetooth_2.3/lib/EFR32BG1P/GCC/bgapi.a(bgapi_ps.c.obj)
 .comment       0x0000000000000000       0x6f /Applications/Simplicity Studio.app/Contents/Eclipse/developer/sdks/gecko_sdk_suite/v1.0//protocol/bluetooth_2.3/lib/EFR32BG1P/GCC/bgapi.a(bgapi_sm.c.obj)
 .comment       0x0000000000000000       0x6f /Applications/Simplicity Studio.app/Contents/Eclipse/developer/sdks/gecko_sdk_suite/v1.0//protocol/bluetooth_2.3/lib/EFR32BG1P/GCC/bgapi.a(bgapi_system.c.obj)
 .comment       0x0000000000000000       0x6f /Applications/Simplicity Studio.app/Contents/Eclipse/developer/sdks/gecko_sdk_suite/v1.0//protocol/bluetooth_2.3/lib/EFR32BG1P/GCC/bgapi.a(bgapi_endpoint.c.obj)
 .comment       0x0000000000000000       0x6f /Applications/Simplicity Studio.app/Contents/Eclipse/developer/sdks/gecko_sdk_suite/v1.0//protocol/bluetooth_2.3/lib/EFR32BG1P/GCC/bgapi.a(bgapi_le_connection.c.obj)
 .comment       0x0000000000000000       0x6f /Applications/Simplicity Studio.app/Contents/Eclipse/developer/sdks/gecko_sdk_suite/v1.0//protocol/bluetooth_2.3/lib/EFR32BG1P/GCC/bgapi.a(uart_endpoint.c.obj)
 .comment       0x0000000000000000       0x6f /Applications/Simplicity Studio.app/Contents/Eclipse/developer/sdks/gecko_sdk_suite/v1.0//protocol/bluetooth_2.3/lib/EFR32BG1P/GCC/bgapi.a(bgapi_endpoint.c.obj)
 .comment       0x0000000000000000       0x6f /Applications/Simplicity Studio.app/Contents/Eclipse/developer/sdks/gecko_sdk_suite/v1.0//protocol/bluetooth_2.3/lib/EFR32BG1P/GCC/bgapi.a(adc.c.obj)
 .comment       0x0000000000000000       0x6f /Applications/Simplicity Studio.app/Contents/Eclipse/developer/sdks/gecko_sdk_suite/v1.0//protocol/bluetooth_2.3/lib/EFR32BG1P/GCC/bgapi.a(gpio.c.obj)
 .comment       0x0000000000000000       0x6f /Applications/Simplicity Studio.app/Contents/Eclipse/developer/sdks/gecko_sdk_suite/v1.0//protocol/bluetooth_2.3/lib/EFR32BG1P/GCC/bgapi.a(i2c.c.obj)
 .comment       0x0000000000000000       0x6f /Applications/Simplicity Studio.app/Contents/Eclipse/developer/sdks/gecko_sdk_suite/v1.0//protocol/bluetooth_2.3/lib/EFR32BG1P/GCC/bgapi.a(sleep_signal.c.obj)
 .comment       0x0000000000000000       0x6f /Applications/Simplicity Studio.app/Contents/Eclipse/developer/sdks/gecko_sdk_suite/v1.0//protocol/bluetooth_2.3/lib/EFR32BG1P/GCC/bgapi.a(uart.c.obj)

.debug_info     0x0000000000000000    0x188ab
 .debug_info    0x0000000000000000      0x54e ./gatt_db.o
 .debug_info    0x000000000000054e     0x4e8c ./main.o
 .debug_info    0x00000000000053da     0x1833 ./bgapi/dmadrv.o
 .debug_info    0x0000000000006c0d     0x1c71 ./bgapi/em_adc.o
 .debug_info    0x000000000000887e     0x1268 ./bgapi/em_ldma.o
 .debug_info    0x0000000000009ae6      0xa32 ./bgapi/em_leuart.o
 .debug_info    0x000000000000a518      0x1ae ./device/EFR32_B_1_1_P/gcc/startup_efr32bg1p.o
 .debug_info    0x000000000000a6c6     0x3082 ./emlib/em_cmu.o
 .debug_info    0x000000000000d748      0xea7 ./emlib/em_gpio.o
 .debug_info    0x000000000000e5ef      0xa19 ./emlib/em_i2c.o
 .debug_info    0x000000000000f008      0x6c9 ./emlib/em_rtcc.o
 .debug_info    0x000000000000f6d1      0x24c ./emlib/em_system.o
 .debug_info    0x000000000000f91d     0x11aa ./emlib/em_usart.o
 .debug_info    0x0000000000010ac7     0x522f ./kit_flashpwr/BRD4100A/mx25flash_spi.o
 .debug_info    0x0000000000015cf6     0x2bb5 ./src/InitDevice.o

.debug_abbrev   0x0000000000000000     0x2afc
 .debug_abbrev  0x0000000000000000       0xbd ./gatt_db.o
 .debug_abbrev  0x00000000000000bd      0x30f ./main.o
 .debug_abbrev  0x00000000000003cc      0x3ab ./bgapi/dmadrv.o
 .debug_abbrev  0x0000000000000777      0x33c ./bgapi/em_adc.o
 .debug_abbrev  0x0000000000000ab3      0x392 ./bgapi/em_ldma.o
 .debug_abbrev  0x0000000000000e45      0x2e6 ./bgapi/em_leuart.o
 .debug_abbrev  0x000000000000112b      0x104 ./device/EFR32_B_1_1_P/gcc/startup_efr32bg1p.o
 .debug_abbrev  0x000000000000122f      0x459 ./emlib/em_cmu.o
 .debug_abbrev  0x0000000000001688      0x2d4 ./emlib/em_gpio.o
 .debug_abbrev  0x000000000000195c      0x362 ./emlib/em_i2c.o
 .debug_abbrev  0x0000000000001cbe      0x1e2 ./emlib/em_rtcc.o
 .debug_abbrev  0x0000000000001ea0      0x109 ./emlib/em_system.o
 .debug_abbrev  0x0000000000001fa9      0x372 ./emlib/em_usart.o
 .debug_abbrev  0x000000000000231b      0x44c ./kit_flashpwr/BRD4100A/mx25flash_spi.o
 .debug_abbrev  0x0000000000002767      0x395 ./src/InitDevice.o

.debug_aranges  0x0000000000000000      0x770
 .debug_aranges
                0x0000000000000000       0x18 ./gatt_db.o
 .debug_aranges
                0x0000000000000018       0x20 ./main.o
 .debug_aranges
                0x0000000000000038       0xa0 ./bgapi/dmadrv.o
 .debug_aranges
                0x00000000000000d8       0x70 ./bgapi/em_adc.o
 .debug_aranges
                0x0000000000000148       0x50 ./bgapi/em_ldma.o
 .debug_aranges
                0x0000000000000198       0x80 ./bgapi/em_leuart.o
 .debug_aranges
                0x0000000000000218       0x28 ./device/EFR32_B_1_1_P/gcc/startup_efr32bg1p.o
 .debug_aranges
                0x0000000000000240      0x108 ./emlib/em_cmu.o
 .debug_aranges
                0x0000000000000348       0x48 ./emlib/em_gpio.o
 .debug_aranges
                0x0000000000000390       0x50 ./emlib/em_i2c.o
 .debug_aranges
                0x00000000000003e0       0x40 ./emlib/em_rtcc.o
 .debug_aranges
                0x0000000000000420       0x28 ./emlib/em_system.o
 .debug_aranges
                0x0000000000000448       0xb8 ./emlib/em_usart.o
 .debug_aranges
                0x0000000000000500      0x198 ./kit_flashpwr/BRD4100A/mx25flash_spi.o
 .debug_aranges